 ===============================================================================
              TRACMASS Lagrangian off-line particle tracking 
 ===============================================================================
 
 Start date  : 2026-03-18
 Start time  : 12:32:04
 
 -------------------------------------------------------------------------------
 
 Model information:
 Project code  : project_1m_RAPID/eORCA0
 Case name     : eORCA025_04_1997_25_1m
 Namelist file : /tmp/tracmass_1997_04_2658293/project_1m_RAPID/eORCA025/eORCA025_files/1997/namelist_eORCA025_04_1997_25_1m.in
 
 -------------------------------------------------------------------------------
 
 Configuration options:
  - Forward in time (nff = 1)
  - A subdomain has been choosen
      i index:   737 - 1185 
      j index:   694 - 1127 
  - Three-dimensional trajectories (vertical fluxes computed)
  - Evaluate the value of these tracers along the trajectories:
     1- mld (m) 
     2- q (wm-2) 
     3- temp (degC) 
     4- sal (gkg-1) 
 
 -------------------------------------------------------------------------------
 
 imindom:         738 jmindom:         695 imt:         449 jmt:         434
 Output information:
 Directory for output files : /dssgfs01/scratch/emdh1n25/project_1m_RAPID/eORCA025/eORCA025_output/1997/
 Prefix for output files    : ORCA025_NPD_04_1997_25_1m
 
 -------------------------------------------------------------------------------
 
 Start date in model-time     : 1997-04-01 00:00
 End date in model-time       : 2022-03-01 00:00
 Length of run in timesteps   :    300
 Number of seeding timesteps  :      1
 Time integration scheme      : regular time step scheme
 Steps between two GCM fields :    100
 
 -------------------------------------------------------------------------------
 t-step        run        out        err        tot                 model date
 -------------------------------------------------------------------------------
      1 |    78432 |        0 |        0 |    78432 |   1997-04-01    00:00:00
      2 |    70453 |     7979 |        0 |    78432 |   1997-05-01    00:00:00
      3 |    58372 |    20060 |        0 |    78432 |   1997-06-01    00:00:00
      4 |    50327 |    28105 |        0 |    78432 |   1997-07-01    00:00:00
      5 |    45824 |    32608 |        0 |    78432 |   1997-08-01    00:00:00
      6 |    43429 |    35003 |        0 |    78432 |   1997-09-01    00:00:00
      7 |    41310 |    37122 |        0 |    78432 |   1997-10-01    00:00:00
      8 |    39438 |    38994 |        0 |    78432 |   1997-11-01    00:00:00
      9 |    37784 |    40648 |        0 |    78432 |   1997-12-01    00:00:00
     10 |    36577 |    41855 |        0 |    78432 |   1998-01-01    00:00:00
     11 |    35728 |    42704 |        0 |    78432 |   1998-02-01    00:00:00
     12 |    35043 |    43389 |        0 |    78432 |   1998-03-01    00:00:00
     13 |    34534 |    43898 |        0 |    78432 |   1998-04-01    00:00:00
     14 |    34060 |    44372 |        0 |    78432 |   1998-05-01    00:00:00
     15 |    33433 |    44999 |        0 |    78432 |   1998-06-01    00:00:00
     16 |    32903 |    45529 |        0 |    78432 |   1998-07-01    00:00:00
     17 |    32527 |    45905 |        0 |    78432 |   1998-08-01    00:00:00
     18 |    32088 |    46344 |        0 |    78432 |   1998-09-01    00:00:00
     19 |    31682 |    46750 |        0 |    78432 |   1998-10-01    00:00:00
     20 |    31078 |    47354 |        0 |    78432 |   1998-11-01    00:00:00
     21 |    30679 |    47753 |        0 |    78432 |   1998-12-01    00:00:00
     22 |    30358 |    48074 |        0 |    78432 |   1999-01-01    00:00:00
     23 |    29946 |    48486 |        0 |    78432 |   1999-02-01    00:00:00
     24 |    29437 |    48995 |        0 |    78432 |   1999-03-01    00:00:00
     25 |    28922 |    49510 |        0 |    78432 |   1999-04-01    00:00:00
     26 |    28325 |    50107 |        0 |    78432 |   1999-05-01    00:00:00
     27 |    27788 |    50644 |        0 |    78432 |   1999-06-01    00:00:00
     28 |    27371 |    51061 |        0 |    78432 |   1999-07-01    00:00:00
     29 |    27057 |    51375 |        0 |    78432 |   1999-08-01    00:00:00
     30 |    26651 |    51781 |        0 |    78432 |   1999-09-01    00:00:00
     31 |    26250 |    52182 |        0 |    78432 |   1999-10-01    00:00:00
     32 |    25922 |    52510 |        0 |    78432 |   1999-11-01    00:00:00
     33 |    25586 |    52846 |        0 |    78432 |   1999-12-01    00:00:00
     34 |    25261 |    53171 |        0 |    78432 |   2000-01-01    00:00:00
     35 |    24914 |    53518 |        0 |    78432 |   2000-02-01    00:00:00
     36 |    24561 |    53871 |        0 |    78432 |   2000-03-01    00:00:00
     37 |    24270 |    54162 |        0 |    78432 |   2000-04-01    00:00:00
     38 |    24034 |    54398 |        0 |    78432 |   2000-05-01    00:00:00
     39 |    23773 |    54659 |        0 |    78432 |   2000-06-01    00:00:00
     40 |    23487 |    54945 |        0 |    78432 |   2000-07-01    00:00:00
     41 |    23250 |    55182 |        0 |    78432 |   2000-08-01    00:00:00
     42 |    23043 |    55389 |        0 |    78432 |   2000-09-01    00:00:00
     43 |    22836 |    55596 |        0 |    78432 |   2000-10-01    00:00:00
     44 |    22638 |    55794 |        0 |    78432 |   2000-11-01    00:00:00
     45 |    22469 |    55963 |        0 |    78432 |   2000-12-01    00:00:00
     46 |    22324 |    56108 |        0 |    78432 |   2001-01-01    00:00:00
     47 |    22207 |    56225 |        0 |    78432 |   2001-02-01    00:00:00
     48 |    22088 |    56344 |        0 |    78432 |   2001-03-01    00:00:00
     49 |    21947 |    56485 |        0 |    78432 |   2001-04-01    00:00:00
     50 |    21806 |    56626 |        0 |    78432 |   2001-05-01    00:00:00
     51 |    21644 |    56788 |        0 |    78432 |   2001-06-01    00:00:00
     52 |    21439 |    56993 |        0 |    78432 |   2001-07-01    00:00:00
     53 |    21260 |    57172 |        0 |    78432 |   2001-08-01    00:00:00
     54 |    21106 |    57326 |        0 |    78432 |   2001-09-01    00:00:00
     55 |    20978 |    57454 |        0 |    78432 |   2001-10-01    00:00:00
     56 |    20837 |    57595 |        0 |    78432 |   2001-11-01    00:00:00
     57 |    20679 |    57753 |        0 |    78432 |   2001-12-01    00:00:00
     58 |    20503 |    57929 |        0 |    78432 |   2002-01-01    00:00:00
     59 |    20359 |    58073 |        0 |    78432 |   2002-02-01    00:00:00
     60 |    20197 |    58235 |        0 |    78432 |   2002-03-01    00:00:00
     61 |    19978 |    58454 |        0 |    78432 |   2002-04-01    00:00:00
     62 |    19756 |    58676 |        0 |    78432 |   2002-05-01    00:00:00
     63 |    19598 |    58834 |        0 |    78432 |   2002-06-01    00:00:00
     64 |    19453 |    58979 |        0 |    78432 |   2002-07-01    00:00:00
     65 |    19320 |    59112 |        0 |    78432 |   2002-08-01    00:00:00
     66 |    19164 |    59268 |        0 |    78432 |   2002-09-01    00:00:00
     67 |    19042 |    59390 |        0 |    78432 |   2002-10-01    00:00:00
     68 |    18910 |    59522 |        0 |    78432 |   2002-11-01    00:00:00
     69 |    18777 |    59655 |        0 |    78432 |   2002-12-01    00:00:00
     70 |    18637 |    59795 |        0 |    78432 |   2003-01-01    00:00:00
     71 |    18503 |    59929 |        0 |    78432 |   2003-02-01    00:00:00
     72 |    18355 |    60077 |        0 |    78432 |   2003-03-01    00:00:00
     73 |    18195 |    60237 |        0 |    78432 |   2003-04-01    00:00:00
     74 |    18062 |    60370 |        0 |    78432 |   2003-05-01    00:00:00
     75 |    17933 |    60499 |        0 |    78432 |   2003-06-01    00:00:00
     76 |    17812 |    60620 |        0 |    78432 |   2003-07-01    00:00:00
     77 |    17683 |    60749 |        0 |    78432 |   2003-08-01    00:00:00
     78 |    17532 |    60900 |        0 |    78432 |   2003-09-01    00:00:00
     79 |    17399 |    61033 |        0 |    78432 |   2003-10-01    00:00:00
     80 |    17252 |    61180 |        0 |    78432 |   2003-11-01    00:00:00
     81 |    17144 |    61288 |        0 |    78432 |   2003-12-01    00:00:00
     82 |    17030 |    61402 |        0 |    78432 |   2004-01-01    00:00:00
     83 |    16930 |    61502 |        0 |    78432 |   2004-02-01    00:00:00
     84 |    16785 |    61647 |        0 |    78432 |   2004-03-01    00:00:00
     85 |    16650 |    61782 |        0 |    78432 |   2004-04-01    00:00:00
     86 |    16491 |    61941 |        0 |    78432 |   2004-05-01    00:00:00
     87 |    16370 |    62062 |        0 |    78432 |   2004-06-01    00:00:00
     88 |    16254 |    62178 |        0 |    78432 |   2004-07-01    00:00:00
     89 |    16143 |    62289 |        0 |    78432 |   2004-08-01    00:00:00
     90 |    16035 |    62397 |        0 |    78432 |   2004-09-01    00:00:00
     91 |    15905 |    62527 |        0 |    78432 |   2004-10-01    00:00:00
     92 |    15791 |    62641 |        0 |    78432 |   2004-11-01    00:00:00
     93 |    15689 |    62743 |        0 |    78432 |   2004-12-01    00:00:00
     94 |    15545 |    62887 |        0 |    78432 |   2005-01-01    00:00:00
     95 |    15426 |    63006 |        0 |    78432 |   2005-02-01    00:00:00
     96 |    15327 |    63105 |        0 |    78432 |   2005-03-01    00:00:00
     97 |    15222 |    63210 |        0 |    78432 |   2005-04-01    00:00:00
     98 |    15147 |    63285 |        0 |    78432 |   2005-05-01    00:00:00
     99 |    15024 |    63408 |        0 |    78432 |   2005-06-01    00:00:00
    100 |    14935 |    63497 |        0 |    78432 |   2005-07-01    00:00:00
    101 |    14840 |    63592 |        0 |    78432 |   2005-08-01    00:00:00
    102 |    14765 |    63667 |        0 |    78432 |   2005-09-01    00:00:00
    103 |    14664 |    63768 |        0 |    78432 |   2005-10-01    00:00:00
    104 |    14570 |    63862 |        0 |    78432 |   2005-11-01    00:00:00
    105 |    14469 |    63963 |        0 |    78432 |   2005-12-01    00:00:00
    106 |    14367 |    64065 |        0 |    78432 |   2006-01-01    00:00:00
    107 |    14258 |    64174 |        0 |    78432 |   2006-02-01    00:00:00
    108 |    14165 |    64267 |        0 |    78432 |   2006-03-01    00:00:00
    109 |    14078 |    64354 |        0 |    78432 |   2006-04-01    00:00:00
    110 |    14002 |    64430 |        0 |    78432 |   2006-05-01    00:00:00
    111 |    13924 |    64508 |        0 |    78432 |   2006-06-01    00:00:00
    112 |    13859 |    64573 |        0 |    78432 |   2006-07-01    00:00:00
    113 |    13787 |    64645 |        0 |    78432 |   2006-08-01    00:00:00
    114 |    13720 |    64712 |        0 |    78432 |   2006-09-01    00:00:00
    115 |    13654 |    64778 |        0 |    78432 |   2006-10-01    00:00:00
    116 |    13583 |    64849 |        0 |    78432 |   2006-11-01    00:00:00
    117 |    13502 |    64930 |        0 |    78432 |   2006-12-01    00:00:00
    118 |    13427 |    65005 |        0 |    78432 |   2007-01-01    00:00:00
    119 |    13353 |    65079 |        0 |    78432 |   2007-02-01    00:00:00
    120 |    13274 |    65158 |        0 |    78432 |   2007-03-01    00:00:00
    121 |    13195 |    65237 |        0 |    78432 |   2007-04-01    00:00:00
    122 |    13131 |    65301 |        0 |    78432 |   2007-05-01    00:00:00
    123 |    13057 |    65375 |        0 |    78432 |   2007-06-01    00:00:00
    124 |    12982 |    65450 |        0 |    78432 |   2007-07-01    00:00:00
    125 |    12925 |    65507 |        0 |    78432 |   2007-08-01    00:00:00
    126 |    12869 |    65563 |        0 |    78432 |   2007-09-01    00:00:00
    127 |    12815 |    65617 |        0 |    78432 |   2007-10-01    00:00:00
    128 |    12749 |    65683 |        0 |    78432 |   2007-11-01    00:00:00
    129 |    12670 |    65762 |        0 |    78432 |   2007-12-01    00:00:00
    130 |    12608 |    65824 |        0 |    78432 |   2008-01-01    00:00:00
    131 |    12544 |    65888 |        0 |    78432 |   2008-02-01    00:00:00
    132 |    12487 |    65945 |        0 |    78432 |   2008-03-01    00:00:00
    133 |    12418 |    66014 |        0 |    78432 |   2008-04-01    00:00:00
    134 |    12381 |    66051 |        0 |    78432 |   2008-05-01    00:00:00
    135 |    12322 |    66110 |        0 |    78432 |   2008-06-01    00:00:00
    136 |    12266 |    66166 |        0 |    78432 |   2008-07-01    00:00:00
    137 |    12219 |    66213 |        0 |    78432 |   2008-08-01    00:00:00
    138 |    12164 |    66268 |        0 |    78432 |   2008-09-01    00:00:00
    139 |    12109 |    66323 |        0 |    78432 |   2008-10-01    00:00:00
    140 |    12051 |    66381 |        0 |    78432 |   2008-11-01    00:00:00
    141 |    11981 |    66451 |        0 |    78432 |   2008-12-01    00:00:00
    142 |    11916 |    66516 |        0 |    78432 |   2009-01-01    00:00:00
    143 |    11861 |    66571 |        0 |    78432 |   2009-02-01    00:00:00
    144 |    11821 |    66611 |        0 |    78432 |   2009-03-01    00:00:00
    145 |    11767 |    66665 |        0 |    78432 |   2009-04-01    00:00:00
    146 |    11709 |    66723 |        0 |    78432 |   2009-05-01    00:00:00
    147 |    11661 |    66771 |        0 |    78432 |   2009-06-01    00:00:00
    148 |    11621 |    66811 |        0 |    78432 |   2009-07-01    00:00:00
    149 |    11584 |    66848 |        0 |    78432 |   2009-08-01    00:00:00
    150 |    11534 |    66898 |        0 |    78432 |   2009-09-01    00:00:00
    151 |    11473 |    66959 |        0 |    78432 |   2009-10-01    00:00:00
    152 |    11428 |    67004 |        0 |    78432 |   2009-11-01    00:00:00
    153 |    11372 |    67060 |        0 |    78432 |   2009-12-01    00:00:00
    154 |    11309 |    67123 |        0 |    78432 |   2010-01-01    00:00:00
    155 |    11254 |    67178 |        0 |    78432 |   2010-02-01    00:00:00
    156 |    11208 |    67224 |        0 |    78432 |   2010-03-01    00:00:00
    157 |    11167 |    67265 |        0 |    78432 |   2010-04-01    00:00:00
    158 |    11116 |    67316 |        0 |    78432 |   2010-05-01    00:00:00
    159 |    11072 |    67360 |        0 |    78432 |   2010-06-01    00:00:00
    160 |    11022 |    67410 |        0 |    78432 |   2010-07-01    00:00:00
    161 |    10976 |    67456 |        0 |    78432 |   2010-08-01    00:00:00
    162 |    10929 |    67503 |        0 |    78432 |   2010-09-01    00:00:00
    163 |    10877 |    67555 |        0 |    78432 |   2010-10-01    00:00:00
    164 |    10843 |    67589 |        0 |    78432 |   2010-11-01    00:00:00
    165 |    10795 |    67637 |        0 |    78432 |   2010-12-01    00:00:00
    166 |    10750 |    67682 |        0 |    78432 |   2011-01-01    00:00:00
    167 |    10698 |    67734 |        0 |    78432 |   2011-02-01    00:00:00
    168 |    10657 |    67775 |        0 |    78432 |   2011-03-01    00:00:00
    169 |    10632 |    67800 |        0 |    78432 |   2011-04-01    00:00:00
    170 |    10603 |    67829 |        0 |    78432 |   2011-05-01    00:00:00
    171 |    10561 |    67871 |        0 |    78432 |   2011-06-01    00:00:00
    172 |    10515 |    67917 |        0 |    78432 |   2011-07-01    00:00:00
    173 |    10479 |    67953 |        0 |    78432 |   2011-08-01    00:00:00
    174 |    10451 |    67981 |        0 |    78432 |   2011-09-01    00:00:00
    175 |    10419 |    68013 |        0 |    78432 |   2011-10-01    00:00:00
    176 |    10386 |    68046 |        0 |    78432 |   2011-11-01    00:00:00
    177 |    10345 |    68087 |        0 |    78432 |   2011-12-01    00:00:00
    178 |    10303 |    68129 |        0 |    78432 |   2012-01-01    00:00:00
    179 |    10264 |    68168 |        0 |    78432 |   2012-02-01    00:00:00
    180 |    10225 |    68207 |        0 |    78432 |   2012-03-01    00:00:00
    181 |    10188 |    68244 |        0 |    78432 |   2012-04-01    00:00:00
    182 |    10160 |    68272 |        0 |    78432 |   2012-05-01    00:00:00
    183 |    10128 |    68304 |        0 |    78432 |   2012-06-01    00:00:00
    184 |    10087 |    68345 |        0 |    78432 |   2012-07-01    00:00:00
    185 |    10048 |    68384 |        0 |    78432 |   2012-08-01    00:00:00
    186 |    10018 |    68414 |        0 |    78432 |   2012-09-01    00:00:00
    187 |     9984 |    68448 |        0 |    78432 |   2012-10-01    00:00:00
    188 |     9946 |    68486 |        0 |    78432 |   2012-11-01    00:00:00
    189 |     9901 |    68531 |        0 |    78432 |   2012-12-01    00:00:00
    190 |     9860 |    68572 |        0 |    78432 |   2013-01-01    00:00:00
    191 |     9822 |    68610 |        0 |    78432 |   2013-02-01    00:00:00
    192 |     9792 |    68640 |        0 |    78432 |   2013-03-01    00:00:00
    193 |     9752 |    68680 |        0 |    78432 |   2013-04-01    00:00:00
    194 |     9715 |    68717 |        0 |    78432 |   2013-05-01    00:00:00
    195 |     9673 |    68759 |        0 |    78432 |   2013-06-01    00:00:00
    196 |     9634 |    68798 |        0 |    78432 |   2013-07-01    00:00:00
    197 |     9600 |    68832 |        0 |    78432 |   2013-08-01    00:00:00
    198 |     9570 |    68862 |        0 |    78432 |   2013-09-01    00:00:00
    199 |     9535 |    68897 |        0 |    78432 |   2013-10-01    00:00:00
    200 |     9510 |    68922 |        0 |    78432 |   2013-11-01    00:00:00
    201 |     9478 |    68954 |        0 |    78432 |   2013-12-01    00:00:00
    202 |     9447 |    68985 |        0 |    78432 |   2014-01-01    00:00:00
    203 |     9421 |    69011 |        0 |    78432 |   2014-02-01    00:00:00
    204 |     9395 |    69037 |        0 |    78432 |   2014-03-01    00:00:00
    205 |     9366 |    69066 |        0 |    78432 |   2014-04-01    00:00:00
    206 |     9337 |    69095 |        0 |    78432 |   2014-05-01    00:00:00
    207 |     9307 |    69125 |        0 |    78432 |   2014-06-01    00:00:00
    208 |     9280 |    69152 |        0 |    78432 |   2014-07-01    00:00:00
    209 |     9262 |    69170 |        0 |    78432 |   2014-08-01    00:00:00
    210 |     9233 |    69199 |        0 |    78432 |   2014-09-01    00:00:00
    211 |     9207 |    69225 |        0 |    78432 |   2014-10-01    00:00:00
    212 |     9184 |    69248 |        0 |    78432 |   2014-11-01    00:00:00
    213 |     9151 |    69281 |        0 |    78432 |   2014-12-01    00:00:00
    214 |     9128 |    69304 |        0 |    78432 |   2015-01-01    00:00:00
    215 |     9102 |    69330 |        0 |    78432 |   2015-02-01    00:00:00
    216 |     9086 |    69346 |        0 |    78432 |   2015-03-01    00:00:00
    217 |     9054 |    69378 |        0 |    78432 |   2015-04-01    00:00:00
    218 |     9040 |    69392 |        0 |    78432 |   2015-05-01    00:00:00
    219 |     9020 |    69412 |        0 |    78432 |   2015-06-01    00:00:00
    220 |     9000 |    69432 |        0 |    78432 |   2015-07-01    00:00:00
    221 |     8978 |    69454 |        0 |    78432 |   2015-08-01    00:00:00
    222 |     8968 |    69464 |        0 |    78432 |   2015-09-01    00:00:00
    223 |     8942 |    69490 |        0 |    78432 |   2015-10-01    00:00:00
    224 |     8925 |    69507 |        0 |    78432 |   2015-11-01    00:00:00
    225 |     8899 |    69533 |        0 |    78432 |   2015-12-01    00:00:00
    226 |     8881 |    69551 |        0 |    78432 |   2016-01-01    00:00:00
    227 |     8860 |    69572 |        0 |    78432 |   2016-02-01    00:00:00
    228 |     8831 |    69601 |        0 |    78432 |   2016-03-01    00:00:00
    229 |     8816 |    69616 |        0 |    78432 |   2016-04-01    00:00:00
    230 |     8800 |    69632 |        0 |    78432 |   2016-05-01    00:00:00
    231 |     8777 |    69655 |        0 |    78432 |   2016-06-01    00:00:00
    232 |     8753 |    69679 |        0 |    78432 |   2016-07-01    00:00:00
    233 |     8725 |    69707 |        0 |    78432 |   2016-08-01    00:00:00
    234 |     8706 |    69726 |        0 |    78432 |   2016-09-01    00:00:00
    235 |     8681 |    69751 |        0 |    78432 |   2016-10-01    00:00:00
    236 |     8662 |    69770 |        0 |    78432 |   2016-11-01    00:00:00
    237 |     8641 |    69791 |        0 |    78432 |   2016-12-01    00:00:00
    238 |     8616 |    69816 |        0 |    78432 |   2017-01-01    00:00:00
    239 |     8587 |    69845 |        0 |    78432 |   2017-02-01    00:00:00
    240 |     8560 |    69872 |        0 |    78432 |   2017-03-01    00:00:00
    241 |     8542 |    69890 |        0 |    78432 |   2017-04-01    00:00:00
    242 |     8521 |    69911 |        0 |    78432 |   2017-05-01    00:00:00
    243 |     8513 |    69919 |        0 |    78432 |   2017-06-01    00:00:00
    244 |     8495 |    69937 |        0 |    78432 |   2017-07-01    00:00:00
    245 |     8480 |    69952 |        0 |    78432 |   2017-08-01    00:00:00
    246 |     8464 |    69968 |        0 |    78432 |   2017-09-01    00:00:00
    247 |     8448 |    69984 |        0 |    78432 |   2017-10-01    00:00:00
    248 |     8431 |    70001 |        0 |    78432 |   2017-11-01    00:00:00
    249 |     8405 |    70027 |        0 |    78432 |   2017-12-01    00:00:00
    250 |     8389 |    70043 |        0 |    78432 |   2018-01-01    00:00:00
    251 |     8365 |    70067 |        0 |    78432 |   2018-02-01    00:00:00
    252 |     8351 |    70081 |        0 |    78432 |   2018-03-01    00:00:00
    253 |     8337 |    70095 |        0 |    78432 |   2018-04-01    00:00:00
    254 |     8318 |    70114 |        0 |    78432 |   2018-05-01    00:00:00
    255 |     8298 |    70134 |        0 |    78432 |   2018-06-01    00:00:00
    256 |     8276 |    70156 |        0 |    78432 |   2018-07-01    00:00:00
    257 |     8257 |    70175 |        0 |    78432 |   2018-08-01    00:00:00
    258 |     8231 |    70201 |        0 |    78432 |   2018-09-01    00:00:00
    259 |     8212 |    70220 |        0 |    78432 |   2018-10-01    00:00:00
    260 |     8185 |    70247 |        0 |    78432 |   2018-11-01    00:00:00
    261 |     8164 |    70268 |        0 |    78432 |   2018-12-01    00:00:00
    262 |     8147 |    70285 |        0 |    78432 |   2019-01-01    00:00:00
    263 |     8130 |    70302 |        0 |    78432 |   2019-02-01    00:00:00
    264 |     8120 |    70312 |        0 |    78432 |   2019-03-01    00:00:00
    265 |     8103 |    70329 |        0 |    78432 |   2019-04-01    00:00:00
    266 |     8087 |    70345 |        0 |    78432 |   2019-05-01    00:00:00
    267 |     8069 |    70363 |        0 |    78432 |   2019-06-01    00:00:00
    268 |     8046 |    70386 |        0 |    78432 |   2019-07-01    00:00:00
    269 |     8027 |    70405 |        0 |    78432 |   2019-08-01    00:00:00
    270 |     8010 |    70422 |        0 |    78432 |   2019-09-01    00:00:00
    271 |     7994 |    70438 |        0 |    78432 |   2019-10-01    00:00:00
    272 |     7985 |    70447 |        0 |    78432 |   2019-11-01    00:00:00
    273 |     7973 |    70459 |        0 |    78432 |   2019-12-01    00:00:00
    274 |     7957 |    70475 |        0 |    78432 |   2020-01-01    00:00:00
    275 |     7945 |    70487 |        0 |    78432 |   2020-02-01    00:00:00
    276 |     7927 |    70505 |        0 |    78432 |   2020-03-01    00:00:00
    277 |     7914 |    70518 |        0 |    78432 |   2020-04-01    00:00:00
    278 |     7891 |    70541 |        0 |    78432 |   2020-05-01    00:00:00
    279 |     7868 |    70564 |        0 |    78432 |   2020-06-01    00:00:00
    280 |     7854 |    70578 |        0 |    78432 |   2020-07-01    00:00:00
    281 |     7836 |    70596 |        0 |    78432 |   2020-08-01    00:00:00
    282 |     7823 |    70609 |        0 |    78432 |   2020-09-01    00:00:00
    283 |     7810 |    70622 |        0 |    78432 |   2020-10-01    00:00:00
    284 |     7800 |    70632 |        0 |    78432 |   2020-11-01    00:00:00
    285 |     7793 |    70639 |        0 |    78432 |   2020-12-01    00:00:00
    286 |     7773 |    70659 |        0 |    78432 |   2021-01-01    00:00:00
    287 |     7756 |    70676 |        0 |    78432 |   2021-02-01    00:00:00
    288 |     7742 |    70690 |        0 |    78432 |   2021-03-01    00:00:00
    289 |     7731 |    70701 |        0 |    78432 |   2021-04-01    00:00:00
    290 |     7720 |    70712 |        0 |    78432 |   2021-05-01    00:00:00
    291 |     7706 |    70726 |        0 |    78432 |   2021-06-01    00:00:00
    292 |     7694 |    70738 |        0 |    78432 |   2021-07-01    00:00:00
    293 |     7687 |    70745 |        0 |    78432 |   2021-08-01    00:00:00
    294 |     7673 |    70759 |        0 |    78432 |   2021-09-01    00:00:00
    295 |     7661 |    70771 |        0 |    78432 |   2021-10-01    00:00:00
    296 |     7646 |    70786 |        0 |    78432 |   2021-11-01    00:00:00
    297 |     7630 |    70802 |        0 |    78432 |   2021-12-01    00:00:00
    298 |     7608 |    70824 |        0 |    78432 |   2022-01-01    00:00:00
    299 |     7596 |    70836 |        0 |    78432 |   2022-02-01    00:00:00
    300 |     7584 |    70848 |        0 |    78432 |   2022-03-01    00:00:00
 ===============================================================================
       78432  particles calculated
       70848  particles exited the space and time domain
           0  particles flagged with errors
        7584  particles in domain
 -------------------------------------------------------------------------------
 
 ===============================================================================
 End date  : 2026-03-18
 End time  : 13:15:43
 ===============================================================================
