 ===============================================================================
              TRACMASS Lagrangian off-line particle tracking 
 ===============================================================================
 
 Start date  : 2026-03-18
 Start time  : 14:34:18
 
 -------------------------------------------------------------------------------
 
 Model information:
 Project code  : project_1m_RAPID/eORCA1
 Case name     : eORCA1_04_1993_25_1m
 Namelist file : /tmp/tracmass_1993_04_3706015/project_1m_RAPID/eORCA1/eORCA1_files/1993/namelist_eORCA1_04_1993_25_1m.in
 
 -------------------------------------------------------------------------------
 
 Configuration options:
  - Forward in time (nff = 1)
  - A subdomain has been choosen
      i index:   185 - 296  
      j index:   197 - 311  
  - Three-dimensional trajectories (vertical fluxes computed)
  - Evaluate the value of these tracers along the trajectories:
     1- mld (m) 
     2- q (wm-2) 
     3- temp (degC) 
     4- sal (gkg-1) 
 
 -------------------------------------------------------------------------------
 
 imindom:         186 jmindom:         198 imt:         112 jmt:         115
 Output information:
 Directory for output files : /dssgfs01/scratch/emdh1n25/project_1m_RAPID/eORCA1/eORCA1_output/1993/
 Prefix for output files    : ORCA1_NPD_04_1993_25_1m
 
 -------------------------------------------------------------------------------
 
 Start date in model-time     : 1993-04-01 00:00
 End date in model-time       : 2018-03-01 00:00
 Length of run in timesteps   :    300
 Number of seeding timesteps  :      1
 Time integration scheme      : regular time step scheme
 Steps between two GCM fields :    100
 
 -------------------------------------------------------------------------------
 t-step        run        out        err        tot                 model date
 -------------------------------------------------------------------------------
      1 |    24944 |        0 |        0 |    24944 |   1993-04-01    00:00:00
      2 |    24279 |      665 |        0 |    24944 |   1993-05-01    00:00:00
      3 |    23707 |     1237 |        0 |    24944 |   1993-06-01    00:00:00
      4 |    23507 |     1437 |        0 |    24944 |   1993-07-01    00:00:00
      5 |    23411 |     1533 |        0 |    24944 |   1993-08-01    00:00:00
      6 |    23310 |     1634 |        0 |    24944 |   1993-09-01    00:00:00
      7 |    23181 |     1763 |        0 |    24944 |   1993-10-01    00:00:00
      8 |    23003 |     1941 |        0 |    24944 |   1993-11-01    00:00:00
      9 |    22848 |     2096 |        0 |    24944 |   1993-12-01    00:00:00
     10 |    22675 |     2269 |        0 |    24944 |   1994-01-01    00:00:00
     11 |    22482 |     2462 |        0 |    24944 |   1994-02-01    00:00:00
     12 |    22358 |     2586 |        0 |    24944 |   1994-03-01    00:00:00
     13 |    22237 |     2707 |        0 |    24944 |   1994-04-01    00:00:00
     14 |    22112 |     2832 |        0 |    24944 |   1994-05-01    00:00:00
     15 |    21955 |     2989 |        0 |    24944 |   1994-06-01    00:00:00
     16 |    21798 |     3146 |        0 |    24944 |   1994-07-01    00:00:00
     17 |    21648 |     3296 |        0 |    24944 |   1994-08-01    00:00:00
     18 |    21495 |     3449 |        0 |    24944 |   1994-09-01    00:00:00
     19 |    21368 |     3576 |        0 |    24944 |   1994-10-01    00:00:00
     20 |    21168 |     3776 |        0 |    24944 |   1994-11-01    00:00:00
     21 |    21047 |     3897 |        0 |    24944 |   1994-12-01    00:00:00
     22 |    20921 |     4023 |        0 |    24944 |   1995-01-01    00:00:00
     23 |    20768 |     4176 |        0 |    24944 |   1995-02-01    00:00:00
     24 |    20609 |     4335 |        0 |    24944 |   1995-03-01    00:00:00
     25 |    20473 |     4471 |        0 |    24944 |   1995-04-01    00:00:00
     26 |    20326 |     4618 |        0 |    24944 |   1995-05-01    00:00:00
     27 |    20193 |     4751 |        0 |    24944 |   1995-06-01    00:00:00
     28 |    20049 |     4895 |        0 |    24944 |   1995-07-01    00:00:00
     29 |    19907 |     5037 |        0 |    24944 |   1995-08-01    00:00:00
     30 |    19765 |     5179 |        0 |    24944 |   1995-09-01    00:00:00
     31 |    19678 |     5266 |        0 |    24944 |   1995-10-01    00:00:00
     32 |    19576 |     5368 |        0 |    24944 |   1995-11-01    00:00:00
     33 |    19468 |     5476 |        0 |    24944 |   1995-12-01    00:00:00
     34 |    19371 |     5573 |        0 |    24944 |   1996-01-01    00:00:00
     35 |    19297 |     5647 |        0 |    24944 |   1996-02-01    00:00:00
     36 |    19199 |     5745 |        0 |    24944 |   1996-03-01    00:00:00
     37 |    19080 |     5864 |        0 |    24944 |   1996-04-01    00:00:00
     38 |    18983 |     5961 |        0 |    24944 |   1996-05-01    00:00:00
     39 |    18868 |     6076 |        0 |    24944 |   1996-06-01    00:00:00
     40 |    18769 |     6175 |        0 |    24944 |   1996-07-01    00:00:00
     41 |    18659 |     6285 |        0 |    24944 |   1996-08-01    00:00:00
     42 |    18566 |     6378 |        0 |    24944 |   1996-09-01    00:00:00
     43 |    18486 |     6458 |        0 |    24944 |   1996-10-01    00:00:00
     44 |    18411 |     6533 |        0 |    24944 |   1996-11-01    00:00:00
     45 |    18321 |     6623 |        0 |    24944 |   1996-12-01    00:00:00
     46 |    18252 |     6692 |        0 |    24944 |   1997-01-01    00:00:00
     47 |    18083 |     6861 |        0 |    24944 |   1997-02-01    00:00:00
     48 |    17926 |     7018 |        0 |    24944 |   1997-03-01    00:00:00
     49 |    17803 |     7141 |        0 |    24944 |   1997-04-01    00:00:00
     50 |    17664 |     7280 |        0 |    24944 |   1997-05-01    00:00:00
     51 |    17534 |     7410 |        0 |    24944 |   1997-06-01    00:00:00
     52 |    17438 |     7506 |        0 |    24944 |   1997-07-01    00:00:00
     53 |    17331 |     7613 |        0 |    24944 |   1997-08-01    00:00:00
     54 |    17248 |     7696 |        0 |    24944 |   1997-09-01    00:00:00
     55 |    17149 |     7795 |        0 |    24944 |   1997-10-01    00:00:00
     56 |    17061 |     7883 |        0 |    24944 |   1997-11-01    00:00:00
     57 |    16953 |     7991 |        0 |    24944 |   1997-12-01    00:00:00
     58 |    16825 |     8119 |        0 |    24944 |   1998-01-01    00:00:00
     59 |    16634 |     8310 |        0 |    24944 |   1998-02-01    00:00:00
     60 |    16505 |     8439 |        0 |    24944 |   1998-03-01    00:00:00
     61 |    16358 |     8586 |        0 |    24944 |   1998-04-01    00:00:00
     62 |    16258 |     8686 |        0 |    24944 |   1998-05-01    00:00:00
     63 |    16086 |     8858 |        0 |    24944 |   1998-06-01    00:00:00
     64 |    15937 |     9007 |        0 |    24944 |   1998-07-01    00:00:00
     65 |    15751 |     9193 |        0 |    24944 |   1998-08-01    00:00:00
     66 |    15622 |     9322 |        0 |    24944 |   1998-09-01    00:00:00
     67 |    15468 |     9476 |        0 |    24944 |   1998-10-01    00:00:00
     68 |    15327 |     9617 |        0 |    24944 |   1998-11-01    00:00:00
     69 |    15140 |     9804 |        0 |    24944 |   1998-12-01    00:00:00
     70 |    14918 |    10026 |        0 |    24944 |   1999-01-01    00:00:00
     71 |    14745 |    10199 |        0 |    24944 |   1999-02-01    00:00:00
     72 |    14584 |    10360 |        0 |    24944 |   1999-03-01    00:00:00
     73 |    14490 |    10454 |        0 |    24944 |   1999-04-01    00:00:00
     74 |    14398 |    10546 |        0 |    24944 |   1999-05-01    00:00:00
     75 |    14304 |    10640 |        0 |    24944 |   1999-06-01    00:00:00
     76 |    14187 |    10757 |        0 |    24944 |   1999-07-01    00:00:00
     77 |    14066 |    10878 |        0 |    24944 |   1999-08-01    00:00:00
     78 |    13992 |    10952 |        0 |    24944 |   1999-09-01    00:00:00
     79 |    13918 |    11026 |        0 |    24944 |   1999-10-01    00:00:00
     80 |    13837 |    11107 |        0 |    24944 |   1999-11-01    00:00:00
     81 |    13755 |    11189 |        0 |    24944 |   1999-12-01    00:00:00
     82 |    13673 |    11271 |        0 |    24944 |   2000-01-01    00:00:00
     83 |    13596 |    11348 |        0 |    24944 |   2000-02-01    00:00:00
     84 |    13507 |    11437 |        0 |    24944 |   2000-03-01    00:00:00
     85 |    13395 |    11549 |        0 |    24944 |   2000-04-01    00:00:00
     86 |    13293 |    11651 |        0 |    24944 |   2000-05-01    00:00:00
     87 |    13186 |    11758 |        0 |    24944 |   2000-06-01    00:00:00
     88 |    13109 |    11835 |        0 |    24944 |   2000-07-01    00:00:00
     89 |    13035 |    11909 |        0 |    24944 |   2000-08-01    00:00:00
     90 |    12944 |    12000 |        0 |    24944 |   2000-09-01    00:00:00
     91 |    12850 |    12094 |        0 |    24944 |   2000-10-01    00:00:00
     92 |    12769 |    12175 |        0 |    24944 |   2000-11-01    00:00:00
     93 |    12691 |    12253 |        0 |    24944 |   2000-12-01    00:00:00
     94 |    12602 |    12342 |        0 |    24944 |   2001-01-01    00:00:00
     95 |    12514 |    12430 |        0 |    24944 |   2001-02-01    00:00:00
     96 |    12425 |    12519 |        0 |    24944 |   2001-03-01    00:00:00
     97 |    12321 |    12623 |        0 |    24944 |   2001-04-01    00:00:00
     98 |    12234 |    12710 |        0 |    24944 |   2001-05-01    00:00:00
     99 |    12154 |    12790 |        0 |    24944 |   2001-06-01    00:00:00
    100 |    12044 |    12900 |        0 |    24944 |   2001-07-01    00:00:00
    101 |    11954 |    12990 |        0 |    24944 |   2001-08-01    00:00:00
    102 |    11863 |    13081 |        0 |    24944 |   2001-09-01    00:00:00
    103 |    11768 |    13176 |        0 |    24944 |   2001-10-01    00:00:00
    104 |    11707 |    13237 |        0 |    24944 |   2001-11-01    00:00:00
    105 |    11646 |    13298 |        0 |    24944 |   2001-12-01    00:00:00
    106 |    11585 |    13359 |        0 |    24944 |   2002-01-01    00:00:00
    107 |    11522 |    13422 |        0 |    24944 |   2002-02-01    00:00:00
    108 |    11476 |    13468 |        0 |    24944 |   2002-03-01    00:00:00
    109 |    11416 |    13528 |        0 |    24944 |   2002-04-01    00:00:00
    110 |    11369 |    13575 |        0 |    24944 |   2002-05-01    00:00:00
    111 |    11311 |    13633 |        0 |    24944 |   2002-06-01    00:00:00
    112 |    11251 |    13693 |        0 |    24944 |   2002-07-01    00:00:00
    113 |    11194 |    13750 |        0 |    24944 |   2002-08-01    00:00:00
    114 |    11141 |    13803 |        0 |    24944 |   2002-09-01    00:00:00
    115 |    11099 |    13845 |        0 |    24944 |   2002-10-01    00:00:00
    116 |    11059 |    13885 |        0 |    24944 |   2002-11-01    00:00:00
    117 |    11015 |    13929 |        0 |    24944 |   2002-12-01    00:00:00
    118 |    10968 |    13976 |        0 |    24944 |   2003-01-01    00:00:00
    119 |    10917 |    14027 |        0 |    24944 |   2003-02-01    00:00:00
    120 |    10850 |    14094 |        0 |    24944 |   2003-03-01    00:00:00
    121 |    10793 |    14151 |        0 |    24944 |   2003-04-01    00:00:00
    122 |    10723 |    14221 |        0 |    24944 |   2003-05-01    00:00:00
    123 |    10638 |    14306 |        0 |    24944 |   2003-06-01    00:00:00
    124 |    10567 |    14377 |        0 |    24944 |   2003-07-01    00:00:00
    125 |    10503 |    14441 |        0 |    24944 |   2003-08-01    00:00:00
    126 |    10431 |    14513 |        0 |    24944 |   2003-09-01    00:00:00
    127 |    10370 |    14574 |        0 |    24944 |   2003-10-01    00:00:00
    128 |    10306 |    14638 |        0 |    24944 |   2003-11-01    00:00:00
    129 |    10265 |    14679 |        0 |    24944 |   2003-12-01    00:00:00
    130 |    10216 |    14728 |        0 |    24944 |   2004-01-01    00:00:00
    131 |    10174 |    14770 |        0 |    24944 |   2004-02-01    00:00:00
    132 |    10128 |    14816 |        0 |    24944 |   2004-03-01    00:00:00
    133 |    10074 |    14870 |        0 |    24944 |   2004-04-01    00:00:00
    134 |    10018 |    14926 |        0 |    24944 |   2004-05-01    00:00:00
    135 |     9964 |    14980 |        0 |    24944 |   2004-06-01    00:00:00
    136 |     9904 |    15040 |        0 |    24944 |   2004-07-01    00:00:00
    137 |     9843 |    15101 |        0 |    24944 |   2004-08-01    00:00:00
    138 |     9779 |    15165 |        0 |    24944 |   2004-09-01    00:00:00
    139 |     9731 |    15213 |        0 |    24944 |   2004-10-01    00:00:00
    140 |     9689 |    15255 |        0 |    24944 |   2004-11-01    00:00:00
    141 |     9643 |    15301 |        0 |    24944 |   2004-12-01    00:00:00
    142 |     9593 |    15351 |        0 |    24944 |   2005-01-01    00:00:00
    143 |     9558 |    15386 |        0 |    24944 |   2005-02-01    00:00:00
    144 |     9525 |    15419 |        0 |    24944 |   2005-03-01    00:00:00
    145 |     9486 |    15458 |        0 |    24944 |   2005-04-01    00:00:00
    146 |     9442 |    15502 |        0 |    24944 |   2005-05-01    00:00:00
    147 |     9409 |    15535 |        0 |    24944 |   2005-06-01    00:00:00
    148 |     9379 |    15565 |        0 |    24944 |   2005-07-01    00:00:00
    149 |     9354 |    15590 |        0 |    24944 |   2005-08-01    00:00:00
    150 |     9331 |    15613 |        0 |    24944 |   2005-09-01    00:00:00
    151 |     9305 |    15639 |        0 |    24944 |   2005-10-01    00:00:00
    152 |     9279 |    15665 |        0 |    24944 |   2005-11-01    00:00:00
    153 |     9247 |    15697 |        0 |    24944 |   2005-12-01    00:00:00
    154 |     9221 |    15723 |        0 |    24944 |   2006-01-01    00:00:00
    155 |     9187 |    15757 |        0 |    24944 |   2006-02-01    00:00:00
    156 |     9159 |    15785 |        0 |    24944 |   2006-03-01    00:00:00
    157 |     9104 |    15840 |        0 |    24944 |   2006-04-01    00:00:00
    158 |     9053 |    15891 |        0 |    24944 |   2006-05-01    00:00:00
    159 |     9023 |    15921 |        0 |    24944 |   2006-06-01    00:00:00
    160 |     9005 |    15939 |        0 |    24944 |   2006-07-01    00:00:00
    161 |     8985 |    15959 |        0 |    24944 |   2006-08-01    00:00:00
    162 |     8945 |    15999 |        0 |    24944 |   2006-09-01    00:00:00
    163 |     8918 |    16026 |        0 |    24944 |   2006-10-01    00:00:00
    164 |     8884 |    16060 |        0 |    24944 |   2006-11-01    00:00:00
    165 |     8861 |    16083 |        0 |    24944 |   2006-12-01    00:00:00
    166 |     8837 |    16107 |        0 |    24944 |   2007-01-01    00:00:00
    167 |     8814 |    16130 |        0 |    24944 |   2007-02-01    00:00:00
    168 |     8779 |    16165 |        0 |    24944 |   2007-03-01    00:00:00
    169 |     8753 |    16191 |        0 |    24944 |   2007-04-01    00:00:00
    170 |     8738 |    16206 |        0 |    24944 |   2007-05-01    00:00:00
    171 |     8711 |    16233 |        0 |    24944 |   2007-06-01    00:00:00
    172 |     8682 |    16262 |        0 |    24944 |   2007-07-01    00:00:00
    173 |     8650 |    16294 |        0 |    24944 |   2007-08-01    00:00:00
    174 |     8629 |    16315 |        0 |    24944 |   2007-09-01    00:00:00
    175 |     8609 |    16335 |        0 |    24944 |   2007-10-01    00:00:00
    176 |     8592 |    16352 |        0 |    24944 |   2007-11-01    00:00:00
    177 |     8580 |    16364 |        0 |    24944 |   2007-12-01    00:00:00
    178 |     8561 |    16383 |        0 |    24944 |   2008-01-01    00:00:00
    179 |     8546 |    16398 |        0 |    24944 |   2008-02-01    00:00:00
    180 |     8532 |    16412 |        0 |    24944 |   2008-03-01    00:00:00
    181 |     8516 |    16428 |        0 |    24944 |   2008-04-01    00:00:00
    182 |     8497 |    16447 |        0 |    24944 |   2008-05-01    00:00:00
    183 |     8473 |    16471 |        0 |    24944 |   2008-06-01    00:00:00
    184 |     8454 |    16490 |        0 |    24944 |   2008-07-01    00:00:00
    185 |     8443 |    16501 |        0 |    24944 |   2008-08-01    00:00:00
    186 |     8430 |    16514 |        0 |    24944 |   2008-09-01    00:00:00
    187 |     8403 |    16541 |        0 |    24944 |   2008-10-01    00:00:00
    188 |     8387 |    16557 |        0 |    24944 |   2008-11-01    00:00:00
    189 |     8374 |    16570 |        0 |    24944 |   2008-12-01    00:00:00
    190 |     8359 |    16585 |        0 |    24944 |   2009-01-01    00:00:00
    191 |     8339 |    16605 |        0 |    24944 |   2009-02-01    00:00:00
    192 |     8324 |    16620 |        0 |    24944 |   2009-03-01    00:00:00
    193 |     8310 |    16634 |        0 |    24944 |   2009-04-01    00:00:00
    194 |     8282 |    16662 |        0 |    24944 |   2009-05-01    00:00:00
    195 |     8261 |    16683 |        0 |    24944 |   2009-06-01    00:00:00
    196 |     8246 |    16698 |        0 |    24944 |   2009-07-01    00:00:00
    197 |     8229 |    16715 |        0 |    24944 |   2009-08-01    00:00:00
    198 |     8207 |    16737 |        0 |    24944 |   2009-09-01    00:00:00
    199 |     8192 |    16752 |        0 |    24944 |   2009-10-01    00:00:00
    200 |     8177 |    16767 |        0 |    24944 |   2009-11-01    00:00:00
    201 |     8164 |    16780 |        0 |    24944 |   2009-12-01    00:00:00
    202 |     8155 |    16789 |        0 |    24944 |   2010-01-01    00:00:00
    203 |     8138 |    16806 |        0 |    24944 |   2010-02-01    00:00:00
    204 |     8116 |    16828 |        0 |    24944 |   2010-03-01    00:00:00
    205 |     8093 |    16851 |        0 |    24944 |   2010-04-01    00:00:00
    206 |     8077 |    16867 |        0 |    24944 |   2010-05-01    00:00:00
    207 |     8067 |    16877 |        0 |    24944 |   2010-06-01    00:00:00
    208 |     8052 |    16892 |        0 |    24944 |   2010-07-01    00:00:00
    209 |     8035 |    16909 |        0 |    24944 |   2010-08-01    00:00:00
    210 |     8024 |    16920 |        0 |    24944 |   2010-09-01    00:00:00
    211 |     8002 |    16942 |        0 |    24944 |   2010-10-01    00:00:00
    212 |     7987 |    16957 |        0 |    24944 |   2010-11-01    00:00:00
    213 |     7980 |    16964 |        0 |    24944 |   2010-12-01    00:00:00
    214 |     7964 |    16980 |        0 |    24944 |   2011-01-01    00:00:00
    215 |     7946 |    16998 |        0 |    24944 |   2011-02-01    00:00:00
    216 |     7931 |    17013 |        0 |    24944 |   2011-03-01    00:00:00
    217 |     7915 |    17029 |        0 |    24944 |   2011-04-01    00:00:00
    218 |     7900 |    17044 |        0 |    24944 |   2011-05-01    00:00:00
    219 |     7878 |    17066 |        0 |    24944 |   2011-06-01    00:00:00
    220 |     7858 |    17086 |        0 |    24944 |   2011-07-01    00:00:00
    221 |     7842 |    17102 |        0 |    24944 |   2011-08-01    00:00:00
    222 |     7819 |    17125 |        0 |    24944 |   2011-09-01    00:00:00
    223 |     7812 |    17132 |        0 |    24944 |   2011-10-01    00:00:00
    224 |     7803 |    17141 |        0 |    24944 |   2011-11-01    00:00:00
    225 |     7796 |    17148 |        0 |    24944 |   2011-12-01    00:00:00
    226 |     7786 |    17158 |        0 |    24944 |   2012-01-01    00:00:00
    227 |     7770 |    17174 |        0 |    24944 |   2012-02-01    00:00:00
    228 |     7755 |    17189 |        0 |    24944 |   2012-03-01    00:00:00
    229 |     7744 |    17200 |        0 |    24944 |   2012-04-01    00:00:00
    230 |     7733 |    17211 |        0 |    24944 |   2012-05-01    00:00:00
    231 |     7726 |    17218 |        0 |    24944 |   2012-06-01    00:00:00
    232 |     7711 |    17233 |        0 |    24944 |   2012-07-01    00:00:00
    233 |     7707 |    17237 |        0 |    24944 |   2012-08-01    00:00:00
    234 |     7700 |    17244 |        0 |    24944 |   2012-09-01    00:00:00
    235 |     7692 |    17252 |        0 |    24944 |   2012-10-01    00:00:00
    236 |     7675 |    17269 |        0 |    24944 |   2012-11-01    00:00:00
    237 |     7670 |    17274 |        0 |    24944 |   2012-12-01    00:00:00
    238 |     7657 |    17287 |        0 |    24944 |   2013-01-01    00:00:00
    239 |     7644 |    17300 |        0 |    24944 |   2013-02-01    00:00:00
    240 |     7634 |    17310 |        0 |    24944 |   2013-03-01    00:00:00
    241 |     7627 |    17317 |        0 |    24944 |   2013-04-01    00:00:00
    242 |     7621 |    17323 |        0 |    24944 |   2013-05-01    00:00:00
    243 |     7618 |    17326 |        0 |    24944 |   2013-06-01    00:00:00
    244 |     7605 |    17339 |        0 |    24944 |   2013-07-01    00:00:00
    245 |     7602 |    17342 |        0 |    24944 |   2013-08-01    00:00:00
    246 |     7591 |    17353 |        0 |    24944 |   2013-09-01    00:00:00
    247 |     7585 |    17359 |        0 |    24944 |   2013-10-01    00:00:00
    248 |     7575 |    17369 |        0 |    24944 |   2013-11-01    00:00:00
    249 |     7561 |    17383 |        0 |    24944 |   2013-12-01    00:00:00
    250 |     7556 |    17388 |        0 |    24944 |   2014-01-01    00:00:00
    251 |     7549 |    17395 |        0 |    24944 |   2014-02-01    00:00:00
    252 |     7541 |    17403 |        0 |    24944 |   2014-03-01    00:00:00
    253 |     7538 |    17406 |        0 |    24944 |   2014-04-01    00:00:00
    254 |     7532 |    17412 |        0 |    24944 |   2014-05-01    00:00:00
    255 |     7526 |    17418 |        0 |    24944 |   2014-06-01    00:00:00
    256 |     7518 |    17426 |        0 |    24944 |   2014-07-01    00:00:00
    257 |     7513 |    17431 |        0 |    24944 |   2014-08-01    00:00:00
    258 |     7510 |    17434 |        0 |    24944 |   2014-09-01    00:00:00
    259 |     7503 |    17441 |        0 |    24944 |   2014-10-01    00:00:00
    260 |     7499 |    17445 |        0 |    24944 |   2014-11-01    00:00:00
    261 |     7490 |    17454 |        0 |    24944 |   2014-12-01    00:00:00
    262 |     7480 |    17464 |        0 |    24944 |   2015-01-01    00:00:00
    263 |     7470 |    17474 |        0 |    24944 |   2015-02-01    00:00:00
    264 |     7458 |    17486 |        0 |    24944 |   2015-03-01    00:00:00
    265 |     7453 |    17491 |        0 |    24944 |   2015-04-01    00:00:00
    266 |     7449 |    17495 |        0 |    24944 |   2015-05-01    00:00:00
    267 |     7442 |    17502 |        0 |    24944 |   2015-06-01    00:00:00
    268 |     7438 |    17506 |        0 |    24944 |   2015-07-01    00:00:00
    269 |     7432 |    17512 |        0 |    24944 |   2015-08-01    00:00:00
    270 |     7428 |    17516 |        0 |    24944 |   2015-09-01    00:00:00
    271 |     7423 |    17521 |        0 |    24944 |   2015-10-01    00:00:00
    272 |     7412 |    17532 |        0 |    24944 |   2015-11-01    00:00:00
    273 |     7403 |    17541 |        0 |    24944 |   2015-12-01    00:00:00
    274 |     7388 |    17556 |        0 |    24944 |   2016-01-01    00:00:00
    275 |     7381 |    17563 |        0 |    24944 |   2016-02-01    00:00:00
    276 |     7374 |    17570 |        0 |    24944 |   2016-03-01    00:00:00
    277 |     7367 |    17577 |        0 |    24944 |   2016-04-01    00:00:00
    278 |     7361 |    17583 |        0 |    24944 |   2016-05-01    00:00:00
    279 |     7356 |    17588 |        0 |    24944 |   2016-06-01    00:00:00
    280 |     7344 |    17600 |        0 |    24944 |   2016-07-01    00:00:00
    281 |     7340 |    17604 |        0 |    24944 |   2016-08-01    00:00:00
    282 |     7330 |    17614 |        0 |    24944 |   2016-09-01    00:00:00
    283 |     7326 |    17618 |        0 |    24944 |   2016-10-01    00:00:00
    284 |     7320 |    17624 |        0 |    24944 |   2016-11-01    00:00:00
    285 |     7310 |    17634 |        0 |    24944 |   2016-12-01    00:00:00
    286 |     7304 |    17640 |        0 |    24944 |   2017-01-01    00:00:00
    287 |     7298 |    17646 |        0 |    24944 |   2017-02-01    00:00:00
    288 |     7290 |    17654 |        0 |    24944 |   2017-03-01    00:00:00
    289 |     7279 |    17665 |        0 |    24944 |   2017-04-01    00:00:00
    290 |     7271 |    17673 |        0 |    24944 |   2017-05-01    00:00:00
    291 |     7267 |    17677 |        0 |    24944 |   2017-06-01    00:00:00
    292 |     7258 |    17686 |        0 |    24944 |   2017-07-01    00:00:00
    293 |     7248 |    17696 |        0 |    24944 |   2017-08-01    00:00:00
    294 |     7239 |    17705 |        0 |    24944 |   2017-09-01    00:00:00
    295 |     7233 |    17711 |        0 |    24944 |   2017-10-01    00:00:00
    296 |     7230 |    17714 |        0 |    24944 |   2017-11-01    00:00:00
    297 |     7222 |    17722 |        0 |    24944 |   2017-12-01    00:00:00
    298 |     7211 |    17733 |        0 |    24944 |   2018-01-01    00:00:00
    299 |     7200 |    17744 |        0 |    24944 |   2018-02-01    00:00:00
    300 |     7197 |    17747 |        0 |    24944 |   2018-03-01    00:00:00
 ===============================================================================
       24944  particles calculated
       17747  particles exited the space and time domain
           0  particles flagged with errors
        7197  particles in domain
 -------------------------------------------------------------------------------
 
 ===============================================================================
 End date  : 2026-03-18
 End time  : 14:50:32
 ===============================================================================
