 ===============================================================================
              TRACMASS Lagrangian off-line particle tracking 
 ===============================================================================
 
 Start date  : 2026-03-18
 Start time  : 14:50:53
 
 -------------------------------------------------------------------------------
 
 Model information:
 Project code  : project_1m_RAPID/eORCA1
 Case name     : eORCA1_12_1994_25_1m
 Namelist file : /tmp/tracmass_1994_12_1461271/project_1m_RAPID/eORCA1/eORCA1_files/1994/namelist_eORCA1_12_1994_25_1m.in
 
 -------------------------------------------------------------------------------
 
 Configuration options:
  - Forward in time (nff = 1)
  - A subdomain has been choosen
      i index:   185 - 296  
      j index:   197 - 311  
  - Three-dimensional trajectories (vertical fluxes computed)
  - Evaluate the value of these tracers along the trajectories:
     1- mld (m) 
     2- q (wm-2) 
     3- temp (degC) 
     4- sal (gkg-1) 
 
 -------------------------------------------------------------------------------
 
 imindom:         186 jmindom:         198 imt:         112 jmt:         115
 Output information:
 Directory for output files : /dssgfs01/scratch/emdh1n25/project_1m_RAPID/eORCA1/eORCA1_output/1994/
 Prefix for output files    : ORCA1_NPD_12_1994_25_1m
 
 -------------------------------------------------------------------------------
 
 Start date in model-time     : 1994-12-01 00:00
 End date in model-time       : 2019-11-01 00:00
 Length of run in timesteps   :    300
 Number of seeding timesteps  :      1
 Time integration scheme      : regular time step scheme
 Steps between two GCM fields :    100
 
 -------------------------------------------------------------------------------
 t-step        run        out        err        tot                 model date
 -------------------------------------------------------------------------------
      1 |    24020 |        0 |        0 |    24020 |   1994-12-01    00:00:00
      2 |    23237 |      783 |        0 |    24020 |   1995-01-01    00:00:00
      3 |    22353 |     1667 |        0 |    24020 |   1995-02-01    00:00:00
      4 |    21958 |     2062 |        0 |    24020 |   1995-03-01    00:00:00
      5 |    21695 |     2325 |        0 |    24020 |   1995-04-01    00:00:00
      6 |    21442 |     2578 |        0 |    24020 |   1995-05-01    00:00:00
      7 |    21249 |     2771 |        0 |    24020 |   1995-06-01    00:00:00
      8 |    21032 |     2988 |        0 |    24020 |   1995-07-01    00:00:00
      9 |    20801 |     3219 |        0 |    24020 |   1995-08-01    00:00:00
     10 |    20617 |     3403 |        0 |    24020 |   1995-09-01    00:00:00
     11 |    20436 |     3584 |        0 |    24020 |   1995-10-01    00:00:00
     12 |    20320 |     3700 |        0 |    24020 |   1995-11-01    00:00:00
     13 |    20134 |     3886 |        0 |    24020 |   1995-12-01    00:00:00
     14 |    19946 |     4074 |        0 |    24020 |   1996-01-01    00:00:00
     15 |    19816 |     4204 |        0 |    24020 |   1996-02-01    00:00:00
     16 |    19701 |     4319 |        0 |    24020 |   1996-03-01    00:00:00
     17 |    19520 |     4500 |        0 |    24020 |   1996-04-01    00:00:00
     18 |    19388 |     4632 |        0 |    24020 |   1996-05-01    00:00:00
     19 |    19251 |     4769 |        0 |    24020 |   1996-06-01    00:00:00
     20 |    19149 |     4871 |        0 |    24020 |   1996-07-01    00:00:00
     21 |    19088 |     4932 |        0 |    24020 |   1996-08-01    00:00:00
     22 |    19040 |     4980 |        0 |    24020 |   1996-09-01    00:00:00
     23 |    19000 |     5020 |        0 |    24020 |   1996-10-01    00:00:00
     24 |    18934 |     5086 |        0 |    24020 |   1996-11-01    00:00:00
     25 |    18887 |     5133 |        0 |    24020 |   1996-12-01    00:00:00
     26 |    18845 |     5175 |        0 |    24020 |   1997-01-01    00:00:00
     27 |    18801 |     5219 |        0 |    24020 |   1997-02-01    00:00:00
     28 |    18775 |     5245 |        0 |    24020 |   1997-03-01    00:00:00
     29 |    18694 |     5326 |        0 |    24020 |   1997-04-01    00:00:00
     30 |    18561 |     5459 |        0 |    24020 |   1997-05-01    00:00:00
     31 |    18477 |     5543 |        0 |    24020 |   1997-06-01    00:00:00
     32 |    18359 |     5661 |        0 |    24020 |   1997-07-01    00:00:00
     33 |    18211 |     5809 |        0 |    24020 |   1997-08-01    00:00:00
     34 |    18048 |     5972 |        0 |    24020 |   1997-09-01    00:00:00
     35 |    17906 |     6114 |        0 |    24020 |   1997-10-01    00:00:00
     36 |    17769 |     6251 |        0 |    24020 |   1997-11-01    00:00:00
     37 |    17662 |     6358 |        0 |    24020 |   1997-12-01    00:00:00
     38 |    17534 |     6486 |        0 |    24020 |   1998-01-01    00:00:00
     39 |    17369 |     6651 |        0 |    24020 |   1998-02-01    00:00:00
     40 |    17211 |     6809 |        0 |    24020 |   1998-03-01    00:00:00
     41 |    17069 |     6951 |        0 |    24020 |   1998-04-01    00:00:00
     42 |    16941 |     7079 |        0 |    24020 |   1998-05-01    00:00:00
     43 |    16770 |     7250 |        0 |    24020 |   1998-06-01    00:00:00
     44 |    16593 |     7427 |        0 |    24020 |   1998-07-01    00:00:00
     45 |    16446 |     7574 |        0 |    24020 |   1998-08-01    00:00:00
     46 |    16301 |     7719 |        0 |    24020 |   1998-09-01    00:00:00
     47 |    16175 |     7845 |        0 |    24020 |   1998-10-01    00:00:00
     48 |    16022 |     7998 |        0 |    24020 |   1998-11-01    00:00:00
     49 |    15905 |     8115 |        0 |    24020 |   1998-12-01    00:00:00
     50 |    15799 |     8221 |        0 |    24020 |   1999-01-01    00:00:00
     51 |    15697 |     8323 |        0 |    24020 |   1999-02-01    00:00:00
     52 |    15586 |     8434 |        0 |    24020 |   1999-03-01    00:00:00
     53 |    15474 |     8546 |        0 |    24020 |   1999-04-01    00:00:00
     54 |    15340 |     8680 |        0 |    24020 |   1999-05-01    00:00:00
     55 |    15224 |     8796 |        0 |    24020 |   1999-06-01    00:00:00
     56 |    15120 |     8900 |        0 |    24020 |   1999-07-01    00:00:00
     57 |    15034 |     8986 |        0 |    24020 |   1999-08-01    00:00:00
     58 |    14960 |     9060 |        0 |    24020 |   1999-09-01    00:00:00
     59 |    14887 |     9133 |        0 |    24020 |   1999-10-01    00:00:00
     60 |    14821 |     9199 |        0 |    24020 |   1999-11-01    00:00:00
     61 |    14753 |     9267 |        0 |    24020 |   1999-12-01    00:00:00
     62 |    14683 |     9337 |        0 |    24020 |   2000-01-01    00:00:00
     63 |    14621 |     9399 |        0 |    24020 |   2000-02-01    00:00:00
     64 |    14547 |     9473 |        0 |    24020 |   2000-03-01    00:00:00
     65 |    14451 |     9569 |        0 |    24020 |   2000-04-01    00:00:00
     66 |    14377 |     9643 |        0 |    24020 |   2000-05-01    00:00:00
     67 |    14289 |     9731 |        0 |    24020 |   2000-06-01    00:00:00
     68 |    14216 |     9804 |        0 |    24020 |   2000-07-01    00:00:00
     69 |    14138 |     9882 |        0 |    24020 |   2000-08-01    00:00:00
     70 |    14047 |     9973 |        0 |    24020 |   2000-09-01    00:00:00
     71 |    13961 |    10059 |        0 |    24020 |   2000-10-01    00:00:00
     72 |    13872 |    10148 |        0 |    24020 |   2000-11-01    00:00:00
     73 |    13786 |    10234 |        0 |    24020 |   2000-12-01    00:00:00
     74 |    13717 |    10303 |        0 |    24020 |   2001-01-01    00:00:00
     75 |    13617 |    10403 |        0 |    24020 |   2001-02-01    00:00:00
     76 |    13501 |    10519 |        0 |    24020 |   2001-03-01    00:00:00
     77 |    13382 |    10638 |        0 |    24020 |   2001-04-01    00:00:00
     78 |    13256 |    10764 |        0 |    24020 |   2001-05-01    00:00:00
     79 |    13158 |    10862 |        0 |    24020 |   2001-06-01    00:00:00
     80 |    13010 |    11010 |        0 |    24020 |   2001-07-01    00:00:00
     81 |    12881 |    11139 |        0 |    24020 |   2001-08-01    00:00:00
     82 |    12715 |    11305 |        0 |    24020 |   2001-09-01    00:00:00
     83 |    12575 |    11445 |        0 |    24020 |   2001-10-01    00:00:00
     84 |    12416 |    11604 |        0 |    24020 |   2001-11-01    00:00:00
     85 |    12263 |    11757 |        0 |    24020 |   2001-12-01    00:00:00
     86 |    12124 |    11896 |        0 |    24020 |   2002-01-01    00:00:00
     87 |    11959 |    12061 |        0 |    24020 |   2002-02-01    00:00:00
     88 |    11779 |    12241 |        0 |    24020 |   2002-03-01    00:00:00
     89 |    11656 |    12364 |        0 |    24020 |   2002-04-01    00:00:00
     90 |    11486 |    12534 |        0 |    24020 |   2002-05-01    00:00:00
     91 |    11367 |    12653 |        0 |    24020 |   2002-06-01    00:00:00
     92 |    11216 |    12804 |        0 |    24020 |   2002-07-01    00:00:00
     93 |    11059 |    12961 |        0 |    24020 |   2002-08-01    00:00:00
     94 |    10909 |    13111 |        0 |    24020 |   2002-09-01    00:00:00
     95 |    10794 |    13226 |        0 |    24020 |   2002-10-01    00:00:00
     96 |    10674 |    13346 |        0 |    24020 |   2002-11-01    00:00:00
     97 |    10598 |    13422 |        0 |    24020 |   2002-12-01    00:00:00
     98 |    10492 |    13528 |        0 |    24020 |   2003-01-01    00:00:00
     99 |    10368 |    13652 |        0 |    24020 |   2003-02-01    00:00:00
    100 |    10231 |    13789 |        0 |    24020 |   2003-03-01    00:00:00
    101 |    10100 |    13920 |        0 |    24020 |   2003-04-01    00:00:00
    102 |     9950 |    14070 |        0 |    24020 |   2003-05-01    00:00:00
    103 |     9792 |    14228 |        0 |    24020 |   2003-06-01    00:00:00
    104 |     9658 |    14362 |        0 |    24020 |   2003-07-01    00:00:00
    105 |     9553 |    14467 |        0 |    24020 |   2003-08-01    00:00:00
    106 |     9492 |    14528 |        0 |    24020 |   2003-09-01    00:00:00
    107 |     9424 |    14596 |        0 |    24020 |   2003-10-01    00:00:00
    108 |     9362 |    14658 |        0 |    24020 |   2003-11-01    00:00:00
    109 |     9295 |    14725 |        0 |    24020 |   2003-12-01    00:00:00
    110 |     9228 |    14792 |        0 |    24020 |   2004-01-01    00:00:00
    111 |     9164 |    14856 |        0 |    24020 |   2004-02-01    00:00:00
    112 |     9091 |    14929 |        0 |    24020 |   2004-03-01    00:00:00
    113 |     9033 |    14987 |        0 |    24020 |   2004-04-01    00:00:00
    114 |     8972 |    15048 |        0 |    24020 |   2004-05-01    00:00:00
    115 |     8906 |    15114 |        0 |    24020 |   2004-06-01    00:00:00
    116 |     8851 |    15169 |        0 |    24020 |   2004-07-01    00:00:00
    117 |     8811 |    15209 |        0 |    24020 |   2004-08-01    00:00:00
    118 |     8769 |    15251 |        0 |    24020 |   2004-09-01    00:00:00
    119 |     8742 |    15278 |        0 |    24020 |   2004-10-01    00:00:00
    120 |     8706 |    15314 |        0 |    24020 |   2004-11-01    00:00:00
    121 |     8656 |    15364 |        0 |    24020 |   2004-12-01    00:00:00
    122 |     8607 |    15413 |        0 |    24020 |   2005-01-01    00:00:00
    123 |     8554 |    15466 |        0 |    24020 |   2005-02-01    00:00:00
    124 |     8496 |    15524 |        0 |    24020 |   2005-03-01    00:00:00
    125 |     8463 |    15557 |        0 |    24020 |   2005-04-01    00:00:00
    126 |     8416 |    15604 |        0 |    24020 |   2005-05-01    00:00:00
    127 |     8357 |    15663 |        0 |    24020 |   2005-06-01    00:00:00
    128 |     8315 |    15705 |        0 |    24020 |   2005-07-01    00:00:00
    129 |     8290 |    15730 |        0 |    24020 |   2005-08-01    00:00:00
    130 |     8259 |    15761 |        0 |    24020 |   2005-09-01    00:00:00
    131 |     8228 |    15792 |        0 |    24020 |   2005-10-01    00:00:00
    132 |     8198 |    15822 |        0 |    24020 |   2005-11-01    00:00:00
    133 |     8170 |    15850 |        0 |    24020 |   2005-12-01    00:00:00
    134 |     8134 |    15886 |        0 |    24020 |   2006-01-01    00:00:00
    135 |     8097 |    15923 |        0 |    24020 |   2006-02-01    00:00:00
    136 |     8067 |    15953 |        0 |    24020 |   2006-03-01    00:00:00
    137 |     8038 |    15982 |        0 |    24020 |   2006-04-01    00:00:00
    138 |     7997 |    16023 |        0 |    24020 |   2006-05-01    00:00:00
    139 |     7972 |    16048 |        0 |    24020 |   2006-06-01    00:00:00
    140 |     7949 |    16071 |        0 |    24020 |   2006-07-01    00:00:00
    141 |     7928 |    16092 |        0 |    24020 |   2006-08-01    00:00:00
    142 |     7906 |    16114 |        0 |    24020 |   2006-09-01    00:00:00
    143 |     7877 |    16143 |        0 |    24020 |   2006-10-01    00:00:00
    144 |     7852 |    16168 |        0 |    24020 |   2006-11-01    00:00:00
    145 |     7829 |    16191 |        0 |    24020 |   2006-12-01    00:00:00
    146 |     7786 |    16234 |        0 |    24020 |   2007-01-01    00:00:00
    147 |     7748 |    16272 |        0 |    24020 |   2007-02-01    00:00:00
    148 |     7718 |    16302 |        0 |    24020 |   2007-03-01    00:00:00
    149 |     7687 |    16333 |        0 |    24020 |   2007-04-01    00:00:00
    150 |     7660 |    16360 |        0 |    24020 |   2007-05-01    00:00:00
    151 |     7630 |    16390 |        0 |    24020 |   2007-06-01    00:00:00
    152 |     7594 |    16426 |        0 |    24020 |   2007-07-01    00:00:00
    153 |     7565 |    16455 |        0 |    24020 |   2007-08-01    00:00:00
    154 |     7544 |    16476 |        0 |    24020 |   2007-09-01    00:00:00
    155 |     7517 |    16503 |        0 |    24020 |   2007-10-01    00:00:00
    156 |     7498 |    16522 |        0 |    24020 |   2007-11-01    00:00:00
    157 |     7461 |    16559 |        0 |    24020 |   2007-12-01    00:00:00
    158 |     7425 |    16595 |        0 |    24020 |   2008-01-01    00:00:00
    159 |     7403 |    16617 |        0 |    24020 |   2008-02-01    00:00:00
    160 |     7370 |    16650 |        0 |    24020 |   2008-03-01    00:00:00
    161 |     7354 |    16666 |        0 |    24020 |   2008-04-01    00:00:00
    162 |     7335 |    16685 |        0 |    24020 |   2008-05-01    00:00:00
    163 |     7312 |    16708 |        0 |    24020 |   2008-06-01    00:00:00
    164 |     7296 |    16724 |        0 |    24020 |   2008-07-01    00:00:00
    165 |     7272 |    16748 |        0 |    24020 |   2008-08-01    00:00:00
    166 |     7255 |    16765 |        0 |    24020 |   2008-09-01    00:00:00
    167 |     7231 |    16789 |        0 |    24020 |   2008-10-01    00:00:00
    168 |     7211 |    16809 |        0 |    24020 |   2008-11-01    00:00:00
    169 |     7193 |    16827 |        0 |    24020 |   2008-12-01    00:00:00
    170 |     7182 |    16838 |        0 |    24020 |   2009-01-01    00:00:00
    171 |     7163 |    16857 |        0 |    24020 |   2009-02-01    00:00:00
    172 |     7146 |    16874 |        0 |    24020 |   2009-03-01    00:00:00
    173 |     7123 |    16897 |        0 |    24020 |   2009-04-01    00:00:00
    174 |     7109 |    16911 |        0 |    24020 |   2009-05-01    00:00:00
    175 |     7085 |    16935 |        0 |    24020 |   2009-06-01    00:00:00
    176 |     7060 |    16960 |        0 |    24020 |   2009-07-01    00:00:00
    177 |     7048 |    16972 |        0 |    24020 |   2009-08-01    00:00:00
    178 |     7030 |    16990 |        0 |    24020 |   2009-09-01    00:00:00
    179 |     7004 |    17016 |        0 |    24020 |   2009-10-01    00:00:00
    180 |     6986 |    17034 |        0 |    24020 |   2009-11-01    00:00:00
    181 |     6974 |    17046 |        0 |    24020 |   2009-12-01    00:00:00
    182 |     6963 |    17057 |        0 |    24020 |   2010-01-01    00:00:00
    183 |     6945 |    17075 |        0 |    24020 |   2010-02-01    00:00:00
    184 |     6924 |    17096 |        0 |    24020 |   2010-03-01    00:00:00
    185 |     6909 |    17111 |        0 |    24020 |   2010-04-01    00:00:00
    186 |     6897 |    17123 |        0 |    24020 |   2010-05-01    00:00:00
    187 |     6886 |    17134 |        0 |    24020 |   2010-06-01    00:00:00
    188 |     6868 |    17152 |        0 |    24020 |   2010-07-01    00:00:00
    189 |     6847 |    17173 |        0 |    24020 |   2010-08-01    00:00:00
    190 |     6827 |    17193 |        0 |    24020 |   2010-09-01    00:00:00
    191 |     6809 |    17211 |        0 |    24020 |   2010-10-01    00:00:00
    192 |     6788 |    17232 |        0 |    24020 |   2010-11-01    00:00:00
    193 |     6773 |    17247 |        0 |    24020 |   2010-12-01    00:00:00
    194 |     6757 |    17263 |        0 |    24020 |   2011-01-01    00:00:00
    195 |     6748 |    17272 |        0 |    24020 |   2011-02-01    00:00:00
    196 |     6736 |    17284 |        0 |    24020 |   2011-03-01    00:00:00
    197 |     6724 |    17296 |        0 |    24020 |   2011-04-01    00:00:00
    198 |     6714 |    17306 |        0 |    24020 |   2011-05-01    00:00:00
    199 |     6704 |    17316 |        0 |    24020 |   2011-06-01    00:00:00
    200 |     6690 |    17330 |        0 |    24020 |   2011-07-01    00:00:00
    201 |     6675 |    17345 |        0 |    24020 |   2011-08-01    00:00:00
    202 |     6665 |    17355 |        0 |    24020 |   2011-09-01    00:00:00
    203 |     6651 |    17369 |        0 |    24020 |   2011-10-01    00:00:00
    204 |     6637 |    17383 |        0 |    24020 |   2011-11-01    00:00:00
    205 |     6624 |    17396 |        0 |    24020 |   2011-12-01    00:00:00
    206 |     6617 |    17403 |        0 |    24020 |   2012-01-01    00:00:00
    207 |     6606 |    17414 |        0 |    24020 |   2012-02-01    00:00:00
    208 |     6590 |    17430 |        0 |    24020 |   2012-03-01    00:00:00
    209 |     6586 |    17434 |        0 |    24020 |   2012-04-01    00:00:00
    210 |     6580 |    17440 |        0 |    24020 |   2012-05-01    00:00:00
    211 |     6565 |    17455 |        0 |    24020 |   2012-06-01    00:00:00
    212 |     6553 |    17467 |        0 |    24020 |   2012-07-01    00:00:00
    213 |     6548 |    17472 |        0 |    24020 |   2012-08-01    00:00:00
    214 |     6537 |    17483 |        0 |    24020 |   2012-09-01    00:00:00
    215 |     6526 |    17494 |        0 |    24020 |   2012-10-01    00:00:00
    216 |     6510 |    17510 |        0 |    24020 |   2012-11-01    00:00:00
    217 |     6498 |    17522 |        0 |    24020 |   2012-12-01    00:00:00
    218 |     6480 |    17540 |        0 |    24020 |   2013-01-01    00:00:00
    219 |     6466 |    17554 |        0 |    24020 |   2013-02-01    00:00:00
    220 |     6449 |    17571 |        0 |    24020 |   2013-03-01    00:00:00
    221 |     6431 |    17589 |        0 |    24020 |   2013-04-01    00:00:00
    222 |     6419 |    17601 |        0 |    24020 |   2013-05-01    00:00:00
    223 |     6398 |    17622 |        0 |    24020 |   2013-06-01    00:00:00
    224 |     6391 |    17629 |        0 |    24020 |   2013-07-01    00:00:00
    225 |     6379 |    17641 |        0 |    24020 |   2013-08-01    00:00:00
    226 |     6368 |    17652 |        0 |    24020 |   2013-09-01    00:00:00
    227 |     6358 |    17662 |        0 |    24020 |   2013-10-01    00:00:00
    228 |     6347 |    17673 |        0 |    24020 |   2013-11-01    00:00:00
    229 |     6334 |    17686 |        0 |    24020 |   2013-12-01    00:00:00
    230 |     6322 |    17698 |        0 |    24020 |   2014-01-01    00:00:00
    231 |     6309 |    17711 |        0 |    24020 |   2014-02-01    00:00:00
    232 |     6294 |    17726 |        0 |    24020 |   2014-03-01    00:00:00
    233 |     6281 |    17739 |        0 |    24020 |   2014-04-01    00:00:00
    234 |     6269 |    17751 |        0 |    24020 |   2014-05-01    00:00:00
    235 |     6262 |    17758 |        0 |    24020 |   2014-06-01    00:00:00
    236 |     6254 |    17766 |        0 |    24020 |   2014-07-01    00:00:00
    237 |     6243 |    17777 |        0 |    24020 |   2014-08-01    00:00:00
    238 |     6237 |    17783 |        0 |    24020 |   2014-09-01    00:00:00
    239 |     6229 |    17791 |        0 |    24020 |   2014-10-01    00:00:00
    240 |     6227 |    17793 |        0 |    24020 |   2014-11-01    00:00:00
    241 |     6222 |    17798 |        0 |    24020 |   2014-12-01    00:00:00
    242 |     6216 |    17804 |        0 |    24020 |   2015-01-01    00:00:00
    243 |     6209 |    17811 |        0 |    24020 |   2015-02-01    00:00:00
    244 |     6201 |    17819 |        0 |    24020 |   2015-03-01    00:00:00
    245 |     6192 |    17828 |        0 |    24020 |   2015-04-01    00:00:00
    246 |     6188 |    17832 |        0 |    24020 |   2015-05-01    00:00:00
    247 |     6182 |    17838 |        0 |    24020 |   2015-06-01    00:00:00
    248 |     6180 |    17840 |        0 |    24020 |   2015-07-01    00:00:00
    249 |     6173 |    17847 |        0 |    24020 |   2015-08-01    00:00:00
    250 |     6170 |    17850 |        0 |    24020 |   2015-09-01    00:00:00
    251 |     6164 |    17856 |        0 |    24020 |   2015-10-01    00:00:00
    252 |     6159 |    17861 |        0 |    24020 |   2015-11-01    00:00:00
    253 |     6153 |    17867 |        0 |    24020 |   2015-12-01    00:00:00
    254 |     6149 |    17871 |        0 |    24020 |   2016-01-01    00:00:00
    255 |     6147 |    17873 |        0 |    24020 |   2016-02-01    00:00:00
    256 |     6144 |    17876 |        0 |    24020 |   2016-03-01    00:00:00
    257 |     6136 |    17884 |        0 |    24020 |   2016-04-01    00:00:00
    258 |     6131 |    17889 |        0 |    24020 |   2016-05-01    00:00:00
    259 |     6125 |    17895 |        0 |    24020 |   2016-06-01    00:00:00
    260 |     6120 |    17900 |        0 |    24020 |   2016-07-01    00:00:00
    261 |     6115 |    17905 |        0 |    24020 |   2016-08-01    00:00:00
    262 |     6110 |    17910 |        0 |    24020 |   2016-09-01    00:00:00
    263 |     6106 |    17914 |        0 |    24020 |   2016-10-01    00:00:00
    264 |     6103 |    17917 |        0 |    24020 |   2016-11-01    00:00:00
    265 |     6098 |    17922 |        0 |    24020 |   2016-12-01    00:00:00
    266 |     6093 |    17927 |        0 |    24020 |   2017-01-01    00:00:00
    267 |     6088 |    17932 |        0 |    24020 |   2017-02-01    00:00:00
    268 |     6083 |    17937 |        0 |    24020 |   2017-03-01    00:00:00
    269 |     6073 |    17947 |        0 |    24020 |   2017-04-01    00:00:00
    270 |     6070 |    17950 |        0 |    24020 |   2017-05-01    00:00:00
    271 |     6060 |    17960 |        0 |    24020 |   2017-06-01    00:00:00
    272 |     6049 |    17971 |        0 |    24020 |   2017-07-01    00:00:00
    273 |     6043 |    17977 |        0 |    24020 |   2017-08-01    00:00:00
    274 |     6033 |    17987 |        0 |    24020 |   2017-09-01    00:00:00
    275 |     6021 |    17999 |        0 |    24020 |   2017-10-01    00:00:00
    276 |     6014 |    18006 |        0 |    24020 |   2017-11-01    00:00:00
    277 |     6008 |    18012 |        0 |    24020 |   2017-12-01    00:00:00
    278 |     6005 |    18015 |        0 |    24020 |   2018-01-01    00:00:00
    279 |     5998 |    18022 |        0 |    24020 |   2018-02-01    00:00:00
    280 |     5989 |    18031 |        0 |    24020 |   2018-03-01    00:00:00
    281 |     5976 |    18044 |        0 |    24020 |   2018-04-01    00:00:00
    282 |     5973 |    18047 |        0 |    24020 |   2018-05-01    00:00:00
    283 |     5967 |    18053 |        0 |    24020 |   2018-06-01    00:00:00
    284 |     5962 |    18058 |        0 |    24020 |   2018-07-01    00:00:00
    285 |     5956 |    18064 |        0 |    24020 |   2018-08-01    00:00:00
    286 |     5956 |    18064 |        0 |    24020 |   2018-09-01    00:00:00
    287 |     5952 |    18068 |        0 |    24020 |   2018-10-01    00:00:00
    288 |     5943 |    18077 |        0 |    24020 |   2018-11-01    00:00:00
    289 |     5940 |    18080 |        0 |    24020 |   2018-12-01    00:00:00
    290 |     5935 |    18085 |        0 |    24020 |   2019-01-01    00:00:00
    291 |     5924 |    18096 |        0 |    24020 |   2019-02-01    00:00:00
    292 |     5919 |    18101 |        0 |    24020 |   2019-03-01    00:00:00
    293 |     5910 |    18110 |        0 |    24020 |   2019-04-01    00:00:00
    294 |     5904 |    18116 |        0 |    24020 |   2019-05-01    00:00:00
    295 |     5901 |    18119 |        0 |    24020 |   2019-06-01    00:00:00
    296 |     5898 |    18122 |        0 |    24020 |   2019-07-01    00:00:00
    297 |     5894 |    18126 |        0 |    24020 |   2019-08-01    00:00:00
    298 |     5892 |    18128 |        0 |    24020 |   2019-09-01    00:00:00
    299 |     5888 |    18132 |        0 |    24020 |   2019-10-01    00:00:00
    300 |     5882 |    18138 |        0 |    24020 |   2019-11-01    00:00:00
 ===============================================================================
       24020  particles calculated
       18138  particles exited the space and time domain
           0  particles flagged with errors
        5882  particles in domain
 -------------------------------------------------------------------------------
 
 ===============================================================================
 End date  : 2026-03-18
 End time  : 15:06:39
 ===============================================================================
