 ===============================================================================
              TRACMASS Lagrangian off-line particle tracking 
 ===============================================================================
 
 Start date  : 2026-03-18
 Start time  : 11:52:15
 
 -------------------------------------------------------------------------------
 
 Model information:
 Project code  : project_1m_RAPID/eORCA0
 Case name     : eORCA025_05_1995_25_1m
 Namelist file : /tmp/tracmass_1995_05_306278/project_1m_RAPID/eORCA025/eORCA025_files/1995/namelist_eORCA025_05_1995_25_1m.in
 
 -------------------------------------------------------------------------------
 
 Configuration options:
  - Forward in time (nff = 1)
  - A subdomain has been choosen
      i index:   737 - 1185 
      j index:   694 - 1127 
  - Three-dimensional trajectories (vertical fluxes computed)
  - Evaluate the value of these tracers along the trajectories:
     1- mld (m) 
     2- q (wm-2) 
     3- temp (degC) 
     4- sal (gkg-1) 
 
 -------------------------------------------------------------------------------
 
 imindom:         738 jmindom:         695 imt:         449 jmt:         434
 Output information:
 Directory for output files : /dssgfs01/scratch/emdh1n25/project_1m_RAPID/eORCA025/eORCA025_output/1995/
 Prefix for output files    : ORCA025_NPD_05_1995_25_1m
 
 -------------------------------------------------------------------------------
 
 Start date in model-time     : 1995-05-01 00:00
 End date in model-time       : 2020-04-01 00:00
 Length of run in timesteps   :    300
 Number of seeding timesteps  :      1
 Time integration scheme      : regular time step scheme
 Steps between two GCM fields :    100
 
 -------------------------------------------------------------------------------
 t-step        run        out        err        tot                 model date
 -------------------------------------------------------------------------------
      1 |    68101 |        0 |        0 |    68101 |   1995-05-01    00:00:00
      2 |    60084 |     8017 |        0 |    68101 |   1995-06-01    00:00:00
      3 |    51774 |    16327 |        0 |    68101 |   1995-07-01    00:00:00
      4 |    46750 |    21351 |        0 |    68101 |   1995-08-01    00:00:00
      5 |    43753 |    24348 |        0 |    68101 |   1995-09-01    00:00:00
      6 |    41873 |    26228 |        0 |    68101 |   1995-10-01    00:00:00
      7 |    40395 |    27706 |        0 |    68101 |   1995-11-01    00:00:00
      8 |    38485 |    29616 |        0 |    68101 |   1995-12-01    00:00:00
      9 |    36209 |    31892 |        0 |    68101 |   1996-01-01    00:00:00
     10 |    34773 |    33328 |        0 |    68101 |   1996-02-01    00:00:00
     11 |    33618 |    34483 |        0 |    68101 |   1996-03-01    00:00:00
     12 |    32662 |    35439 |        0 |    68101 |   1996-04-01    00:00:00
     13 |    31973 |    36128 |        0 |    68101 |   1996-05-01    00:00:00
     14 |    31067 |    37034 |        0 |    68101 |   1996-06-01    00:00:00
     15 |    30273 |    37828 |        0 |    68101 |   1996-07-01    00:00:00
     16 |    29333 |    38768 |        0 |    68101 |   1996-08-01    00:00:00
     17 |    28695 |    39406 |        0 |    68101 |   1996-09-01    00:00:00
     18 |    28217 |    39884 |        0 |    68101 |   1996-10-01    00:00:00
     19 |    27805 |    40296 |        0 |    68101 |   1996-11-01    00:00:00
     20 |    27380 |    40721 |        0 |    68101 |   1996-12-01    00:00:00
     21 |    26625 |    41476 |        0 |    68101 |   1997-01-01    00:00:00
     22 |    25845 |    42256 |        0 |    68101 |   1997-02-01    00:00:00
     23 |    25272 |    42829 |        0 |    68101 |   1997-03-01    00:00:00
     24 |    24871 |    43230 |        0 |    68101 |   1997-04-01    00:00:00
     25 |    24537 |    43564 |        0 |    68101 |   1997-05-01    00:00:00
     26 |    24210 |    43891 |        0 |    68101 |   1997-06-01    00:00:00
     27 |    23864 |    44237 |        0 |    68101 |   1997-07-01    00:00:00
     28 |    23458 |    44643 |        0 |    68101 |   1997-08-01    00:00:00
     29 |    23050 |    45051 |        0 |    68101 |   1997-09-01    00:00:00
     30 |    22742 |    45359 |        0 |    68101 |   1997-10-01    00:00:00
     31 |    22386 |    45715 |        0 |    68101 |   1997-11-01    00:00:00
     32 |    22111 |    45990 |        0 |    68101 |   1997-12-01    00:00:00
     33 |    21807 |    46294 |        0 |    68101 |   1998-01-01    00:00:00
     34 |    21377 |    46724 |        0 |    68101 |   1998-02-01    00:00:00
     35 |    20986 |    47115 |        0 |    68101 |   1998-03-01    00:00:00
     36 |    20767 |    47334 |        0 |    68101 |   1998-04-01    00:00:00
     37 |    20537 |    47564 |        0 |    68101 |   1998-05-01    00:00:00
     38 |    20269 |    47832 |        0 |    68101 |   1998-06-01    00:00:00
     39 |    19961 |    48140 |        0 |    68101 |   1998-07-01    00:00:00
     40 |    19682 |    48419 |        0 |    68101 |   1998-08-01    00:00:00
     41 |    19416 |    48685 |        0 |    68101 |   1998-09-01    00:00:00
     42 |    19200 |    48901 |        0 |    68101 |   1998-10-01    00:00:00
     43 |    19004 |    49097 |        0 |    68101 |   1998-11-01    00:00:00
     44 |    18823 |    49278 |        0 |    68101 |   1998-12-01    00:00:00
     45 |    18657 |    49444 |        0 |    68101 |   1999-01-01    00:00:00
     46 |    18448 |    49653 |        0 |    68101 |   1999-02-01    00:00:00
     47 |    18191 |    49910 |        0 |    68101 |   1999-03-01    00:00:00
     48 |    17967 |    50134 |        0 |    68101 |   1999-04-01    00:00:00
     49 |    17772 |    50329 |        0 |    68101 |   1999-05-01    00:00:00
     50 |    17543 |    50558 |        0 |    68101 |   1999-06-01    00:00:00
     51 |    17339 |    50762 |        0 |    68101 |   1999-07-01    00:00:00
     52 |    17155 |    50946 |        0 |    68101 |   1999-08-01    00:00:00
     53 |    16943 |    51158 |        0 |    68101 |   1999-09-01    00:00:00
     54 |    16781 |    51320 |        0 |    68101 |   1999-10-01    00:00:00
     55 |    16630 |    51471 |        0 |    68101 |   1999-11-01    00:00:00
     56 |    16466 |    51635 |        0 |    68101 |   1999-12-01    00:00:00
     57 |    16256 |    51845 |        0 |    68101 |   2000-01-01    00:00:00
     58 |    16058 |    52043 |        0 |    68101 |   2000-02-01    00:00:00
     59 |    15916 |    52185 |        0 |    68101 |   2000-03-01    00:00:00
     60 |    15782 |    52319 |        0 |    68101 |   2000-04-01    00:00:00
     61 |    15665 |    52436 |        0 |    68101 |   2000-05-01    00:00:00
     62 |    15525 |    52576 |        0 |    68101 |   2000-06-01    00:00:00
     63 |    15398 |    52703 |        0 |    68101 |   2000-07-01    00:00:00
     64 |    15258 |    52843 |        0 |    68101 |   2000-08-01    00:00:00
     65 |    15147 |    52954 |        0 |    68101 |   2000-09-01    00:00:00
     66 |    14994 |    53107 |        0 |    68101 |   2000-10-01    00:00:00
     67 |    14843 |    53258 |        0 |    68101 |   2000-11-01    00:00:00
     68 |    14736 |    53365 |        0 |    68101 |   2000-12-01    00:00:00
     69 |    14628 |    53473 |        0 |    68101 |   2001-01-01    00:00:00
     70 |    14525 |    53576 |        0 |    68101 |   2001-02-01    00:00:00
     71 |    14419 |    53682 |        0 |    68101 |   2001-03-01    00:00:00
     72 |    14320 |    53781 |        0 |    68101 |   2001-04-01    00:00:00
     73 |    14230 |    53871 |        0 |    68101 |   2001-05-01    00:00:00
     74 |    14113 |    53988 |        0 |    68101 |   2001-06-01    00:00:00
     75 |    13981 |    54120 |        0 |    68101 |   2001-07-01    00:00:00
     76 |    13868 |    54233 |        0 |    68101 |   2001-08-01    00:00:00
     77 |    13763 |    54338 |        0 |    68101 |   2001-09-01    00:00:00
     78 |    13675 |    54426 |        0 |    68101 |   2001-10-01    00:00:00
     79 |    13585 |    54516 |        0 |    68101 |   2001-11-01    00:00:00
     80 |    13474 |    54627 |        0 |    68101 |   2001-12-01    00:00:00
     81 |    13360 |    54741 |        0 |    68101 |   2002-01-01    00:00:00
     82 |    13264 |    54837 |        0 |    68101 |   2002-02-01    00:00:00
     83 |    13143 |    54958 |        0 |    68101 |   2002-03-01    00:00:00
     84 |    13027 |    55074 |        0 |    68101 |   2002-04-01    00:00:00
     85 |    12915 |    55186 |        0 |    68101 |   2002-05-01    00:00:00
     86 |    12805 |    55296 |        0 |    68101 |   2002-06-01    00:00:00
     87 |    12689 |    55412 |        0 |    68101 |   2002-07-01    00:00:00
     88 |    12595 |    55506 |        0 |    68101 |   2002-08-01    00:00:00
     89 |    12533 |    55568 |        0 |    68101 |   2002-09-01    00:00:00
     90 |    12461 |    55640 |        0 |    68101 |   2002-10-01    00:00:00
     91 |    12385 |    55716 |        0 |    68101 |   2002-11-01    00:00:00
     92 |    12308 |    55793 |        0 |    68101 |   2002-12-01    00:00:00
     93 |    12237 |    55864 |        0 |    68101 |   2003-01-01    00:00:00
     94 |    12173 |    55928 |        0 |    68101 |   2003-02-01    00:00:00
     95 |    12101 |    56000 |        0 |    68101 |   2003-03-01    00:00:00
     96 |    12017 |    56084 |        0 |    68101 |   2003-04-01    00:00:00
     97 |    11950 |    56151 |        0 |    68101 |   2003-05-01    00:00:00
     98 |    11894 |    56207 |        0 |    68101 |   2003-06-01    00:00:00
     99 |    11811 |    56290 |        0 |    68101 |   2003-07-01    00:00:00
    100 |    11749 |    56352 |        0 |    68101 |   2003-08-01    00:00:00
    101 |    11696 |    56405 |        0 |    68101 |   2003-09-01    00:00:00
    102 |    11625 |    56476 |        0 |    68101 |   2003-10-01    00:00:00
    103 |    11553 |    56548 |        0 |    68101 |   2003-11-01    00:00:00
    104 |    11498 |    56603 |        0 |    68101 |   2003-12-01    00:00:00
    105 |    11430 |    56671 |        0 |    68101 |   2004-01-01    00:00:00
    106 |    11368 |    56733 |        0 |    68101 |   2004-02-01    00:00:00
    107 |    11313 |    56788 |        0 |    68101 |   2004-03-01    00:00:00
    108 |    11234 |    56867 |        0 |    68101 |   2004-04-01    00:00:00
    109 |    11169 |    56932 |        0 |    68101 |   2004-05-01    00:00:00
    110 |    11095 |    57006 |        0 |    68101 |   2004-06-01    00:00:00
    111 |    11040 |    57061 |        0 |    68101 |   2004-07-01    00:00:00
    112 |    10975 |    57126 |        0 |    68101 |   2004-08-01    00:00:00
    113 |    10905 |    57196 |        0 |    68101 |   2004-09-01    00:00:00
    114 |    10832 |    57269 |        0 |    68101 |   2004-10-01    00:00:00
    115 |    10758 |    57343 |        0 |    68101 |   2004-11-01    00:00:00
    116 |    10701 |    57400 |        0 |    68101 |   2004-12-01    00:00:00
    117 |    10630 |    57471 |        0 |    68101 |   2005-01-01    00:00:00
    118 |    10562 |    57539 |        0 |    68101 |   2005-02-01    00:00:00
    119 |    10507 |    57594 |        0 |    68101 |   2005-03-01    00:00:00
    120 |    10432 |    57669 |        0 |    68101 |   2005-04-01    00:00:00
    121 |    10379 |    57722 |        0 |    68101 |   2005-05-01    00:00:00
    122 |    10326 |    57775 |        0 |    68101 |   2005-06-01    00:00:00
    123 |    10258 |    57843 |        0 |    68101 |   2005-07-01    00:00:00
    124 |    10204 |    57897 |        0 |    68101 |   2005-08-01    00:00:00
    125 |    10166 |    57935 |        0 |    68101 |   2005-09-01    00:00:00
    126 |    10106 |    57995 |        0 |    68101 |   2005-10-01    00:00:00
    127 |    10049 |    58052 |        0 |    68101 |   2005-11-01    00:00:00
    128 |    10001 |    58100 |        0 |    68101 |   2005-12-01    00:00:00
    129 |     9953 |    58148 |        0 |    68101 |   2006-01-01    00:00:00
    130 |     9903 |    58198 |        0 |    68101 |   2006-02-01    00:00:00
    131 |     9851 |    58250 |        0 |    68101 |   2006-03-01    00:00:00
    132 |     9804 |    58297 |        0 |    68101 |   2006-04-01    00:00:00
    133 |     9764 |    58337 |        0 |    68101 |   2006-05-01    00:00:00
    134 |     9714 |    58387 |        0 |    68101 |   2006-06-01    00:00:00
    135 |     9681 |    58420 |        0 |    68101 |   2006-07-01    00:00:00
    136 |     9646 |    58455 |        0 |    68101 |   2006-08-01    00:00:00
    137 |     9622 |    58479 |        0 |    68101 |   2006-09-01    00:00:00
    138 |     9580 |    58521 |        0 |    68101 |   2006-10-01    00:00:00
    139 |     9544 |    58557 |        0 |    68101 |   2006-11-01    00:00:00
    140 |     9498 |    58603 |        0 |    68101 |   2006-12-01    00:00:00
    141 |     9453 |    58648 |        0 |    68101 |   2007-01-01    00:00:00
    142 |     9411 |    58690 |        0 |    68101 |   2007-02-01    00:00:00
    143 |     9373 |    58728 |        0 |    68101 |   2007-03-01    00:00:00
    144 |     9328 |    58773 |        0 |    68101 |   2007-04-01    00:00:00
    145 |     9301 |    58800 |        0 |    68101 |   2007-05-01    00:00:00
    146 |     9274 |    58827 |        0 |    68101 |   2007-06-01    00:00:00
    147 |     9227 |    58874 |        0 |    68101 |   2007-07-01    00:00:00
    148 |     9186 |    58915 |        0 |    68101 |   2007-08-01    00:00:00
    149 |     9149 |    58952 |        0 |    68101 |   2007-09-01    00:00:00
    150 |     9114 |    58987 |        0 |    68101 |   2007-10-01    00:00:00
    151 |     9072 |    59029 |        0 |    68101 |   2007-11-01    00:00:00
    152 |     9037 |    59064 |        0 |    68101 |   2007-12-01    00:00:00
    153 |     8995 |    59106 |        0 |    68101 |   2008-01-01    00:00:00
    154 |     8957 |    59144 |        0 |    68101 |   2008-02-01    00:00:00
    155 |     8914 |    59187 |        0 |    68101 |   2008-03-01    00:00:00
    156 |     8873 |    59228 |        0 |    68101 |   2008-04-01    00:00:00
    157 |     8834 |    59267 |        0 |    68101 |   2008-05-01    00:00:00
    158 |     8802 |    59299 |        0 |    68101 |   2008-06-01    00:00:00
    159 |     8770 |    59331 |        0 |    68101 |   2008-07-01    00:00:00
    160 |     8734 |    59367 |        0 |    68101 |   2008-08-01    00:00:00
    161 |     8710 |    59391 |        0 |    68101 |   2008-09-01    00:00:00
    162 |     8682 |    59419 |        0 |    68101 |   2008-10-01    00:00:00
    163 |     8644 |    59457 |        0 |    68101 |   2008-11-01    00:00:00
    164 |     8608 |    59493 |        0 |    68101 |   2008-12-01    00:00:00
    165 |     8569 |    59532 |        0 |    68101 |   2009-01-01    00:00:00
    166 |     8528 |    59573 |        0 |    68101 |   2009-02-01    00:00:00
    167 |     8498 |    59603 |        0 |    68101 |   2009-03-01    00:00:00
    168 |     8467 |    59634 |        0 |    68101 |   2009-04-01    00:00:00
    169 |     8443 |    59658 |        0 |    68101 |   2009-05-01    00:00:00
    170 |     8416 |    59685 |        0 |    68101 |   2009-06-01    00:00:00
    171 |     8395 |    59706 |        0 |    68101 |   2009-07-01    00:00:00
    172 |     8370 |    59731 |        0 |    68101 |   2009-08-01    00:00:00
    173 |     8335 |    59766 |        0 |    68101 |   2009-09-01    00:00:00
    174 |     8306 |    59795 |        0 |    68101 |   2009-10-01    00:00:00
    175 |     8274 |    59827 |        0 |    68101 |   2009-11-01    00:00:00
    176 |     8247 |    59854 |        0 |    68101 |   2009-12-01    00:00:00
    177 |     8218 |    59883 |        0 |    68101 |   2010-01-01    00:00:00
    178 |     8187 |    59914 |        0 |    68101 |   2010-02-01    00:00:00
    179 |     8155 |    59946 |        0 |    68101 |   2010-03-01    00:00:00
    180 |     8140 |    59961 |        0 |    68101 |   2010-04-01    00:00:00
    181 |     8113 |    59988 |        0 |    68101 |   2010-05-01    00:00:00
    182 |     8083 |    60018 |        0 |    68101 |   2010-06-01    00:00:00
    183 |     8056 |    60045 |        0 |    68101 |   2010-07-01    00:00:00
    184 |     8028 |    60073 |        0 |    68101 |   2010-08-01    00:00:00
    185 |     8004 |    60097 |        0 |    68101 |   2010-09-01    00:00:00
    186 |     7991 |    60110 |        0 |    68101 |   2010-10-01    00:00:00
    187 |     7965 |    60136 |        0 |    68101 |   2010-11-01    00:00:00
    188 |     7937 |    60164 |        0 |    68101 |   2010-12-01    00:00:00
    189 |     7911 |    60190 |        0 |    68101 |   2011-01-01    00:00:00
    190 |     7880 |    60221 |        0 |    68101 |   2011-02-01    00:00:00
    191 |     7853 |    60248 |        0 |    68101 |   2011-03-01    00:00:00
    192 |     7832 |    60269 |        0 |    68101 |   2011-04-01    00:00:00
    193 |     7812 |    60289 |        0 |    68101 |   2011-05-01    00:00:00
    194 |     7796 |    60305 |        0 |    68101 |   2011-06-01    00:00:00
    195 |     7776 |    60325 |        0 |    68101 |   2011-07-01    00:00:00
    196 |     7752 |    60349 |        0 |    68101 |   2011-08-01    00:00:00
    197 |     7730 |    60371 |        0 |    68101 |   2011-09-01    00:00:00
    198 |     7704 |    60397 |        0 |    68101 |   2011-10-01    00:00:00
    199 |     7687 |    60414 |        0 |    68101 |   2011-11-01    00:00:00
    200 |     7663 |    60438 |        0 |    68101 |   2011-12-01    00:00:00
    201 |     7643 |    60458 |        0 |    68101 |   2012-01-01    00:00:00
    202 |     7618 |    60483 |        0 |    68101 |   2012-02-01    00:00:00
    203 |     7597 |    60504 |        0 |    68101 |   2012-03-01    00:00:00
    204 |     7567 |    60534 |        0 |    68101 |   2012-04-01    00:00:00
    205 |     7551 |    60550 |        0 |    68101 |   2012-05-01    00:00:00
    206 |     7518 |    60583 |        0 |    68101 |   2012-06-01    00:00:00
    207 |     7490 |    60611 |        0 |    68101 |   2012-07-01    00:00:00
    208 |     7474 |    60627 |        0 |    68101 |   2012-08-01    00:00:00
    209 |     7455 |    60646 |        0 |    68101 |   2012-09-01    00:00:00
    210 |     7436 |    60665 |        0 |    68101 |   2012-10-01    00:00:00
    211 |     7417 |    60684 |        0 |    68101 |   2012-11-01    00:00:00
    212 |     7391 |    60710 |        0 |    68101 |   2012-12-01    00:00:00
    213 |     7372 |    60729 |        0 |    68101 |   2013-01-01    00:00:00
    214 |     7347 |    60754 |        0 |    68101 |   2013-02-01    00:00:00
    215 |     7324 |    60777 |        0 |    68101 |   2013-03-01    00:00:00
    216 |     7310 |    60791 |        0 |    68101 |   2013-04-01    00:00:00
    217 |     7288 |    60813 |        0 |    68101 |   2013-05-01    00:00:00
    218 |     7270 |    60831 |        0 |    68101 |   2013-06-01    00:00:00
    219 |     7254 |    60847 |        0 |    68101 |   2013-07-01    00:00:00
    220 |     7236 |    60865 |        0 |    68101 |   2013-08-01    00:00:00
    221 |     7222 |    60879 |        0 |    68101 |   2013-09-01    00:00:00
    222 |     7200 |    60901 |        0 |    68101 |   2013-10-01    00:00:00
    223 |     7179 |    60922 |        0 |    68101 |   2013-11-01    00:00:00
    224 |     7166 |    60935 |        0 |    68101 |   2013-12-01    00:00:00
    225 |     7151 |    60950 |        0 |    68101 |   2014-01-01    00:00:00
    226 |     7131 |    60970 |        0 |    68101 |   2014-02-01    00:00:00
    227 |     7106 |    60995 |        0 |    68101 |   2014-03-01    00:00:00
    228 |     7095 |    61006 |        0 |    68101 |   2014-04-01    00:00:00
    229 |     7075 |    61026 |        0 |    68101 |   2014-05-01    00:00:00
    230 |     7059 |    61042 |        0 |    68101 |   2014-06-01    00:00:00
    231 |     7047 |    61054 |        0 |    68101 |   2014-07-01    00:00:00
    232 |     7027 |    61074 |        0 |    68101 |   2014-08-01    00:00:00
    233 |     7018 |    61083 |        0 |    68101 |   2014-09-01    00:00:00
    234 |     6999 |    61102 |        0 |    68101 |   2014-10-01    00:00:00
    235 |     6982 |    61119 |        0 |    68101 |   2014-11-01    00:00:00
    236 |     6963 |    61138 |        0 |    68101 |   2014-12-01    00:00:00
    237 |     6945 |    61156 |        0 |    68101 |   2015-01-01    00:00:00
    238 |     6929 |    61172 |        0 |    68101 |   2015-02-01    00:00:00
    239 |     6915 |    61186 |        0 |    68101 |   2015-03-01    00:00:00
    240 |     6894 |    61207 |        0 |    68101 |   2015-04-01    00:00:00
    241 |     6878 |    61223 |        0 |    68101 |   2015-05-01    00:00:00
    242 |     6863 |    61238 |        0 |    68101 |   2015-06-01    00:00:00
    243 |     6849 |    61252 |        0 |    68101 |   2015-07-01    00:00:00
    244 |     6837 |    61264 |        0 |    68101 |   2015-08-01    00:00:00
    245 |     6823 |    61278 |        0 |    68101 |   2015-09-01    00:00:00
    246 |     6811 |    61290 |        0 |    68101 |   2015-10-01    00:00:00
    247 |     6795 |    61306 |        0 |    68101 |   2015-11-01    00:00:00
    248 |     6775 |    61326 |        0 |    68101 |   2015-12-01    00:00:00
    249 |     6758 |    61343 |        0 |    68101 |   2016-01-01    00:00:00
    250 |     6749 |    61352 |        0 |    68101 |   2016-02-01    00:00:00
    251 |     6735 |    61366 |        0 |    68101 |   2016-03-01    00:00:00
    252 |     6719 |    61382 |        0 |    68101 |   2016-04-01    00:00:00
    253 |     6703 |    61398 |        0 |    68101 |   2016-05-01    00:00:00
    254 |     6694 |    61407 |        0 |    68101 |   2016-06-01    00:00:00
    255 |     6684 |    61417 |        0 |    68101 |   2016-07-01    00:00:00
    256 |     6668 |    61433 |        0 |    68101 |   2016-08-01    00:00:00
    257 |     6652 |    61449 |        0 |    68101 |   2016-09-01    00:00:00
    258 |     6629 |    61472 |        0 |    68101 |   2016-10-01    00:00:00
    259 |     6609 |    61492 |        0 |    68101 |   2016-11-01    00:00:00
    260 |     6589 |    61512 |        0 |    68101 |   2016-12-01    00:00:00
    261 |     6568 |    61533 |        0 |    68101 |   2017-01-01    00:00:00
    262 |     6542 |    61559 |        0 |    68101 |   2017-02-01    00:00:00
    263 |     6526 |    61575 |        0 |    68101 |   2017-03-01    00:00:00
    264 |     6514 |    61587 |        0 |    68101 |   2017-04-01    00:00:00
    265 |     6499 |    61602 |        0 |    68101 |   2017-05-01    00:00:00
    266 |     6491 |    61610 |        0 |    68101 |   2017-06-01    00:00:00
    267 |     6483 |    61618 |        0 |    68101 |   2017-07-01    00:00:00
    268 |     6471 |    61630 |        0 |    68101 |   2017-08-01    00:00:00
    269 |     6458 |    61643 |        0 |    68101 |   2017-09-01    00:00:00
    270 |     6444 |    61657 |        0 |    68101 |   2017-10-01    00:00:00
    271 |     6431 |    61670 |        0 |    68101 |   2017-11-01    00:00:00
    272 |     6411 |    61690 |        0 |    68101 |   2017-12-01    00:00:00
    273 |     6399 |    61702 |        0 |    68101 |   2018-01-01    00:00:00
    274 |     6389 |    61712 |        0 |    68101 |   2018-02-01    00:00:00
    275 |     6380 |    61721 |        0 |    68101 |   2018-03-01    00:00:00
    276 |     6363 |    61738 |        0 |    68101 |   2018-04-01    00:00:00
    277 |     6348 |    61753 |        0 |    68101 |   2018-05-01    00:00:00
    278 |     6335 |    61766 |        0 |    68101 |   2018-06-01    00:00:00
    279 |     6322 |    61779 |        0 |    68101 |   2018-07-01    00:00:00
    280 |     6312 |    61789 |        0 |    68101 |   2018-08-01    00:00:00
    281 |     6299 |    61802 |        0 |    68101 |   2018-09-01    00:00:00
    282 |     6289 |    61812 |        0 |    68101 |   2018-10-01    00:00:00
    283 |     6278 |    61823 |        0 |    68101 |   2018-11-01    00:00:00
    284 |     6268 |    61833 |        0 |    68101 |   2018-12-01    00:00:00
    285 |     6254 |    61847 |        0 |    68101 |   2019-01-01    00:00:00
    286 |     6243 |    61858 |        0 |    68101 |   2019-02-01    00:00:00
    287 |     6233 |    61868 |        0 |    68101 |   2019-03-01    00:00:00
    288 |     6225 |    61876 |        0 |    68101 |   2019-04-01    00:00:00
    289 |     6215 |    61886 |        0 |    68101 |   2019-05-01    00:00:00
    290 |     6205 |    61896 |        0 |    68101 |   2019-06-01    00:00:00
    291 |     6192 |    61909 |        0 |    68101 |   2019-07-01    00:00:00
    292 |     6183 |    61918 |        0 |    68101 |   2019-08-01    00:00:00
    293 |     6177 |    61924 |        0 |    68101 |   2019-09-01    00:00:00
    294 |     6170 |    61931 |        0 |    68101 |   2019-10-01    00:00:00
    295 |     6158 |    61943 |        0 |    68101 |   2019-11-01    00:00:00
    296 |     6148 |    61953 |        0 |    68101 |   2019-12-01    00:00:00
    297 |     6137 |    61964 |        0 |    68101 |   2020-01-01    00:00:00
    298 |     6119 |    61982 |        0 |    68101 |   2020-02-01    00:00:00
    299 |     6111 |    61990 |        0 |    68101 |   2020-03-01    00:00:00
    300 |     6104 |    61997 |        0 |    68101 |   2020-04-01    00:00:00
 ===============================================================================
       68101  particles calculated
       61997  particles exited the space and time domain
           0  particles flagged with errors
        6104  particles in domain
 -------------------------------------------------------------------------------
 
 ===============================================================================
 End date  : 2026-03-18
 End time  : 12:34:25
 ===============================================================================
