 ===============================================================================
              TRACMASS Lagrangian off-line particle tracking 
 ===============================================================================
 
 Start date  : 2026-03-10
 Start time  : 17:58:10
 
 -------------------------------------------------------------------------------
 
 Model information:
 Project code  : project_1m/eORCA1/eORCA
 Case name     : eORCA1_2000_2024_NS_1m
 Namelist file : projects/project_1m/eORCA1/eORCA/namelist_eORCA1_2000_2024_NS_1m.in
 
 -------------------------------------------------------------------------------
 
 Configuration options:
  - Forward in time (nff = 1)
  - A subdomain has been choosen
      i index:   185 - 296  
      j index:   197 - 311  
  - Three-dimensional trajectories (vertical fluxes computed)
  - Evaluate the value of these tracers along the trajectories:
     1- mld (m) 
     2- q (wm-2) 
     3- temp (degC) 
     4- sal (gkg-1) 
 
 -------------------------------------------------------------------------------
 
 imindom:         186 jmindom:         198 imt:         112 jmt:         115
 Output information:
 Directory for output files : /home/emdh1n25/Tracmass/project_1m/eORCA1/eORCA1_output/
 Prefix for output files    : ORCA1_NPD_2000_2024_NS_1m
 
 -------------------------------------------------------------------------------
 
 Start date in model-time     : 2000-01-01 00:00
 End date in model-time       : 2024-12-01 00:00
 Length of run in timesteps   :    300
 Number of seeding timesteps  :      1
 Time integration scheme      : regular time step scheme
 Steps between two GCM fields :    100
 
 -------------------------------------------------------------------------------
 t-step        run        out        err        tot                 model date
 -------------------------------------------------------------------------------
      1 |    21509 |        0 |        0 |    21509 |   2000-01-01    00:00:00
      2 |    20481 |     1028 |        0 |    21509 |   2000-02-01    00:00:00
      3 |    19527 |     1982 |        0 |    21509 |   2000-03-01    00:00:00
      4 |    18931 |     2578 |        0 |    21509 |   2000-04-01    00:00:00
      5 |    18530 |     2979 |        0 |    21509 |   2000-05-01    00:00:00
      6 |    18289 |     3220 |        0 |    21509 |   2000-06-01    00:00:00
      7 |    17993 |     3516 |        0 |    21509 |   2000-07-01    00:00:00
      8 |    17710 |     3799 |        0 |    21509 |   2000-08-01    00:00:00
      9 |    17412 |     4097 |        0 |    21509 |   2000-09-01    00:00:00
     10 |    17150 |     4359 |        0 |    21509 |   2000-10-01    00:00:00
     11 |    16996 |     4513 |        0 |    21509 |   2000-11-01    00:00:00
     12 |    16762 |     4747 |        0 |    21509 |   2000-12-01    00:00:00
     13 |    16519 |     4990 |        0 |    21509 |   2001-01-01    00:00:00
     14 |    16392 |     5117 |        0 |    21509 |   2001-02-01    00:00:00
     15 |    16276 |     5233 |        0 |    21509 |   2001-03-01    00:00:00
     16 |    16172 |     5337 |        0 |    21509 |   2001-04-01    00:00:00
     17 |    16109 |     5400 |        0 |    21509 |   2001-05-01    00:00:00
     18 |    16075 |     5434 |        0 |    21509 |   2001-06-01    00:00:00
     19 |    16028 |     5481 |        0 |    21509 |   2001-07-01    00:00:00
     20 |    15980 |     5529 |        0 |    21509 |   2001-08-01    00:00:00
     21 |    15939 |     5570 |        0 |    21509 |   2001-09-01    00:00:00
     22 |    15881 |     5628 |        0 |    21509 |   2001-10-01    00:00:00
     23 |    15810 |     5699 |        0 |    21509 |   2001-11-01    00:00:00
     24 |    15761 |     5748 |        0 |    21509 |   2001-12-01    00:00:00
     25 |    15748 |     5761 |        0 |    21509 |   2002-01-01    00:00:00
     26 |    15729 |     5780 |        0 |    21509 |   2002-02-01    00:00:00
     27 |    15682 |     5827 |        0 |    21509 |   2002-03-01    00:00:00
     28 |    15622 |     5887 |        0 |    21509 |   2002-04-01    00:00:00
     29 |    15581 |     5928 |        0 |    21509 |   2002-05-01    00:00:00
     30 |    15530 |     5979 |        0 |    21509 |   2002-06-01    00:00:00
     31 |    15484 |     6025 |        0 |    21509 |   2002-07-01    00:00:00
     32 |    15451 |     6058 |        0 |    21509 |   2002-08-01    00:00:00
     33 |    15400 |     6109 |        0 |    21509 |   2002-09-01    00:00:00
     34 |    15347 |     6162 |        0 |    21509 |   2002-10-01    00:00:00
     35 |    15296 |     6213 |        0 |    21509 |   2002-11-01    00:00:00
     36 |    15254 |     6255 |        0 |    21509 |   2002-12-01    00:00:00
     37 |    15229 |     6280 |        0 |    21509 |   2003-01-01    00:00:00
     38 |    15192 |     6317 |        0 |    21509 |   2003-02-01    00:00:00
     39 |    15161 |     6348 |        0 |    21509 |   2003-03-01    00:00:00
     40 |    15128 |     6381 |        0 |    21509 |   2003-04-01    00:00:00
     41 |    15078 |     6431 |        0 |    21509 |   2003-05-01    00:00:00
     42 |    15032 |     6477 |        0 |    21509 |   2003-06-01    00:00:00
     43 |    14996 |     6513 |        0 |    21509 |   2003-07-01    00:00:00
     44 |    14917 |     6592 |        0 |    21509 |   2003-08-01    00:00:00
     45 |    14863 |     6646 |        0 |    21509 |   2003-09-01    00:00:00
     46 |    14784 |     6725 |        0 |    21509 |   2003-10-01    00:00:00
     47 |    14684 |     6825 |        0 |    21509 |   2003-11-01    00:00:00
     48 |    14629 |     6880 |        0 |    21509 |   2003-12-01    00:00:00
     49 |    14551 |     6958 |        0 |    21509 |   2004-01-01    00:00:00
     50 |    14477 |     7032 |        0 |    21509 |   2004-02-01    00:00:00
     51 |    14413 |     7096 |        0 |    21509 |   2004-03-01    00:00:00
     52 |    14365 |     7144 |        0 |    21509 |   2004-04-01    00:00:00
     53 |    14294 |     7215 |        0 |    21509 |   2004-05-01    00:00:00
     54 |    14218 |     7291 |        0 |    21509 |   2004-06-01    00:00:00
     55 |    14139 |     7370 |        0 |    21509 |   2004-07-01    00:00:00
     56 |    14046 |     7463 |        0 |    21509 |   2004-08-01    00:00:00
     57 |    13981 |     7528 |        0 |    21509 |   2004-09-01    00:00:00
     58 |    13910 |     7599 |        0 |    21509 |   2004-10-01    00:00:00
     59 |    13814 |     7695 |        0 |    21509 |   2004-11-01    00:00:00
     60 |    13749 |     7760 |        0 |    21509 |   2004-12-01    00:00:00
     61 |    13697 |     7812 |        0 |    21509 |   2005-01-01    00:00:00
     62 |    13611 |     7898 |        0 |    21509 |   2005-02-01    00:00:00
     63 |    13523 |     7986 |        0 |    21509 |   2005-03-01    00:00:00
     64 |    13459 |     8050 |        0 |    21509 |   2005-04-01    00:00:00
     65 |    13403 |     8106 |        0 |    21509 |   2005-05-01    00:00:00
     66 |    13355 |     8154 |        0 |    21509 |   2005-06-01    00:00:00
     67 |    13275 |     8234 |        0 |    21509 |   2005-07-01    00:00:00
     68 |    13216 |     8293 |        0 |    21509 |   2005-08-01    00:00:00
     69 |    13141 |     8368 |        0 |    21509 |   2005-09-01    00:00:00
     70 |    13068 |     8441 |        0 |    21509 |   2005-10-01    00:00:00
     71 |    13011 |     8498 |        0 |    21509 |   2005-11-01    00:00:00
     72 |    12939 |     8570 |        0 |    21509 |   2005-12-01    00:00:00
     73 |    12851 |     8658 |        0 |    21509 |   2006-01-01    00:00:00
     74 |    12797 |     8712 |        0 |    21509 |   2006-02-01    00:00:00
     75 |    12715 |     8794 |        0 |    21509 |   2006-03-01    00:00:00
     76 |    12657 |     8852 |        0 |    21509 |   2006-04-01    00:00:00
     77 |    12589 |     8920 |        0 |    21509 |   2006-05-01    00:00:00
     78 |    12532 |     8977 |        0 |    21509 |   2006-06-01    00:00:00
     79 |    12477 |     9032 |        0 |    21509 |   2006-07-01    00:00:00
     80 |    12408 |     9101 |        0 |    21509 |   2006-08-01    00:00:00
     81 |    12332 |     9177 |        0 |    21509 |   2006-09-01    00:00:00
     82 |    12259 |     9250 |        0 |    21509 |   2006-10-01    00:00:00
     83 |    12190 |     9319 |        0 |    21509 |   2006-11-01    00:00:00
     84 |    12131 |     9378 |        0 |    21509 |   2006-12-01    00:00:00
     85 |    12039 |     9470 |        0 |    21509 |   2007-01-01    00:00:00
     86 |    11964 |     9545 |        0 |    21509 |   2007-02-01    00:00:00
     87 |    11897 |     9612 |        0 |    21509 |   2007-03-01    00:00:00
     88 |    11830 |     9679 |        0 |    21509 |   2007-04-01    00:00:00
     89 |    11758 |     9751 |        0 |    21509 |   2007-05-01    00:00:00
     90 |    11701 |     9808 |        0 |    21509 |   2007-06-01    00:00:00
     91 |    11641 |     9868 |        0 |    21509 |   2007-07-01    00:00:00
     92 |    11595 |     9914 |        0 |    21509 |   2007-08-01    00:00:00
     93 |    11554 |     9955 |        0 |    21509 |   2007-09-01    00:00:00
     94 |    11474 |    10035 |        0 |    21509 |   2007-10-01    00:00:00
     95 |    11406 |    10103 |        0 |    21509 |   2007-11-01    00:00:00
     96 |    11336 |    10173 |        0 |    21509 |   2007-12-01    00:00:00
     97 |    11263 |    10246 |        0 |    21509 |   2008-01-01    00:00:00
     98 |    11183 |    10326 |        0 |    21509 |   2008-02-01    00:00:00
     99 |    11122 |    10387 |        0 |    21509 |   2008-03-01    00:00:00
    100 |    11056 |    10453 |        0 |    21509 |   2008-04-01    00:00:00
    101 |    10992 |    10517 |        0 |    21509 |   2008-05-01    00:00:00
    102 |    10929 |    10580 |        0 |    21509 |   2008-06-01    00:00:00
    103 |    10873 |    10636 |        0 |    21509 |   2008-07-01    00:00:00
    104 |    10830 |    10679 |        0 |    21509 |   2008-08-01    00:00:00
    105 |    10785 |    10724 |        0 |    21509 |   2008-09-01    00:00:00
    106 |    10730 |    10779 |        0 |    21509 |   2008-10-01    00:00:00
    107 |    10664 |    10845 |        0 |    21509 |   2008-11-01    00:00:00
    108 |    10594 |    10915 |        0 |    21509 |   2008-12-01    00:00:00
    109 |    10540 |    10969 |        0 |    21509 |   2009-01-01    00:00:00
    110 |    10485 |    11024 |        0 |    21509 |   2009-02-01    00:00:00
    111 |    10438 |    11071 |        0 |    21509 |   2009-03-01    00:00:00
    112 |    10396 |    11113 |        0 |    21509 |   2009-04-01    00:00:00
    113 |    10350 |    11159 |        0 |    21509 |   2009-05-01    00:00:00
    114 |    10295 |    11214 |        0 |    21509 |   2009-06-01    00:00:00
    115 |    10244 |    11265 |        0 |    21509 |   2009-07-01    00:00:00
    116 |    10203 |    11306 |        0 |    21509 |   2009-08-01    00:00:00
    117 |    10168 |    11341 |        0 |    21509 |   2009-09-01    00:00:00
    118 |    10122 |    11387 |        0 |    21509 |   2009-10-01    00:00:00
    119 |    10090 |    11419 |        0 |    21509 |   2009-11-01    00:00:00
    120 |    10031 |    11478 |        0 |    21509 |   2009-12-01    00:00:00
    121 |     9983 |    11526 |        0 |    21509 |   2010-01-01    00:00:00
    122 |     9935 |    11574 |        0 |    21509 |   2010-02-01    00:00:00
    123 |     9894 |    11615 |        0 |    21509 |   2010-03-01    00:00:00
    124 |     9859 |    11650 |        0 |    21509 |   2010-04-01    00:00:00
    125 |     9827 |    11682 |        0 |    21509 |   2010-05-01    00:00:00
    126 |     9810 |    11699 |        0 |    21509 |   2010-06-01    00:00:00
    127 |     9784 |    11725 |        0 |    21509 |   2010-07-01    00:00:00
    128 |     9748 |    11761 |        0 |    21509 |   2010-08-01    00:00:00
    129 |     9727 |    11782 |        0 |    21509 |   2010-09-01    00:00:00
    130 |     9686 |    11823 |        0 |    21509 |   2010-10-01    00:00:00
    131 |     9660 |    11849 |        0 |    21509 |   2010-11-01    00:00:00
    132 |     9620 |    11889 |        0 |    21509 |   2010-12-01    00:00:00
    133 |     9590 |    11919 |        0 |    21509 |   2011-01-01    00:00:00
    134 |     9565 |    11944 |        0 |    21509 |   2011-02-01    00:00:00
    135 |     9535 |    11974 |        0 |    21509 |   2011-03-01    00:00:00
    136 |     9513 |    11996 |        0 |    21509 |   2011-04-01    00:00:00
    137 |     9485 |    12024 |        0 |    21509 |   2011-05-01    00:00:00
    138 |     9463 |    12046 |        0 |    21509 |   2011-06-01    00:00:00
    139 |     9427 |    12082 |        0 |    21509 |   2011-07-01    00:00:00
    140 |     9411 |    12098 |        0 |    21509 |   2011-08-01    00:00:00
    141 |     9377 |    12132 |        0 |    21509 |   2011-09-01    00:00:00
    142 |     9345 |    12164 |        0 |    21509 |   2011-10-01    00:00:00
    143 |     9327 |    12182 |        0 |    21509 |   2011-11-01    00:00:00
    144 |     9308 |    12201 |        0 |    21509 |   2011-12-01    00:00:00
    145 |     9275 |    12234 |        0 |    21509 |   2012-01-01    00:00:00
    146 |     9242 |    12267 |        0 |    21509 |   2012-02-01    00:00:00
    147 |     9212 |    12297 |        0 |    21509 |   2012-03-01    00:00:00
    148 |     9186 |    12323 |        0 |    21509 |   2012-04-01    00:00:00
    149 |     9161 |    12348 |        0 |    21509 |   2012-05-01    00:00:00
    150 |     9127 |    12382 |        0 |    21509 |   2012-06-01    00:00:00
    151 |     9110 |    12399 |        0 |    21509 |   2012-07-01    00:00:00
    152 |     9080 |    12429 |        0 |    21509 |   2012-08-01    00:00:00
    153 |     9055 |    12454 |        0 |    21509 |   2012-09-01    00:00:00
    154 |     9030 |    12479 |        0 |    21509 |   2012-10-01    00:00:00
    155 |     8993 |    12516 |        0 |    21509 |   2012-11-01    00:00:00
    156 |     8974 |    12535 |        0 |    21509 |   2012-12-01    00:00:00
    157 |     8948 |    12561 |        0 |    21509 |   2013-01-01    00:00:00
    158 |     8925 |    12584 |        0 |    21509 |   2013-02-01    00:00:00
    159 |     8900 |    12609 |        0 |    21509 |   2013-03-01    00:00:00
    160 |     8870 |    12639 |        0 |    21509 |   2013-04-01    00:00:00
    161 |     8849 |    12660 |        0 |    21509 |   2013-05-01    00:00:00
    162 |     8830 |    12679 |        0 |    21509 |   2013-06-01    00:00:00
    163 |     8804 |    12705 |        0 |    21509 |   2013-07-01    00:00:00
    164 |     8765 |    12744 |        0 |    21509 |   2013-08-01    00:00:00
    165 |     8744 |    12765 |        0 |    21509 |   2013-09-01    00:00:00
    166 |     8715 |    12794 |        0 |    21509 |   2013-10-01    00:00:00
    167 |     8693 |    12816 |        0 |    21509 |   2013-11-01    00:00:00
    168 |     8661 |    12848 |        0 |    21509 |   2013-12-01    00:00:00
    169 |     8630 |    12879 |        0 |    21509 |   2014-01-01    00:00:00
    170 |     8604 |    12905 |        0 |    21509 |   2014-02-01    00:00:00
    171 |     8572 |    12937 |        0 |    21509 |   2014-03-01    00:00:00
    172 |     8547 |    12962 |        0 |    21509 |   2014-04-01    00:00:00
    173 |     8522 |    12987 |        0 |    21509 |   2014-05-01    00:00:00
    174 |     8504 |    13005 |        0 |    21509 |   2014-06-01    00:00:00
    175 |     8480 |    13029 |        0 |    21509 |   2014-07-01    00:00:00
    176 |     8464 |    13045 |        0 |    21509 |   2014-08-01    00:00:00
    177 |     8441 |    13068 |        0 |    21509 |   2014-09-01    00:00:00
    178 |     8418 |    13091 |        0 |    21509 |   2014-10-01    00:00:00
    179 |     8395 |    13114 |        0 |    21509 |   2014-11-01    00:00:00
    180 |     8371 |    13138 |        0 |    21509 |   2014-12-01    00:00:00
    181 |     8346 |    13163 |        0 |    21509 |   2015-01-01    00:00:00
    182 |     8330 |    13179 |        0 |    21509 |   2015-02-01    00:00:00
    183 |     8312 |    13197 |        0 |    21509 |   2015-03-01    00:00:00
    184 |     8292 |    13217 |        0 |    21509 |   2015-04-01    00:00:00
    185 |     8273 |    13236 |        0 |    21509 |   2015-05-01    00:00:00
    186 |     8256 |    13253 |        0 |    21509 |   2015-06-01    00:00:00
    187 |     8226 |    13283 |        0 |    21509 |   2015-07-01    00:00:00
    188 |     8199 |    13310 |        0 |    21509 |   2015-08-01    00:00:00
    189 |     8167 |    13342 |        0 |    21509 |   2015-09-01    00:00:00
    190 |     8135 |    13374 |        0 |    21509 |   2015-10-01    00:00:00
    191 |     8120 |    13389 |        0 |    21509 |   2015-11-01    00:00:00
    192 |     8100 |    13409 |        0 |    21509 |   2015-12-01    00:00:00
    193 |     8084 |    13425 |        0 |    21509 |   2016-01-01    00:00:00
    194 |     8073 |    13436 |        0 |    21509 |   2016-02-01    00:00:00
    195 |     8054 |    13455 |        0 |    21509 |   2016-03-01    00:00:00
    196 |     8041 |    13468 |        0 |    21509 |   2016-04-01    00:00:00
    197 |     8022 |    13487 |        0 |    21509 |   2016-05-01    00:00:00
    198 |     8009 |    13500 |        0 |    21509 |   2016-06-01    00:00:00
    199 |     7999 |    13510 |        0 |    21509 |   2016-07-01    00:00:00
    200 |     7992 |    13517 |        0 |    21509 |   2016-08-01    00:00:00
    201 |     7979 |    13530 |        0 |    21509 |   2016-09-01    00:00:00
    202 |     7962 |    13547 |        0 |    21509 |   2016-10-01    00:00:00
    203 |     7947 |    13562 |        0 |    21509 |   2016-11-01    00:00:00
    204 |     7925 |    13584 |        0 |    21509 |   2016-12-01    00:00:00
    205 |     7916 |    13593 |        0 |    21509 |   2017-01-01    00:00:00
    206 |     7904 |    13605 |        0 |    21509 |   2017-02-01    00:00:00
    207 |     7889 |    13620 |        0 |    21509 |   2017-03-01    00:00:00
    208 |     7870 |    13639 |        0 |    21509 |   2017-04-01    00:00:00
    209 |     7844 |    13665 |        0 |    21509 |   2017-05-01    00:00:00
    210 |     7828 |    13681 |        0 |    21509 |   2017-06-01    00:00:00
    211 |     7807 |    13702 |        0 |    21509 |   2017-07-01    00:00:00
    212 |     7795 |    13714 |        0 |    21509 |   2017-08-01    00:00:00
    213 |     7773 |    13736 |        0 |    21509 |   2017-09-01    00:00:00
    214 |     7753 |    13756 |        0 |    21509 |   2017-10-01    00:00:00
    215 |     7734 |    13775 |        0 |    21509 |   2017-11-01    00:00:00
    216 |     7719 |    13790 |        0 |    21509 |   2017-12-01    00:00:00
    217 |     7696 |    13813 |        0 |    21509 |   2018-01-01    00:00:00
    218 |     7678 |    13831 |        0 |    21509 |   2018-02-01    00:00:00
    219 |     7649 |    13860 |        0 |    21509 |   2018-03-01    00:00:00
    220 |     7641 |    13868 |        0 |    21509 |   2018-04-01    00:00:00
    221 |     7632 |    13877 |        0 |    21509 |   2018-05-01    00:00:00
    222 |     7614 |    13895 |        0 |    21509 |   2018-06-01    00:00:00
    223 |     7593 |    13916 |        0 |    21509 |   2018-07-01    00:00:00
    224 |     7577 |    13932 |        0 |    21509 |   2018-08-01    00:00:00
    225 |     7553 |    13956 |        0 |    21509 |   2018-09-01    00:00:00
    226 |     7529 |    13980 |        0 |    21509 |   2018-10-01    00:00:00
    227 |     7498 |    14011 |        0 |    21509 |   2018-11-01    00:00:00
    228 |     7480 |    14029 |        0 |    21509 |   2018-12-01    00:00:00
    229 |     7464 |    14045 |        0 |    21509 |   2019-01-01    00:00:00
    230 |     7451 |    14058 |        0 |    21509 |   2019-02-01    00:00:00
    231 |     7440 |    14069 |        0 |    21509 |   2019-03-01    00:00:00
    232 |     7427 |    14082 |        0 |    21509 |   2019-04-01    00:00:00
    233 |     7413 |    14096 |        0 |    21509 |   2019-05-01    00:00:00
    234 |     7402 |    14107 |        0 |    21509 |   2019-06-01    00:00:00
    235 |     7390 |    14119 |        0 |    21509 |   2019-07-01    00:00:00
    236 |     7379 |    14130 |        0 |    21509 |   2019-08-01    00:00:00
    237 |     7360 |    14149 |        0 |    21509 |   2019-09-01    00:00:00
    238 |     7345 |    14164 |        0 |    21509 |   2019-10-01    00:00:00
    239 |     7336 |    14173 |        0 |    21509 |   2019-11-01    00:00:00
    240 |     7325 |    14184 |        0 |    21509 |   2019-12-01    00:00:00
    241 |     7311 |    14198 |        0 |    21509 |   2020-01-01    00:00:00
    242 |     7299 |    14210 |        0 |    21509 |   2020-02-01    00:00:00
    243 |     7281 |    14228 |        0 |    21509 |   2020-03-01    00:00:00
    244 |     7260 |    14249 |        0 |    21509 |   2020-04-01    00:00:00
    245 |     7248 |    14261 |        0 |    21509 |   2020-05-01    00:00:00
    246 |     7232 |    14277 |        0 |    21509 |   2020-06-01    00:00:00
    247 |     7218 |    14291 |        0 |    21509 |   2020-07-01    00:00:00
    248 |     7203 |    14306 |        0 |    21509 |   2020-08-01    00:00:00
    249 |     7184 |    14325 |        0 |    21509 |   2020-09-01    00:00:00
    250 |     7166 |    14343 |        0 |    21509 |   2020-10-01    00:00:00
    251 |     7149 |    14360 |        0 |    21509 |   2020-11-01    00:00:00
    252 |     7143 |    14366 |        0 |    21509 |   2020-12-01    00:00:00
    253 |     7128 |    14381 |        0 |    21509 |   2021-01-01    00:00:00
    254 |     7112 |    14397 |        0 |    21509 |   2021-02-01    00:00:00
    255 |     7095 |    14414 |        0 |    21509 |   2021-03-01    00:00:00
    256 |     7076 |    14433 |        0 |    21509 |   2021-04-01    00:00:00
    257 |     7055 |    14454 |        0 |    21509 |   2021-05-01    00:00:00
    258 |     7025 |    14484 |        0 |    21509 |   2021-06-01    00:00:00
    259 |     7001 |    14508 |        0 |    21509 |   2021-07-01    00:00:00
    260 |     6990 |    14519 |        0 |    21509 |   2021-08-01    00:00:00
    261 |     6968 |    14541 |        0 |    21509 |   2021-09-01    00:00:00
    262 |     6944 |    14565 |        0 |    21509 |   2021-10-01    00:00:00
    263 |     6924 |    14585 |        0 |    21509 |   2021-11-01    00:00:00
    264 |     6908 |    14601 |        0 |    21509 |   2021-12-01    00:00:00
    265 |     6884 |    14625 |        0 |    21509 |   2022-01-01    00:00:00
    266 |     6866 |    14643 |        0 |    21509 |   2022-02-01    00:00:00
    267 |     6852 |    14657 |        0 |    21509 |   2022-03-01    00:00:00
    268 |     6838 |    14671 |        0 |    21509 |   2022-04-01    00:00:00
    269 |     6825 |    14684 |        0 |    21509 |   2022-05-01    00:00:00
    270 |     6810 |    14699 |        0 |    21509 |   2022-06-01    00:00:00
    271 |     6796 |    14713 |        0 |    21509 |   2022-07-01    00:00:00
    272 |     6779 |    14730 |        0 |    21509 |   2022-08-01    00:00:00
    273 |     6765 |    14744 |        0 |    21509 |   2022-09-01    00:00:00
    274 |     6741 |    14768 |        0 |    21509 |   2022-10-01    00:00:00
    275 |     6729 |    14780 |        0 |    21509 |   2022-11-01    00:00:00
    276 |     6709 |    14800 |        0 |    21509 |   2022-12-01    00:00:00
    277 |     6690 |    14819 |        0 |    21509 |   2023-01-01    00:00:00
    278 |     6671 |    14838 |        0 |    21509 |   2023-02-01    00:00:00
    279 |     6655 |    14854 |        0 |    21509 |   2023-03-01    00:00:00
    280 |     6641 |    14868 |        0 |    21509 |   2023-04-01    00:00:00
    281 |     6632 |    14877 |        0 |    21509 |   2023-05-01    00:00:00
    282 |     6619 |    14890 |        0 |    21509 |   2023-06-01    00:00:00
    283 |     6612 |    14897 |        0 |    21509 |   2023-07-01    00:00:00
    284 |     6604 |    14905 |        0 |    21509 |   2023-08-01    00:00:00
    285 |     6585 |    14924 |        0 |    21509 |   2023-09-01    00:00:00
    286 |     6569 |    14940 |        0 |    21509 |   2023-10-01    00:00:00
    287 |     6558 |    14951 |        0 |    21509 |   2023-11-01    00:00:00
    288 |     6543 |    14966 |        0 |    21509 |   2023-12-01    00:00:00
    289 |     6531 |    14978 |        0 |    21509 |   2024-01-01    00:00:00
    290 |     6512 |    14997 |        0 |    21509 |   2024-02-01    00:00:00
    291 |     6503 |    15006 |        0 |    21509 |   2024-03-01    00:00:00
    292 |     6496 |    15013 |        0 |    21509 |   2024-04-01    00:00:00
    293 |     6485 |    15024 |        0 |    21509 |   2024-05-01    00:00:00
    294 |     6467 |    15042 |        0 |    21509 |   2024-06-01    00:00:00
    295 |     6453 |    15056 |        0 |    21509 |   2024-07-01    00:00:00
    296 |     6437 |    15072 |        0 |    21509 |   2024-08-01    00:00:00
    297 |     6424 |    15085 |        0 |    21509 |   2024-09-01    00:00:00
    298 |     6413 |    15096 |        0 |    21509 |   2024-10-01    00:00:00
    299 |     6400 |    15109 |        0 |    21509 |   2024-11-01    00:00:00
    300 |     6384 |    15125 |        0 |    21509 |   2024-12-01    00:00:00
 ===============================================================================
       21509  particles calculated
       15125  particles exited the space and time domain
           0  particles flagged with errors
        6384  particles in domain
 -------------------------------------------------------------------------------
 
 ===============================================================================
 End date  : 2026-03-10
 End time  : 18:10:27
 ===============================================================================
