 ===============================================================================
              TRACMASS Lagrangian off-line particle tracking 
 ===============================================================================
 
 Start date  : 2026-03-18
 Start time  : 02:04:27
 
 -------------------------------------------------------------------------------
 
 Model information:
 Project code  : project_1m_RAPID/eORCA0
 Case name     : eORCA025_07_1991_25_1m
 Namelist file : /tmp/tracmass_1991_07_370240/project_1m_RAPID/eORCA025/eORCA025_files/1991/namelist_eORCA025_07_1991_25_1m.in
 
 -------------------------------------------------------------------------------
 
 Configuration options:
  - Forward in time (nff = 1)
  - A subdomain has been choosen
      i index:   737 - 1185 
      j index:   694 - 1127 
  - Three-dimensional trajectories (vertical fluxes computed)
  - Evaluate the value of these tracers along the trajectories:
     1- mld (m) 
     2- q (wm-2) 
     3- temp (degC) 
     4- sal (gkg-1) 
 
 -------------------------------------------------------------------------------
 
 imindom:         738 jmindom:         695 imt:         449 jmt:         434
 Output information:
 Directory for output files : /dssgfs01/scratch/emdh1n25/project_1m_RAPID/eORCA025/eORCA025_output/1991/
 Prefix for output files    : ORCA025_NPD_07_1991_25_1m
 
 -------------------------------------------------------------------------------
 
 Start date in model-time     : 1991-07-01 00:00
 End date in model-time       : 2016-06-01 00:00
 Length of run in timesteps   :    300
 Number of seeding timesteps  :      1
 Time integration scheme      : regular time step scheme
 Steps between two GCM fields :    100
 
 -------------------------------------------------------------------------------
 t-step        run        out        err        tot                 model date
 -------------------------------------------------------------------------------
      1 |    89664 |        0 |        0 |    89664 |   1991-07-01    00:00:00
      2 |    78741 |    10923 |        0 |    89664 |   1991-08-01    00:00:00
      3 |    64234 |    25430 |        0 |    89664 |   1991-09-01    00:00:00
      4 |    57494 |    32170 |        0 |    89664 |   1991-10-01    00:00:00
      5 |    52583 |    37081 |        0 |    89664 |   1991-11-01    00:00:00
      6 |    48696 |    40968 |        0 |    89664 |   1991-12-01    00:00:00
      7 |    46704 |    42960 |        0 |    89664 |   1992-01-01    00:00:00
      8 |    45495 |    44169 |        0 |    89664 |   1992-02-01    00:00:00
      9 |    44490 |    45174 |        0 |    89664 |   1992-03-01    00:00:00
     10 |    43487 |    46177 |        0 |    89664 |   1992-04-01    00:00:00
     11 |    42300 |    47364 |        0 |    89664 |   1992-05-01    00:00:00
     12 |    41231 |    48433 |        0 |    89664 |   1992-06-01    00:00:00
     13 |    40539 |    49125 |        0 |    89664 |   1992-07-01    00:00:00
     14 |    39674 |    49990 |        0 |    89664 |   1992-08-01    00:00:00
     15 |    38749 |    50915 |        0 |    89664 |   1992-09-01    00:00:00
     16 |    38277 |    51387 |        0 |    89664 |   1992-10-01    00:00:00
     17 |    37751 |    51913 |        0 |    89664 |   1992-11-01    00:00:00
     18 |    37063 |    52601 |        0 |    89664 |   1992-12-01    00:00:00
     19 |    36298 |    53366 |        0 |    89664 |   1993-01-01    00:00:00
     20 |    35769 |    53895 |        0 |    89664 |   1993-02-01    00:00:00
     21 |    35415 |    54249 |        0 |    89664 |   1993-03-01    00:00:00
     22 |    35004 |    54660 |        0 |    89664 |   1993-04-01    00:00:00
     23 |    34546 |    55118 |        0 |    89664 |   1993-05-01    00:00:00
     24 |    34036 |    55628 |        0 |    89664 |   1993-06-01    00:00:00
     25 |    33352 |    56312 |        0 |    89664 |   1993-07-01    00:00:00
     26 |    32768 |    56896 |        0 |    89664 |   1993-08-01    00:00:00
     27 |    32322 |    57342 |        0 |    89664 |   1993-09-01    00:00:00
     28 |    31963 |    57701 |        0 |    89664 |   1993-10-01    00:00:00
     29 |    31584 |    58080 |        0 |    89664 |   1993-11-01    00:00:00
     30 |    31212 |    58452 |        0 |    89664 |   1993-12-01    00:00:00
     31 |    30873 |    58791 |        0 |    89664 |   1994-01-01    00:00:00
     32 |    30571 |    59093 |        0 |    89664 |   1994-02-01    00:00:00
     33 |    30253 |    59411 |        0 |    89664 |   1994-03-01    00:00:00
     34 |    29947 |    59717 |        0 |    89664 |   1994-04-01    00:00:00
     35 |    29646 |    60018 |        0 |    89664 |   1994-05-01    00:00:00
     36 |    29339 |    60325 |        0 |    89664 |   1994-06-01    00:00:00
     37 |    28997 |    60667 |        0 |    89664 |   1994-07-01    00:00:00
     38 |    28686 |    60978 |        0 |    89664 |   1994-08-01    00:00:00
     39 |    28399 |    61265 |        0 |    89664 |   1994-09-01    00:00:00
     40 |    28127 |    61537 |        0 |    89664 |   1994-10-01    00:00:00
     41 |    27880 |    61784 |        0 |    89664 |   1994-11-01    00:00:00
     42 |    27653 |    62011 |        0 |    89664 |   1994-12-01    00:00:00
     43 |    27453 |    62211 |        0 |    89664 |   1995-01-01    00:00:00
     44 |    27235 |    62429 |        0 |    89664 |   1995-02-01    00:00:00
     45 |    27045 |    62619 |        0 |    89664 |   1995-03-01    00:00:00
     46 |    26804 |    62860 |        0 |    89664 |   1995-04-01    00:00:00
     47 |    26584 |    63080 |        0 |    89664 |   1995-05-01    00:00:00
     48 |    26412 |    63252 |        0 |    89664 |   1995-06-01    00:00:00
     49 |    26237 |    63427 |        0 |    89664 |   1995-07-01    00:00:00
     50 |    26022 |    63642 |        0 |    89664 |   1995-08-01    00:00:00
     51 |    25775 |    63889 |        0 |    89664 |   1995-09-01    00:00:00
     52 |    25548 |    64116 |        0 |    89664 |   1995-10-01    00:00:00
     53 |    25315 |    64349 |        0 |    89664 |   1995-11-01    00:00:00
     54 |    25074 |    64590 |        0 |    89664 |   1995-12-01    00:00:00
     55 |    24801 |    64863 |        0 |    89664 |   1996-01-01    00:00:00
     56 |    24554 |    65110 |        0 |    89664 |   1996-02-01    00:00:00
     57 |    24339 |    65325 |        0 |    89664 |   1996-03-01    00:00:00
     58 |    24118 |    65546 |        0 |    89664 |   1996-04-01    00:00:00
     59 |    23910 |    65754 |        0 |    89664 |   1996-05-01    00:00:00
     60 |    23697 |    65967 |        0 |    89664 |   1996-06-01    00:00:00
     61 |    23435 |    66229 |        0 |    89664 |   1996-07-01    00:00:00
     62 |    23194 |    66470 |        0 |    89664 |   1996-08-01    00:00:00
     63 |    23014 |    66650 |        0 |    89664 |   1996-09-01    00:00:00
     64 |    22854 |    66810 |        0 |    89664 |   1996-10-01    00:00:00
     65 |    22673 |    66991 |        0 |    89664 |   1996-11-01    00:00:00
     66 |    22432 |    67232 |        0 |    89664 |   1996-12-01    00:00:00
     67 |    22226 |    67438 |        0 |    89664 |   1997-01-01    00:00:00
     68 |    21993 |    67671 |        0 |    89664 |   1997-02-01    00:00:00
     69 |    21792 |    67872 |        0 |    89664 |   1997-03-01    00:00:00
     70 |    21570 |    68094 |        0 |    89664 |   1997-04-01    00:00:00
     71 |    21353 |    68311 |        0 |    89664 |   1997-05-01    00:00:00
     72 |    21131 |    68533 |        0 |    89664 |   1997-06-01    00:00:00
     73 |    20928 |    68736 |        0 |    89664 |   1997-07-01    00:00:00
     74 |    20739 |    68925 |        0 |    89664 |   1997-08-01    00:00:00
     75 |    20535 |    69129 |        0 |    89664 |   1997-09-01    00:00:00
     76 |    20314 |    69350 |        0 |    89664 |   1997-10-01    00:00:00
     77 |    20138 |    69526 |        0 |    89664 |   1997-11-01    00:00:00
     78 |    19986 |    69678 |        0 |    89664 |   1997-12-01    00:00:00
     79 |    19839 |    69825 |        0 |    89664 |   1998-01-01    00:00:00
     80 |    19698 |    69966 |        0 |    89664 |   1998-02-01    00:00:00
     81 |    19521 |    70143 |        0 |    89664 |   1998-03-01    00:00:00
     82 |    19376 |    70288 |        0 |    89664 |   1998-04-01    00:00:00
     83 |    19236 |    70428 |        0 |    89664 |   1998-05-01    00:00:00
     84 |    19079 |    70585 |        0 |    89664 |   1998-06-01    00:00:00
     85 |    18908 |    70756 |        0 |    89664 |   1998-07-01    00:00:00
     86 |    18751 |    70913 |        0 |    89664 |   1998-08-01    00:00:00
     87 |    18587 |    71077 |        0 |    89664 |   1998-09-01    00:00:00
     88 |    18443 |    71221 |        0 |    89664 |   1998-10-01    00:00:00
     89 |    18282 |    71382 |        0 |    89664 |   1998-11-01    00:00:00
     90 |    18148 |    71516 |        0 |    89664 |   1998-12-01    00:00:00
     91 |    18019 |    71645 |        0 |    89664 |   1999-01-01    00:00:00
     92 |    17872 |    71792 |        0 |    89664 |   1999-02-01    00:00:00
     93 |    17730 |    71934 |        0 |    89664 |   1999-03-01    00:00:00
     94 |    17585 |    72079 |        0 |    89664 |   1999-04-01    00:00:00
     95 |    17451 |    72213 |        0 |    89664 |   1999-05-01    00:00:00
     96 |    17317 |    72347 |        0 |    89664 |   1999-06-01    00:00:00
     97 |    17187 |    72477 |        0 |    89664 |   1999-07-01    00:00:00
     98 |    17068 |    72596 |        0 |    89664 |   1999-08-01    00:00:00
     99 |    16958 |    72706 |        0 |    89664 |   1999-09-01    00:00:00
    100 |    16850 |    72814 |        0 |    89664 |   1999-10-01    00:00:00
    101 |    16742 |    72922 |        0 |    89664 |   1999-11-01    00:00:00
    102 |    16627 |    73037 |        0 |    89664 |   1999-12-01    00:00:00
    103 |    16498 |    73166 |        0 |    89664 |   2000-01-01    00:00:00
    104 |    16396 |    73268 |        0 |    89664 |   2000-02-01    00:00:00
    105 |    16299 |    73365 |        0 |    89664 |   2000-03-01    00:00:00
    106 |    16205 |    73459 |        0 |    89664 |   2000-04-01    00:00:00
    107 |    16114 |    73550 |        0 |    89664 |   2000-05-01    00:00:00
    108 |    16011 |    73653 |        0 |    89664 |   2000-06-01    00:00:00
    109 |    15920 |    73744 |        0 |    89664 |   2000-07-01    00:00:00
    110 |    15822 |    73842 |        0 |    89664 |   2000-08-01    00:00:00
    111 |    15724 |    73940 |        0 |    89664 |   2000-09-01    00:00:00
    112 |    15619 |    74045 |        0 |    89664 |   2000-10-01    00:00:00
    113 |    15525 |    74139 |        0 |    89664 |   2000-11-01    00:00:00
    114 |    15440 |    74224 |        0 |    89664 |   2000-12-01    00:00:00
    115 |    15379 |    74285 |        0 |    89664 |   2001-01-01    00:00:00
    116 |    15312 |    74352 |        0 |    89664 |   2001-02-01    00:00:00
    117 |    15249 |    74415 |        0 |    89664 |   2001-03-01    00:00:00
    118 |    15180 |    74484 |        0 |    89664 |   2001-04-01    00:00:00
    119 |    15109 |    74555 |        0 |    89664 |   2001-05-01    00:00:00
    120 |    15011 |    74653 |        0 |    89664 |   2001-06-01    00:00:00
    121 |    14926 |    74738 |        0 |    89664 |   2001-07-01    00:00:00
    122 |    14838 |    74826 |        0 |    89664 |   2001-08-01    00:00:00
    123 |    14764 |    74900 |        0 |    89664 |   2001-09-01    00:00:00
    124 |    14697 |    74967 |        0 |    89664 |   2001-10-01    00:00:00
    125 |    14620 |    75044 |        0 |    89664 |   2001-11-01    00:00:00
    126 |    14532 |    75132 |        0 |    89664 |   2001-12-01    00:00:00
    127 |    14458 |    75206 |        0 |    89664 |   2002-01-01    00:00:00
    128 |    14392 |    75272 |        0 |    89664 |   2002-02-01    00:00:00
    129 |    14322 |    75342 |        0 |    89664 |   2002-03-01    00:00:00
    130 |    14245 |    75419 |        0 |    89664 |   2002-04-01    00:00:00
    131 |    14169 |    75495 |        0 |    89664 |   2002-05-01    00:00:00
    132 |    14106 |    75558 |        0 |    89664 |   2002-06-01    00:00:00
    133 |    14051 |    75613 |        0 |    89664 |   2002-07-01    00:00:00
    134 |    13994 |    75670 |        0 |    89664 |   2002-08-01    00:00:00
    135 |    13934 |    75730 |        0 |    89664 |   2002-09-01    00:00:00
    136 |    13882 |    75782 |        0 |    89664 |   2002-10-01    00:00:00
    137 |    13833 |    75831 |        0 |    89664 |   2002-11-01    00:00:00
    138 |    13782 |    75882 |        0 |    89664 |   2002-12-01    00:00:00
    139 |    13738 |    75926 |        0 |    89664 |   2003-01-01    00:00:00
    140 |    13690 |    75974 |        0 |    89664 |   2003-02-01    00:00:00
    141 |    13634 |    76030 |        0 |    89664 |   2003-03-01    00:00:00
    142 |    13592 |    76072 |        0 |    89664 |   2003-04-01    00:00:00
    143 |    13543 |    76121 |        0 |    89664 |   2003-05-01    00:00:00
    144 |    13495 |    76169 |        0 |    89664 |   2003-06-01    00:00:00
    145 |    13441 |    76223 |        0 |    89664 |   2003-07-01    00:00:00
    146 |    13388 |    76276 |        0 |    89664 |   2003-08-01    00:00:00
    147 |    13339 |    76325 |        0 |    89664 |   2003-09-01    00:00:00
    148 |    13278 |    76386 |        0 |    89664 |   2003-10-01    00:00:00
    149 |    13220 |    76444 |        0 |    89664 |   2003-11-01    00:00:00
    150 |    13163 |    76501 |        0 |    89664 |   2003-12-01    00:00:00
    151 |    13110 |    76554 |        0 |    89664 |   2004-01-01    00:00:00
    152 |    13070 |    76594 |        0 |    89664 |   2004-02-01    00:00:00
    153 |    13029 |    76635 |        0 |    89664 |   2004-03-01    00:00:00
    154 |    12991 |    76673 |        0 |    89664 |   2004-04-01    00:00:00
    155 |    12944 |    76720 |        0 |    89664 |   2004-05-01    00:00:00
    156 |    12889 |    76775 |        0 |    89664 |   2004-06-01    00:00:00
    157 |    12857 |    76807 |        0 |    89664 |   2004-07-01    00:00:00
    158 |    12812 |    76852 |        0 |    89664 |   2004-08-01    00:00:00
    159 |    12750 |    76914 |        0 |    89664 |   2004-09-01    00:00:00
    160 |    12689 |    76975 |        0 |    89664 |   2004-10-01    00:00:00
    161 |    12638 |    77026 |        0 |    89664 |   2004-11-01    00:00:00
    162 |    12592 |    77072 |        0 |    89664 |   2004-12-01    00:00:00
    163 |    12553 |    77111 |        0 |    89664 |   2005-01-01    00:00:00
    164 |    12503 |    77161 |        0 |    89664 |   2005-02-01    00:00:00
    165 |    12458 |    77206 |        0 |    89664 |   2005-03-01    00:00:00
    166 |    12413 |    77251 |        0 |    89664 |   2005-04-01    00:00:00
    167 |    12379 |    77285 |        0 |    89664 |   2005-05-01    00:00:00
    168 |    12335 |    77329 |        0 |    89664 |   2005-06-01    00:00:00
    169 |    12304 |    77360 |        0 |    89664 |   2005-07-01    00:00:00
    170 |    12270 |    77394 |        0 |    89664 |   2005-08-01    00:00:00
    171 |    12230 |    77434 |        0 |    89664 |   2005-09-01    00:00:00
    172 |    12187 |    77477 |        0 |    89664 |   2005-10-01    00:00:00
    173 |    12155 |    77509 |        0 |    89664 |   2005-11-01    00:00:00
    174 |    12119 |    77545 |        0 |    89664 |   2005-12-01    00:00:00
    175 |    12072 |    77592 |        0 |    89664 |   2006-01-01    00:00:00
    176 |    12030 |    77634 |        0 |    89664 |   2006-02-01    00:00:00
    177 |    11993 |    77671 |        0 |    89664 |   2006-03-01    00:00:00
    178 |    11956 |    77708 |        0 |    89664 |   2006-04-01    00:00:00
    179 |    11920 |    77744 |        0 |    89664 |   2006-05-01    00:00:00
    180 |    11889 |    77775 |        0 |    89664 |   2006-06-01    00:00:00
    181 |    11860 |    77804 |        0 |    89664 |   2006-07-01    00:00:00
    182 |    11822 |    77842 |        0 |    89664 |   2006-08-01    00:00:00
    183 |    11799 |    77865 |        0 |    89664 |   2006-09-01    00:00:00
    184 |    11761 |    77903 |        0 |    89664 |   2006-10-01    00:00:00
    185 |    11717 |    77947 |        0 |    89664 |   2006-11-01    00:00:00
    186 |    11683 |    77981 |        0 |    89664 |   2006-12-01    00:00:00
    187 |    11652 |    78012 |        0 |    89664 |   2007-01-01    00:00:00
    188 |    11619 |    78045 |        0 |    89664 |   2007-02-01    00:00:00
    189 |    11583 |    78081 |        0 |    89664 |   2007-03-01    00:00:00
    190 |    11555 |    78109 |        0 |    89664 |   2007-04-01    00:00:00
    191 |    11516 |    78148 |        0 |    89664 |   2007-05-01    00:00:00
    192 |    11482 |    78182 |        0 |    89664 |   2007-06-01    00:00:00
    193 |    11444 |    78220 |        0 |    89664 |   2007-07-01    00:00:00
    194 |    11410 |    78254 |        0 |    89664 |   2007-08-01    00:00:00
    195 |    11382 |    78282 |        0 |    89664 |   2007-09-01    00:00:00
    196 |    11356 |    78308 |        0 |    89664 |   2007-10-01    00:00:00
    197 |    11324 |    78340 |        0 |    89664 |   2007-11-01    00:00:00
    198 |    11297 |    78367 |        0 |    89664 |   2007-12-01    00:00:00
    199 |    11274 |    78390 |        0 |    89664 |   2008-01-01    00:00:00
    200 |    11245 |    78419 |        0 |    89664 |   2008-02-01    00:00:00
    201 |    11217 |    78447 |        0 |    89664 |   2008-03-01    00:00:00
    202 |    11185 |    78479 |        0 |    89664 |   2008-04-01    00:00:00
    203 |    11156 |    78508 |        0 |    89664 |   2008-05-01    00:00:00
    204 |    11131 |    78533 |        0 |    89664 |   2008-06-01    00:00:00
    205 |    11117 |    78547 |        0 |    89664 |   2008-07-01    00:00:00
    206 |    11089 |    78575 |        0 |    89664 |   2008-08-01    00:00:00
    207 |    11050 |    78614 |        0 |    89664 |   2008-09-01    00:00:00
    208 |    11011 |    78653 |        0 |    89664 |   2008-10-01    00:00:00
    209 |    10982 |    78682 |        0 |    89664 |   2008-11-01    00:00:00
    210 |    10952 |    78712 |        0 |    89664 |   2008-12-01    00:00:00
    211 |    10923 |    78741 |        0 |    89664 |   2009-01-01    00:00:00
    212 |    10891 |    78773 |        0 |    89664 |   2009-02-01    00:00:00
    213 |    10868 |    78796 |        0 |    89664 |   2009-03-01    00:00:00
    214 |    10841 |    78823 |        0 |    89664 |   2009-04-01    00:00:00
    215 |    10807 |    78857 |        0 |    89664 |   2009-05-01    00:00:00
    216 |    10778 |    78886 |        0 |    89664 |   2009-06-01    00:00:00
    217 |    10747 |    78917 |        0 |    89664 |   2009-07-01    00:00:00
    218 |    10725 |    78939 |        0 |    89664 |   2009-08-01    00:00:00
    219 |    10696 |    78968 |        0 |    89664 |   2009-09-01    00:00:00
    220 |    10666 |    78998 |        0 |    89664 |   2009-10-01    00:00:00
    221 |    10627 |    79037 |        0 |    89664 |   2009-11-01    00:00:00
    222 |    10600 |    79064 |        0 |    89664 |   2009-12-01    00:00:00
    223 |    10575 |    79089 |        0 |    89664 |   2010-01-01    00:00:00
    224 |    10549 |    79115 |        0 |    89664 |   2010-02-01    00:00:00
    225 |    10531 |    79133 |        0 |    89664 |   2010-03-01    00:00:00
    226 |    10505 |    79159 |        0 |    89664 |   2010-04-01    00:00:00
    227 |    10482 |    79182 |        0 |    89664 |   2010-05-01    00:00:00
    228 |    10473 |    79191 |        0 |    89664 |   2010-06-01    00:00:00
    229 |    10460 |    79204 |        0 |    89664 |   2010-07-01    00:00:00
    230 |    10445 |    79219 |        0 |    89664 |   2010-08-01    00:00:00
    231 |    10423 |    79241 |        0 |    89664 |   2010-09-01    00:00:00
    232 |    10394 |    79270 |        0 |    89664 |   2010-10-01    00:00:00
    233 |    10374 |    79290 |        0 |    89664 |   2010-11-01    00:00:00
    234 |    10347 |    79317 |        0 |    89664 |   2010-12-01    00:00:00
    235 |    10326 |    79338 |        0 |    89664 |   2011-01-01    00:00:00
    236 |    10303 |    79361 |        0 |    89664 |   2011-02-01    00:00:00
    237 |    10287 |    79377 |        0 |    89664 |   2011-03-01    00:00:00
    238 |    10270 |    79394 |        0 |    89664 |   2011-04-01    00:00:00
    239 |    10257 |    79407 |        0 |    89664 |   2011-05-01    00:00:00
    240 |    10230 |    79434 |        0 |    89664 |   2011-06-01    00:00:00
    241 |    10211 |    79453 |        0 |    89664 |   2011-07-01    00:00:00
    242 |    10193 |    79471 |        0 |    89664 |   2011-08-01    00:00:00
    243 |    10168 |    79496 |        0 |    89664 |   2011-09-01    00:00:00
    244 |    10146 |    79518 |        0 |    89664 |   2011-10-01    00:00:00
    245 |    10125 |    79539 |        0 |    89664 |   2011-11-01    00:00:00
    246 |    10108 |    79556 |        0 |    89664 |   2011-12-01    00:00:00
    247 |    10086 |    79578 |        0 |    89664 |   2012-01-01    00:00:00
    248 |    10059 |    79605 |        0 |    89664 |   2012-02-01    00:00:00
    249 |    10037 |    79627 |        0 |    89664 |   2012-03-01    00:00:00
    250 |    10023 |    79641 |        0 |    89664 |   2012-04-01    00:00:00
    251 |     9997 |    79667 |        0 |    89664 |   2012-05-01    00:00:00
    252 |     9963 |    79701 |        0 |    89664 |   2012-06-01    00:00:00
    253 |     9938 |    79726 |        0 |    89664 |   2012-07-01    00:00:00
    254 |     9912 |    79752 |        0 |    89664 |   2012-08-01    00:00:00
    255 |     9890 |    79774 |        0 |    89664 |   2012-09-01    00:00:00
    256 |     9864 |    79800 |        0 |    89664 |   2012-10-01    00:00:00
    257 |     9830 |    79834 |        0 |    89664 |   2012-11-01    00:00:00
    258 |     9802 |    79862 |        0 |    89664 |   2012-12-01    00:00:00
    259 |     9783 |    79881 |        0 |    89664 |   2013-01-01    00:00:00
    260 |     9755 |    79909 |        0 |    89664 |   2013-02-01    00:00:00
    261 |     9733 |    79931 |        0 |    89664 |   2013-03-01    00:00:00
    262 |     9707 |    79957 |        0 |    89664 |   2013-04-01    00:00:00
    263 |     9689 |    79975 |        0 |    89664 |   2013-05-01    00:00:00
    264 |     9666 |    79998 |        0 |    89664 |   2013-06-01    00:00:00
    265 |     9636 |    80028 |        0 |    89664 |   2013-07-01    00:00:00
    266 |     9616 |    80048 |        0 |    89664 |   2013-08-01    00:00:00
    267 |     9594 |    80070 |        0 |    89664 |   2013-09-01    00:00:00
    268 |     9573 |    80091 |        0 |    89664 |   2013-10-01    00:00:00
    269 |     9559 |    80105 |        0 |    89664 |   2013-11-01    00:00:00
    270 |     9543 |    80121 |        0 |    89664 |   2013-12-01    00:00:00
    271 |     9522 |    80142 |        0 |    89664 |   2014-01-01    00:00:00
    272 |     9501 |    80163 |        0 |    89664 |   2014-02-01    00:00:00
    273 |     9476 |    80188 |        0 |    89664 |   2014-03-01    00:00:00
    274 |     9449 |    80215 |        0 |    89664 |   2014-04-01    00:00:00
    275 |     9440 |    80224 |        0 |    89664 |   2014-05-01    00:00:00
    276 |     9418 |    80246 |        0 |    89664 |   2014-06-01    00:00:00
    277 |     9407 |    80257 |        0 |    89664 |   2014-07-01    00:00:00
    278 |     9379 |    80285 |        0 |    89664 |   2014-08-01    00:00:00
    279 |     9356 |    80308 |        0 |    89664 |   2014-09-01    00:00:00
    280 |     9334 |    80330 |        0 |    89664 |   2014-10-01    00:00:00
    281 |     9318 |    80346 |        0 |    89664 |   2014-11-01    00:00:00
    282 |     9296 |    80368 |        0 |    89664 |   2014-12-01    00:00:00
    283 |     9278 |    80386 |        0 |    89664 |   2015-01-01    00:00:00
    284 |     9261 |    80403 |        0 |    89664 |   2015-02-01    00:00:00
    285 |     9237 |    80427 |        0 |    89664 |   2015-03-01    00:00:00
    286 |     9221 |    80443 |        0 |    89664 |   2015-04-01    00:00:00
    287 |     9205 |    80459 |        0 |    89664 |   2015-05-01    00:00:00
    288 |     9185 |    80479 |        0 |    89664 |   2015-06-01    00:00:00
    289 |     9167 |    80497 |        0 |    89664 |   2015-07-01    00:00:00
    290 |     9155 |    80509 |        0 |    89664 |   2015-08-01    00:00:00
    291 |     9138 |    80526 |        0 |    89664 |   2015-09-01    00:00:00
    292 |     9117 |    80547 |        0 |    89664 |   2015-10-01    00:00:00
    293 |     9096 |    80568 |        0 |    89664 |   2015-11-01    00:00:00
    294 |     9076 |    80588 |        0 |    89664 |   2015-12-01    00:00:00
    295 |     9058 |    80606 |        0 |    89664 |   2016-01-01    00:00:00
    296 |     9036 |    80628 |        0 |    89664 |   2016-02-01    00:00:00
    297 |     9023 |    80641 |        0 |    89664 |   2016-03-01    00:00:00
    298 |     9009 |    80655 |        0 |    89664 |   2016-04-01    00:00:00
    299 |     8986 |    80678 |        0 |    89664 |   2016-05-01    00:00:00
    300 |     8966 |    80698 |        0 |    89664 |   2016-06-01    00:00:00
 ===============================================================================
       89664  particles calculated
       80698  particles exited the space and time domain
           0  particles flagged with errors
        8966  particles in domain
 -------------------------------------------------------------------------------
 
 ===============================================================================
 End date  : 2026-03-18
 End time  : 02:42:12
 ===============================================================================
