 ===============================================================================
              TRACMASS Lagrangian off-line particle tracking 
 ===============================================================================
 
 Start date  : 2026-03-18
 Start time  : 14:16:42
 
 -------------------------------------------------------------------------------
 
 Model information:
 Project code  : project_1m_RAPID/eORCA1
 Case name     : eORCA1_07_1990_25_1m
 Namelist file : /tmp/tracmass_1990_07_1786876/project_1m_RAPID/eORCA1/eORCA1_files/1990/namelist_eORCA1_07_1990_25_1m.in
 
 -------------------------------------------------------------------------------
 
 Configuration options:
  - Forward in time (nff = 1)
  - A subdomain has been choosen
      i index:   185 - 296  
      j index:   197 - 311  
  - Three-dimensional trajectories (vertical fluxes computed)
  - Evaluate the value of these tracers along the trajectories:
     1- mld (m) 
     2- q (wm-2) 
     3- temp (degC) 
     4- sal (gkg-1) 
 
 -------------------------------------------------------------------------------
 
 imindom:         186 jmindom:         198 imt:         112 jmt:         115
 Output information:
 Directory for output files : /dssgfs01/scratch/emdh1n25/project_1m_RAPID/eORCA1/eORCA1_output/1990/
 Prefix for output files    : ORCA1_NPD_07_1990_25_1m
 
 -------------------------------------------------------------------------------
 
 Start date in model-time     : 1990-07-01 00:00
 End date in model-time       : 2015-06-01 00:00
 Length of run in timesteps   :    300
 Number of seeding timesteps  :      1
 Time integration scheme      : regular time step scheme
 Steps between two GCM fields :    100
 
 -------------------------------------------------------------------------------
 t-step        run        out        err        tot                 model date
 -------------------------------------------------------------------------------
      1 |    26621 |        0 |        0 |    26621 |   1990-07-01    00:00:00
      2 |    26010 |      611 |        0 |    26621 |   1990-08-01    00:00:00
      3 |    25607 |     1014 |        0 |    26621 |   1990-09-01    00:00:00
      4 |    25242 |     1379 |        0 |    26621 |   1990-10-01    00:00:00
      5 |    24909 |     1712 |        0 |    26621 |   1990-11-01    00:00:00
      6 |    24691 |     1930 |        0 |    26621 |   1990-12-01    00:00:00
      7 |    24521 |     2100 |        0 |    26621 |   1991-01-01    00:00:00
      8 |    24246 |     2375 |        0 |    26621 |   1991-02-01    00:00:00
      9 |    23941 |     2680 |        0 |    26621 |   1991-03-01    00:00:00
     10 |    23614 |     3007 |        0 |    26621 |   1991-04-01    00:00:00
     11 |    23403 |     3218 |        0 |    26621 |   1991-05-01    00:00:00
     12 |    23217 |     3404 |        0 |    26621 |   1991-06-01    00:00:00
     13 |    23021 |     3600 |        0 |    26621 |   1991-07-01    00:00:00
     14 |    22841 |     3780 |        0 |    26621 |   1991-08-01    00:00:00
     15 |    22690 |     3931 |        0 |    26621 |   1991-09-01    00:00:00
     16 |    22576 |     4045 |        0 |    26621 |   1991-10-01    00:00:00
     17 |    22471 |     4150 |        0 |    26621 |   1991-11-01    00:00:00
     18 |    22378 |     4243 |        0 |    26621 |   1991-12-01    00:00:00
     19 |    22286 |     4335 |        0 |    26621 |   1992-01-01    00:00:00
     20 |    22195 |     4426 |        0 |    26621 |   1992-02-01    00:00:00
     21 |    22112 |     4509 |        0 |    26621 |   1992-03-01    00:00:00
     22 |    22021 |     4600 |        0 |    26621 |   1992-04-01    00:00:00
     23 |    21943 |     4678 |        0 |    26621 |   1992-05-01    00:00:00
     24 |    21852 |     4769 |        0 |    26621 |   1992-06-01    00:00:00
     25 |    21744 |     4877 |        0 |    26621 |   1992-07-01    00:00:00
     26 |    21653 |     4968 |        0 |    26621 |   1992-08-01    00:00:00
     27 |    21552 |     5069 |        0 |    26621 |   1992-09-01    00:00:00
     28 |    21476 |     5145 |        0 |    26621 |   1992-10-01    00:00:00
     29 |    21399 |     5222 |        0 |    26621 |   1992-11-01    00:00:00
     30 |    21344 |     5277 |        0 |    26621 |   1992-12-01    00:00:00
     31 |    21269 |     5352 |        0 |    26621 |   1993-01-01    00:00:00
     32 |    21202 |     5419 |        0 |    26621 |   1993-02-01    00:00:00
     33 |    21085 |     5536 |        0 |    26621 |   1993-03-01    00:00:00
     34 |    20982 |     5639 |        0 |    26621 |   1993-04-01    00:00:00
     35 |    20876 |     5745 |        0 |    26621 |   1993-05-01    00:00:00
     36 |    20763 |     5858 |        0 |    26621 |   1993-06-01    00:00:00
     37 |    20631 |     5990 |        0 |    26621 |   1993-07-01    00:00:00
     38 |    20509 |     6112 |        0 |    26621 |   1993-08-01    00:00:00
     39 |    20395 |     6226 |        0 |    26621 |   1993-09-01    00:00:00
     40 |    20285 |     6336 |        0 |    26621 |   1993-10-01    00:00:00
     41 |    20192 |     6429 |        0 |    26621 |   1993-11-01    00:00:00
     42 |    20086 |     6535 |        0 |    26621 |   1993-12-01    00:00:00
     43 |    20020 |     6601 |        0 |    26621 |   1994-01-01    00:00:00
     44 |    19963 |     6658 |        0 |    26621 |   1994-02-01    00:00:00
     45 |    19845 |     6776 |        0 |    26621 |   1994-03-01    00:00:00
     46 |    19753 |     6868 |        0 |    26621 |   1994-04-01    00:00:00
     47 |    19680 |     6941 |        0 |    26621 |   1994-05-01    00:00:00
     48 |    19587 |     7034 |        0 |    26621 |   1994-06-01    00:00:00
     49 |    19501 |     7120 |        0 |    26621 |   1994-07-01    00:00:00
     50 |    19423 |     7198 |        0 |    26621 |   1994-08-01    00:00:00
     51 |    19366 |     7255 |        0 |    26621 |   1994-09-01    00:00:00
     52 |    19296 |     7325 |        0 |    26621 |   1994-10-01    00:00:00
     53 |    19214 |     7407 |        0 |    26621 |   1994-11-01    00:00:00
     54 |    19130 |     7491 |        0 |    26621 |   1994-12-01    00:00:00
     55 |    19077 |     7544 |        0 |    26621 |   1995-01-01    00:00:00
     56 |    18997 |     7624 |        0 |    26621 |   1995-02-01    00:00:00
     57 |    18927 |     7694 |        0 |    26621 |   1995-03-01    00:00:00
     58 |    18852 |     7769 |        0 |    26621 |   1995-04-01    00:00:00
     59 |    18789 |     7832 |        0 |    26621 |   1995-05-01    00:00:00
     60 |    18707 |     7914 |        0 |    26621 |   1995-06-01    00:00:00
     61 |    18606 |     8015 |        0 |    26621 |   1995-07-01    00:00:00
     62 |    18506 |     8115 |        0 |    26621 |   1995-08-01    00:00:00
     63 |    18405 |     8216 |        0 |    26621 |   1995-09-01    00:00:00
     64 |    18276 |     8345 |        0 |    26621 |   1995-10-01    00:00:00
     65 |    18157 |     8464 |        0 |    26621 |   1995-11-01    00:00:00
     66 |    18027 |     8594 |        0 |    26621 |   1995-12-01    00:00:00
     67 |    17866 |     8755 |        0 |    26621 |   1996-01-01    00:00:00
     68 |    17743 |     8878 |        0 |    26621 |   1996-02-01    00:00:00
     69 |    17624 |     8997 |        0 |    26621 |   1996-03-01    00:00:00
     70 |    17482 |     9139 |        0 |    26621 |   1996-04-01    00:00:00
     71 |    17359 |     9262 |        0 |    26621 |   1996-05-01    00:00:00
     72 |    17223 |     9398 |        0 |    26621 |   1996-06-01    00:00:00
     73 |    17117 |     9504 |        0 |    26621 |   1996-07-01    00:00:00
     74 |    16982 |     9639 |        0 |    26621 |   1996-08-01    00:00:00
     75 |    16834 |     9787 |        0 |    26621 |   1996-09-01    00:00:00
     76 |    16674 |     9947 |        0 |    26621 |   1996-10-01    00:00:00
     77 |    16526 |    10095 |        0 |    26621 |   1996-11-01    00:00:00
     78 |    16398 |    10223 |        0 |    26621 |   1996-12-01    00:00:00
     79 |    16255 |    10366 |        0 |    26621 |   1997-01-01    00:00:00
     80 |    16101 |    10520 |        0 |    26621 |   1997-02-01    00:00:00
     81 |    15948 |    10673 |        0 |    26621 |   1997-03-01    00:00:00
     82 |    15809 |    10812 |        0 |    26621 |   1997-04-01    00:00:00
     83 |    15698 |    10923 |        0 |    26621 |   1997-05-01    00:00:00
     84 |    15596 |    11025 |        0 |    26621 |   1997-06-01    00:00:00
     85 |    15472 |    11149 |        0 |    26621 |   1997-07-01    00:00:00
     86 |    15382 |    11239 |        0 |    26621 |   1997-08-01    00:00:00
     87 |    15282 |    11339 |        0 |    26621 |   1997-09-01    00:00:00
     88 |    15174 |    11447 |        0 |    26621 |   1997-10-01    00:00:00
     89 |    15068 |    11553 |        0 |    26621 |   1997-11-01    00:00:00
     90 |    14946 |    11675 |        0 |    26621 |   1997-12-01    00:00:00
     91 |    14827 |    11794 |        0 |    26621 |   1998-01-01    00:00:00
     92 |    14671 |    11950 |        0 |    26621 |   1998-02-01    00:00:00
     93 |    14539 |    12082 |        0 |    26621 |   1998-03-01    00:00:00
     94 |    14425 |    12196 |        0 |    26621 |   1998-04-01    00:00:00
     95 |    14329 |    12292 |        0 |    26621 |   1998-05-01    00:00:00
     96 |    14215 |    12406 |        0 |    26621 |   1998-06-01    00:00:00
     97 |    14133 |    12488 |        0 |    26621 |   1998-07-01    00:00:00
     98 |    14057 |    12564 |        0 |    26621 |   1998-08-01    00:00:00
     99 |    13971 |    12650 |        0 |    26621 |   1998-09-01    00:00:00
    100 |    13891 |    12730 |        0 |    26621 |   1998-10-01    00:00:00
    101 |    13789 |    12832 |        0 |    26621 |   1998-11-01    00:00:00
    102 |    13700 |    12921 |        0 |    26621 |   1998-12-01    00:00:00
    103 |    13598 |    13023 |        0 |    26621 |   1999-01-01    00:00:00
    104 |    13500 |    13121 |        0 |    26621 |   1999-02-01    00:00:00
    105 |    13372 |    13249 |        0 |    26621 |   1999-03-01    00:00:00
    106 |    13264 |    13357 |        0 |    26621 |   1999-04-01    00:00:00
    107 |    13166 |    13455 |        0 |    26621 |   1999-05-01    00:00:00
    108 |    13081 |    13540 |        0 |    26621 |   1999-06-01    00:00:00
    109 |    12979 |    13642 |        0 |    26621 |   1999-07-01    00:00:00
    110 |    12889 |    13732 |        0 |    26621 |   1999-08-01    00:00:00
    111 |    12830 |    13791 |        0 |    26621 |   1999-09-01    00:00:00
    112 |    12763 |    13858 |        0 |    26621 |   1999-10-01    00:00:00
    113 |    12688 |    13933 |        0 |    26621 |   1999-11-01    00:00:00
    114 |    12635 |    13986 |        0 |    26621 |   1999-12-01    00:00:00
    115 |    12560 |    14061 |        0 |    26621 |   2000-01-01    00:00:00
    116 |    12494 |    14127 |        0 |    26621 |   2000-02-01    00:00:00
    117 |    12444 |    14177 |        0 |    26621 |   2000-03-01    00:00:00
    118 |    12388 |    14233 |        0 |    26621 |   2000-04-01    00:00:00
    119 |    12329 |    14292 |        0 |    26621 |   2000-05-01    00:00:00
    120 |    12272 |    14349 |        0 |    26621 |   2000-06-01    00:00:00
    121 |    12218 |    14403 |        0 |    26621 |   2000-07-01    00:00:00
    122 |    12174 |    14447 |        0 |    26621 |   2000-08-01    00:00:00
    123 |    12132 |    14489 |        0 |    26621 |   2000-09-01    00:00:00
    124 |    12078 |    14543 |        0 |    26621 |   2000-10-01    00:00:00
    125 |    12032 |    14589 |        0 |    26621 |   2000-11-01    00:00:00
    126 |    11989 |    14632 |        0 |    26621 |   2000-12-01    00:00:00
    127 |    11954 |    14667 |        0 |    26621 |   2001-01-01    00:00:00
    128 |    11889 |    14732 |        0 |    26621 |   2001-02-01    00:00:00
    129 |    11842 |    14779 |        0 |    26621 |   2001-03-01    00:00:00
    130 |    11795 |    14826 |        0 |    26621 |   2001-04-01    00:00:00
    131 |    11743 |    14878 |        0 |    26621 |   2001-05-01    00:00:00
    132 |    11708 |    14913 |        0 |    26621 |   2001-06-01    00:00:00
    133 |    11657 |    14964 |        0 |    26621 |   2001-07-01    00:00:00
    134 |    11625 |    14996 |        0 |    26621 |   2001-08-01    00:00:00
    135 |    11601 |    15020 |        0 |    26621 |   2001-09-01    00:00:00
    136 |    11565 |    15056 |        0 |    26621 |   2001-10-01    00:00:00
    137 |    11516 |    15105 |        0 |    26621 |   2001-11-01    00:00:00
    138 |    11479 |    15142 |        0 |    26621 |   2001-12-01    00:00:00
    139 |    11425 |    15196 |        0 |    26621 |   2002-01-01    00:00:00
    140 |    11375 |    15246 |        0 |    26621 |   2002-02-01    00:00:00
    141 |    11319 |    15302 |        0 |    26621 |   2002-03-01    00:00:00
    142 |    11262 |    15359 |        0 |    26621 |   2002-04-01    00:00:00
    143 |    11230 |    15391 |        0 |    26621 |   2002-05-01    00:00:00
    144 |    11182 |    15439 |        0 |    26621 |   2002-06-01    00:00:00
    145 |    11149 |    15472 |        0 |    26621 |   2002-07-01    00:00:00
    146 |    11112 |    15509 |        0 |    26621 |   2002-08-01    00:00:00
    147 |    11082 |    15539 |        0 |    26621 |   2002-09-01    00:00:00
    148 |    11057 |    15564 |        0 |    26621 |   2002-10-01    00:00:00
    149 |    11021 |    15600 |        0 |    26621 |   2002-11-01    00:00:00
    150 |    10991 |    15630 |        0 |    26621 |   2002-12-01    00:00:00
    151 |    10961 |    15660 |        0 |    26621 |   2003-01-01    00:00:00
    152 |    10935 |    15686 |        0 |    26621 |   2003-02-01    00:00:00
    153 |    10903 |    15718 |        0 |    26621 |   2003-03-01    00:00:00
    154 |    10869 |    15752 |        0 |    26621 |   2003-04-01    00:00:00
    155 |    10830 |    15791 |        0 |    26621 |   2003-05-01    00:00:00
    156 |    10795 |    15826 |        0 |    26621 |   2003-06-01    00:00:00
    157 |    10771 |    15850 |        0 |    26621 |   2003-07-01    00:00:00
    158 |    10745 |    15876 |        0 |    26621 |   2003-08-01    00:00:00
    159 |    10721 |    15900 |        0 |    26621 |   2003-09-01    00:00:00
    160 |    10691 |    15930 |        0 |    26621 |   2003-10-01    00:00:00
    161 |    10671 |    15950 |        0 |    26621 |   2003-11-01    00:00:00
    162 |    10640 |    15981 |        0 |    26621 |   2003-12-01    00:00:00
    163 |    10619 |    16002 |        0 |    26621 |   2004-01-01    00:00:00
    164 |    10598 |    16023 |        0 |    26621 |   2004-02-01    00:00:00
    165 |    10560 |    16061 |        0 |    26621 |   2004-03-01    00:00:00
    166 |    10518 |    16103 |        0 |    26621 |   2004-04-01    00:00:00
    167 |    10502 |    16119 |        0 |    26621 |   2004-05-01    00:00:00
    168 |    10481 |    16140 |        0 |    26621 |   2004-06-01    00:00:00
    169 |    10466 |    16155 |        0 |    26621 |   2004-07-01    00:00:00
    170 |    10440 |    16181 |        0 |    26621 |   2004-08-01    00:00:00
    171 |    10425 |    16196 |        0 |    26621 |   2004-09-01    00:00:00
    172 |    10406 |    16215 |        0 |    26621 |   2004-10-01    00:00:00
    173 |    10388 |    16233 |        0 |    26621 |   2004-11-01    00:00:00
    174 |    10361 |    16260 |        0 |    26621 |   2004-12-01    00:00:00
    175 |    10326 |    16295 |        0 |    26621 |   2005-01-01    00:00:00
    176 |    10300 |    16321 |        0 |    26621 |   2005-02-01    00:00:00
    177 |    10273 |    16348 |        0 |    26621 |   2005-03-01    00:00:00
    178 |    10244 |    16377 |        0 |    26621 |   2005-04-01    00:00:00
    179 |    10226 |    16395 |        0 |    26621 |   2005-05-01    00:00:00
    180 |    10208 |    16413 |        0 |    26621 |   2005-06-01    00:00:00
    181 |    10193 |    16428 |        0 |    26621 |   2005-07-01    00:00:00
    182 |    10174 |    16447 |        0 |    26621 |   2005-08-01    00:00:00
    183 |    10155 |    16466 |        0 |    26621 |   2005-09-01    00:00:00
    184 |    10136 |    16485 |        0 |    26621 |   2005-10-01    00:00:00
    185 |    10117 |    16504 |        0 |    26621 |   2005-11-01    00:00:00
    186 |    10096 |    16525 |        0 |    26621 |   2005-12-01    00:00:00
    187 |    10073 |    16548 |        0 |    26621 |   2006-01-01    00:00:00
    188 |    10040 |    16581 |        0 |    26621 |   2006-02-01    00:00:00
    189 |    10023 |    16598 |        0 |    26621 |   2006-03-01    00:00:00
    190 |    10003 |    16618 |        0 |    26621 |   2006-04-01    00:00:00
    191 |     9986 |    16635 |        0 |    26621 |   2006-05-01    00:00:00
    192 |     9969 |    16652 |        0 |    26621 |   2006-06-01    00:00:00
    193 |     9954 |    16667 |        0 |    26621 |   2006-07-01    00:00:00
    194 |     9938 |    16683 |        0 |    26621 |   2006-08-01    00:00:00
    195 |     9925 |    16696 |        0 |    26621 |   2006-09-01    00:00:00
    196 |     9909 |    16712 |        0 |    26621 |   2006-10-01    00:00:00
    197 |     9896 |    16725 |        0 |    26621 |   2006-11-01    00:00:00
    198 |     9875 |    16746 |        0 |    26621 |   2006-12-01    00:00:00
    199 |     9860 |    16761 |        0 |    26621 |   2007-01-01    00:00:00
    200 |     9845 |    16776 |        0 |    26621 |   2007-02-01    00:00:00
    201 |     9831 |    16790 |        0 |    26621 |   2007-03-01    00:00:00
    202 |     9821 |    16800 |        0 |    26621 |   2007-04-01    00:00:00
    203 |     9805 |    16816 |        0 |    26621 |   2007-05-01    00:00:00
    204 |     9788 |    16833 |        0 |    26621 |   2007-06-01    00:00:00
    205 |     9775 |    16846 |        0 |    26621 |   2007-07-01    00:00:00
    206 |     9764 |    16857 |        0 |    26621 |   2007-08-01    00:00:00
    207 |     9757 |    16864 |        0 |    26621 |   2007-09-01    00:00:00
    208 |     9743 |    16878 |        0 |    26621 |   2007-10-01    00:00:00
    209 |     9728 |    16893 |        0 |    26621 |   2007-11-01    00:00:00
    210 |     9714 |    16907 |        0 |    26621 |   2007-12-01    00:00:00
    211 |     9710 |    16911 |        0 |    26621 |   2008-01-01    00:00:00
    212 |     9703 |    16918 |        0 |    26621 |   2008-02-01    00:00:00
    213 |     9697 |    16924 |        0 |    26621 |   2008-03-01    00:00:00
    214 |     9687 |    16934 |        0 |    26621 |   2008-04-01    00:00:00
    215 |     9676 |    16945 |        0 |    26621 |   2008-05-01    00:00:00
    216 |     9670 |    16951 |        0 |    26621 |   2008-06-01    00:00:00
    217 |     9658 |    16963 |        0 |    26621 |   2008-07-01    00:00:00
    218 |     9650 |    16971 |        0 |    26621 |   2008-08-01    00:00:00
    219 |     9642 |    16979 |        0 |    26621 |   2008-09-01    00:00:00
    220 |     9630 |    16991 |        0 |    26621 |   2008-10-01    00:00:00
    221 |     9621 |    17000 |        0 |    26621 |   2008-11-01    00:00:00
    222 |     9607 |    17014 |        0 |    26621 |   2008-12-01    00:00:00
    223 |     9594 |    17027 |        0 |    26621 |   2009-01-01    00:00:00
    224 |     9574 |    17047 |        0 |    26621 |   2009-02-01    00:00:00
    225 |     9560 |    17061 |        0 |    26621 |   2009-03-01    00:00:00
    226 |     9542 |    17079 |        0 |    26621 |   2009-04-01    00:00:00
    227 |     9528 |    17093 |        0 |    26621 |   2009-05-01    00:00:00
    228 |     9512 |    17109 |        0 |    26621 |   2009-06-01    00:00:00
    229 |     9505 |    17116 |        0 |    26621 |   2009-07-01    00:00:00
    230 |     9495 |    17126 |        0 |    26621 |   2009-08-01    00:00:00
    231 |     9483 |    17138 |        0 |    26621 |   2009-09-01    00:00:00
    232 |     9467 |    17154 |        0 |    26621 |   2009-10-01    00:00:00
    233 |     9452 |    17169 |        0 |    26621 |   2009-11-01    00:00:00
    234 |     9435 |    17186 |        0 |    26621 |   2009-12-01    00:00:00
    235 |     9418 |    17203 |        0 |    26621 |   2010-01-01    00:00:00
    236 |     9402 |    17219 |        0 |    26621 |   2010-02-01    00:00:00
    237 |     9386 |    17235 |        0 |    26621 |   2010-03-01    00:00:00
    238 |     9377 |    17244 |        0 |    26621 |   2010-04-01    00:00:00
    239 |     9366 |    17255 |        0 |    26621 |   2010-05-01    00:00:00
    240 |     9357 |    17264 |        0 |    26621 |   2010-06-01    00:00:00
    241 |     9346 |    17275 |        0 |    26621 |   2010-07-01    00:00:00
    242 |     9337 |    17284 |        0 |    26621 |   2010-08-01    00:00:00
    243 |     9327 |    17294 |        0 |    26621 |   2010-09-01    00:00:00
    244 |     9314 |    17307 |        0 |    26621 |   2010-10-01    00:00:00
    245 |     9303 |    17318 |        0 |    26621 |   2010-11-01    00:00:00
    246 |     9293 |    17328 |        0 |    26621 |   2010-12-01    00:00:00
    247 |     9274 |    17347 |        0 |    26621 |   2011-01-01    00:00:00
    248 |     9256 |    17365 |        0 |    26621 |   2011-02-01    00:00:00
    249 |     9241 |    17380 |        0 |    26621 |   2011-03-01    00:00:00
    250 |     9220 |    17401 |        0 |    26621 |   2011-04-01    00:00:00
    251 |     9207 |    17414 |        0 |    26621 |   2011-05-01    00:00:00
    252 |     9194 |    17427 |        0 |    26621 |   2011-06-01    00:00:00
    253 |     9191 |    17430 |        0 |    26621 |   2011-07-01    00:00:00
    254 |     9187 |    17434 |        0 |    26621 |   2011-08-01    00:00:00
    255 |     9177 |    17444 |        0 |    26621 |   2011-09-01    00:00:00
    256 |     9169 |    17452 |        0 |    26621 |   2011-10-01    00:00:00
    257 |     9158 |    17463 |        0 |    26621 |   2011-11-01    00:00:00
    258 |     9149 |    17472 |        0 |    26621 |   2011-12-01    00:00:00
    259 |     9145 |    17476 |        0 |    26621 |   2012-01-01    00:00:00
    260 |     9140 |    17481 |        0 |    26621 |   2012-02-01    00:00:00
    261 |     9128 |    17493 |        0 |    26621 |   2012-03-01    00:00:00
    262 |     9118 |    17503 |        0 |    26621 |   2012-04-01    00:00:00
    263 |     9110 |    17511 |        0 |    26621 |   2012-05-01    00:00:00
    264 |     9101 |    17520 |        0 |    26621 |   2012-06-01    00:00:00
    265 |     9099 |    17522 |        0 |    26621 |   2012-07-01    00:00:00
    266 |     9089 |    17532 |        0 |    26621 |   2012-08-01    00:00:00
    267 |     9085 |    17536 |        0 |    26621 |   2012-09-01    00:00:00
    268 |     9079 |    17542 |        0 |    26621 |   2012-10-01    00:00:00
    269 |     9070 |    17551 |        0 |    26621 |   2012-11-01    00:00:00
    270 |     9058 |    17563 |        0 |    26621 |   2012-12-01    00:00:00
    271 |     9052 |    17569 |        0 |    26621 |   2013-01-01    00:00:00
    272 |     9038 |    17583 |        0 |    26621 |   2013-02-01    00:00:00
    273 |     9026 |    17595 |        0 |    26621 |   2013-03-01    00:00:00
    274 |     9017 |    17604 |        0 |    26621 |   2013-04-01    00:00:00
    275 |     9010 |    17611 |        0 |    26621 |   2013-05-01    00:00:00
    276 |     9003 |    17618 |        0 |    26621 |   2013-06-01    00:00:00
    277 |     8995 |    17626 |        0 |    26621 |   2013-07-01    00:00:00
    278 |     8987 |    17634 |        0 |    26621 |   2013-08-01    00:00:00
    279 |     8977 |    17644 |        0 |    26621 |   2013-09-01    00:00:00
    280 |     8972 |    17649 |        0 |    26621 |   2013-10-01    00:00:00
    281 |     8967 |    17654 |        0 |    26621 |   2013-11-01    00:00:00
    282 |     8960 |    17661 |        0 |    26621 |   2013-12-01    00:00:00
    283 |     8947 |    17674 |        0 |    26621 |   2014-01-01    00:00:00
    284 |     8932 |    17689 |        0 |    26621 |   2014-02-01    00:00:00
    285 |     8925 |    17696 |        0 |    26621 |   2014-03-01    00:00:00
    286 |     8920 |    17701 |        0 |    26621 |   2014-04-01    00:00:00
    287 |     8906 |    17715 |        0 |    26621 |   2014-05-01    00:00:00
    288 |     8900 |    17721 |        0 |    26621 |   2014-06-01    00:00:00
    289 |     8891 |    17730 |        0 |    26621 |   2014-07-01    00:00:00
    290 |     8885 |    17736 |        0 |    26621 |   2014-08-01    00:00:00
    291 |     8877 |    17744 |        0 |    26621 |   2014-09-01    00:00:00
    292 |     8868 |    17753 |        0 |    26621 |   2014-10-01    00:00:00
    293 |     8857 |    17764 |        0 |    26621 |   2014-11-01    00:00:00
    294 |     8850 |    17771 |        0 |    26621 |   2014-12-01    00:00:00
    295 |     8840 |    17781 |        0 |    26621 |   2015-01-01    00:00:00
    296 |     8830 |    17791 |        0 |    26621 |   2015-02-01    00:00:00
    297 |     8824 |    17797 |        0 |    26621 |   2015-03-01    00:00:00
    298 |     8817 |    17804 |        0 |    26621 |   2015-04-01    00:00:00
    299 |     8809 |    17812 |        0 |    26621 |   2015-05-01    00:00:00
    300 |     8802 |    17819 |        0 |    26621 |   2015-06-01    00:00:00
 ===============================================================================
       26621  particles calculated
       17819  particles exited the space and time domain
           0  particles flagged with errors
        8802  particles in domain
 -------------------------------------------------------------------------------
 
 ===============================================================================
 End date  : 2026-03-18
 End time  : 14:33:39
 ===============================================================================
