 ===============================================================================
              TRACMASS Lagrangian off-line particle tracking 
 ===============================================================================
 
 Start date  : 2026-03-18
 Start time  : 14:50:54
 
 -------------------------------------------------------------------------------
 
 Model information:
 Project code  : project_1m_RAPID/eORCA1
 Case name     : eORCA1_05_1995_25_1m
 Namelist file : /tmp/tracmass_1995_05_1789451/project_1m_RAPID/eORCA1/eORCA1_files/1995/namelist_eORCA1_05_1995_25_1m.in
 
 -------------------------------------------------------------------------------
 
 Configuration options:
  - Forward in time (nff = 1)
  - A subdomain has been choosen
      i index:   185 - 296  
      j index:   197 - 311  
  - Three-dimensional trajectories (vertical fluxes computed)
  - Evaluate the value of these tracers along the trajectories:
     1- mld (m) 
     2- q (wm-2) 
     3- temp (degC) 
     4- sal (gkg-1) 
 
 -------------------------------------------------------------------------------
 
 imindom:         186 jmindom:         198 imt:         112 jmt:         115
 Output information:
 Directory for output files : /dssgfs01/scratch/emdh1n25/project_1m_RAPID/eORCA1/eORCA1_output/1995/
 Prefix for output files    : ORCA1_NPD_05_1995_25_1m
 
 -------------------------------------------------------------------------------
 
 Start date in model-time     : 1995-05-01 00:00
 End date in model-time       : 2020-04-01 00:00
 Length of run in timesteps   :    300
 Number of seeding timesteps  :      1
 Time integration scheme      : regular time step scheme
 Steps between two GCM fields :    100
 
 -------------------------------------------------------------------------------
 t-step        run        out        err        tot                 model date
 -------------------------------------------------------------------------------
      1 |    24470 |        0 |        0 |    24470 |   1995-05-01    00:00:00
      2 |    23926 |      544 |        0 |    24470 |   1995-06-01    00:00:00
      3 |    23565 |      905 |        0 |    24470 |   1995-07-01    00:00:00
      4 |    23383 |     1087 |        0 |    24470 |   1995-08-01    00:00:00
      5 |    23126 |     1344 |        0 |    24470 |   1995-09-01    00:00:00
      6 |    22899 |     1571 |        0 |    24470 |   1995-10-01    00:00:00
      7 |    22691 |     1779 |        0 |    24470 |   1995-11-01    00:00:00
      8 |    22314 |     2156 |        0 |    24470 |   1995-12-01    00:00:00
      9 |    22076 |     2394 |        0 |    24470 |   1996-01-01    00:00:00
     10 |    21983 |     2487 |        0 |    24470 |   1996-02-01    00:00:00
     11 |    21836 |     2634 |        0 |    24470 |   1996-03-01    00:00:00
     12 |    21730 |     2740 |        0 |    24470 |   1996-04-01    00:00:00
     13 |    21651 |     2819 |        0 |    24470 |   1996-05-01    00:00:00
     14 |    21582 |     2888 |        0 |    24470 |   1996-06-01    00:00:00
     15 |    21488 |     2982 |        0 |    24470 |   1996-07-01    00:00:00
     16 |    21378 |     3092 |        0 |    24470 |   1996-08-01    00:00:00
     17 |    21253 |     3217 |        0 |    24470 |   1996-09-01    00:00:00
     18 |    21148 |     3322 |        0 |    24470 |   1996-10-01    00:00:00
     19 |    21053 |     3417 |        0 |    24470 |   1996-11-01    00:00:00
     20 |    20986 |     3484 |        0 |    24470 |   1996-12-01    00:00:00
     21 |    20884 |     3586 |        0 |    24470 |   1997-01-01    00:00:00
     22 |    20800 |     3670 |        0 |    24470 |   1997-02-01    00:00:00
     23 |    20695 |     3775 |        0 |    24470 |   1997-03-01    00:00:00
     24 |    20580 |     3890 |        0 |    24470 |   1997-04-01    00:00:00
     25 |    20495 |     3975 |        0 |    24470 |   1997-05-01    00:00:00
     26 |    20429 |     4041 |        0 |    24470 |   1997-06-01    00:00:00
     27 |    20378 |     4092 |        0 |    24470 |   1997-07-01    00:00:00
     28 |    20248 |     4222 |        0 |    24470 |   1997-08-01    00:00:00
     29 |    20115 |     4355 |        0 |    24470 |   1997-09-01    00:00:00
     30 |    20016 |     4454 |        0 |    24470 |   1997-10-01    00:00:00
     31 |    19898 |     4572 |        0 |    24470 |   1997-11-01    00:00:00
     32 |    19784 |     4686 |        0 |    24470 |   1997-12-01    00:00:00
     33 |    19637 |     4833 |        0 |    24470 |   1998-01-01    00:00:00
     34 |    19523 |     4947 |        0 |    24470 |   1998-02-01    00:00:00
     35 |    19400 |     5070 |        0 |    24470 |   1998-03-01    00:00:00
     36 |    19260 |     5210 |        0 |    24470 |   1998-04-01    00:00:00
     37 |    19097 |     5373 |        0 |    24470 |   1998-05-01    00:00:00
     38 |    18950 |     5520 |        0 |    24470 |   1998-06-01    00:00:00
     39 |    18720 |     5750 |        0 |    24470 |   1998-07-01    00:00:00
     40 |    18518 |     5952 |        0 |    24470 |   1998-08-01    00:00:00
     41 |    18363 |     6107 |        0 |    24470 |   1998-09-01    00:00:00
     42 |    18232 |     6238 |        0 |    24470 |   1998-10-01    00:00:00
     43 |    18108 |     6362 |        0 |    24470 |   1998-11-01    00:00:00
     44 |    17969 |     6501 |        0 |    24470 |   1998-12-01    00:00:00
     45 |    17848 |     6622 |        0 |    24470 |   1999-01-01    00:00:00
     46 |    17743 |     6727 |        0 |    24470 |   1999-02-01    00:00:00
     47 |    17641 |     6829 |        0 |    24470 |   1999-03-01    00:00:00
     48 |    17521 |     6949 |        0 |    24470 |   1999-04-01    00:00:00
     49 |    17410 |     7060 |        0 |    24470 |   1999-05-01    00:00:00
     50 |    17301 |     7169 |        0 |    24470 |   1999-06-01    00:00:00
     51 |    17175 |     7295 |        0 |    24470 |   1999-07-01    00:00:00
     52 |    17068 |     7402 |        0 |    24470 |   1999-08-01    00:00:00
     53 |    16961 |     7509 |        0 |    24470 |   1999-09-01    00:00:00
     54 |    16877 |     7593 |        0 |    24470 |   1999-10-01    00:00:00
     55 |    16812 |     7658 |        0 |    24470 |   1999-11-01    00:00:00
     56 |    16736 |     7734 |        0 |    24470 |   1999-12-01    00:00:00
     57 |    16689 |     7781 |        0 |    24470 |   2000-01-01    00:00:00
     58 |    16621 |     7849 |        0 |    24470 |   2000-02-01    00:00:00
     59 |    16550 |     7920 |        0 |    24470 |   2000-03-01    00:00:00
     60 |    16486 |     7984 |        0 |    24470 |   2000-04-01    00:00:00
     61 |    16411 |     8059 |        0 |    24470 |   2000-05-01    00:00:00
     62 |    16338 |     8132 |        0 |    24470 |   2000-06-01    00:00:00
     63 |    16267 |     8203 |        0 |    24470 |   2000-07-01    00:00:00
     64 |    16183 |     8287 |        0 |    24470 |   2000-08-01    00:00:00
     65 |    16105 |     8365 |        0 |    24470 |   2000-09-01    00:00:00
     66 |    16027 |     8443 |        0 |    24470 |   2000-10-01    00:00:00
     67 |    15962 |     8508 |        0 |    24470 |   2000-11-01    00:00:00
     68 |    15906 |     8564 |        0 |    24470 |   2000-12-01    00:00:00
     69 |    15853 |     8617 |        0 |    24470 |   2001-01-01    00:00:00
     70 |    15766 |     8704 |        0 |    24470 |   2001-02-01    00:00:00
     71 |    15711 |     8759 |        0 |    24470 |   2001-03-01    00:00:00
     72 |    15642 |     8828 |        0 |    24470 |   2001-04-01    00:00:00
     73 |    15572 |     8898 |        0 |    24470 |   2001-05-01    00:00:00
     74 |    15498 |     8972 |        0 |    24470 |   2001-06-01    00:00:00
     75 |    15441 |     9029 |        0 |    24470 |   2001-07-01    00:00:00
     76 |    15382 |     9088 |        0 |    24470 |   2001-08-01    00:00:00
     77 |    15303 |     9167 |        0 |    24470 |   2001-09-01    00:00:00
     78 |    15229 |     9241 |        0 |    24470 |   2001-10-01    00:00:00
     79 |    15127 |     9343 |        0 |    24470 |   2001-11-01    00:00:00
     80 |    15010 |     9460 |        0 |    24470 |   2001-12-01    00:00:00
     81 |    14910 |     9560 |        0 |    24470 |   2002-01-01    00:00:00
     82 |    14797 |     9673 |        0 |    24470 |   2002-02-01    00:00:00
     83 |    14678 |     9792 |        0 |    24470 |   2002-03-01    00:00:00
     84 |    14592 |     9878 |        0 |    24470 |   2002-04-01    00:00:00
     85 |    14504 |     9966 |        0 |    24470 |   2002-05-01    00:00:00
     86 |    14404 |    10066 |        0 |    24470 |   2002-06-01    00:00:00
     87 |    14297 |    10173 |        0 |    24470 |   2002-07-01    00:00:00
     88 |    14187 |    10283 |        0 |    24470 |   2002-08-01    00:00:00
     89 |    14063 |    10407 |        0 |    24470 |   2002-09-01    00:00:00
     90 |    13937 |    10533 |        0 |    24470 |   2002-10-01    00:00:00
     91 |    13791 |    10679 |        0 |    24470 |   2002-11-01    00:00:00
     92 |    13677 |    10793 |        0 |    24470 |   2002-12-01    00:00:00
     93 |    13545 |    10925 |        0 |    24470 |   2003-01-01    00:00:00
     94 |    13454 |    11016 |        0 |    24470 |   2003-02-01    00:00:00
     95 |    13346 |    11124 |        0 |    24470 |   2003-03-01    00:00:00
     96 |    13246 |    11224 |        0 |    24470 |   2003-04-01    00:00:00
     97 |    13161 |    11309 |        0 |    24470 |   2003-05-01    00:00:00
     98 |    13054 |    11416 |        0 |    24470 |   2003-06-01    00:00:00
     99 |    12971 |    11499 |        0 |    24470 |   2003-07-01    00:00:00
    100 |    12904 |    11566 |        0 |    24470 |   2003-08-01    00:00:00
    101 |    12830 |    11640 |        0 |    24470 |   2003-09-01    00:00:00
    102 |    12767 |    11703 |        0 |    24470 |   2003-10-01    00:00:00
    103 |    12706 |    11764 |        0 |    24470 |   2003-11-01    00:00:00
    104 |    12640 |    11830 |        0 |    24470 |   2003-12-01    00:00:00
    105 |    12584 |    11886 |        0 |    24470 |   2004-01-01    00:00:00
    106 |    12535 |    11935 |        0 |    24470 |   2004-02-01    00:00:00
    107 |    12483 |    11987 |        0 |    24470 |   2004-03-01    00:00:00
    108 |    12431 |    12039 |        0 |    24470 |   2004-04-01    00:00:00
    109 |    12375 |    12095 |        0 |    24470 |   2004-05-01    00:00:00
    110 |    12331 |    12139 |        0 |    24470 |   2004-06-01    00:00:00
    111 |    12278 |    12192 |        0 |    24470 |   2004-07-01    00:00:00
    112 |    12226 |    12244 |        0 |    24470 |   2004-08-01    00:00:00
    113 |    12184 |    12286 |        0 |    24470 |   2004-09-01    00:00:00
    114 |    12137 |    12333 |        0 |    24470 |   2004-10-01    00:00:00
    115 |    12095 |    12375 |        0 |    24470 |   2004-11-01    00:00:00
    116 |    12043 |    12427 |        0 |    24470 |   2004-12-01    00:00:00
    117 |    12000 |    12470 |        0 |    24470 |   2005-01-01    00:00:00
    118 |    11955 |    12515 |        0 |    24470 |   2005-02-01    00:00:00
    119 |    11905 |    12565 |        0 |    24470 |   2005-03-01    00:00:00
    120 |    11864 |    12606 |        0 |    24470 |   2005-04-01    00:00:00
    121 |    11813 |    12657 |        0 |    24470 |   2005-05-01    00:00:00
    122 |    11764 |    12706 |        0 |    24470 |   2005-06-01    00:00:00
    123 |    11729 |    12741 |        0 |    24470 |   2005-07-01    00:00:00
    124 |    11683 |    12787 |        0 |    24470 |   2005-08-01    00:00:00
    125 |    11629 |    12841 |        0 |    24470 |   2005-09-01    00:00:00
    126 |    11585 |    12885 |        0 |    24470 |   2005-10-01    00:00:00
    127 |    11532 |    12938 |        0 |    24470 |   2005-11-01    00:00:00
    128 |    11494 |    12976 |        0 |    24470 |   2005-12-01    00:00:00
    129 |    11443 |    13027 |        0 |    24470 |   2006-01-01    00:00:00
    130 |    11393 |    13077 |        0 |    24470 |   2006-02-01    00:00:00
    131 |    11363 |    13107 |        0 |    24470 |   2006-03-01    00:00:00
    132 |    11323 |    13147 |        0 |    24470 |   2006-04-01    00:00:00
    133 |    11284 |    13186 |        0 |    24470 |   2006-05-01    00:00:00
    134 |    11249 |    13221 |        0 |    24470 |   2006-06-01    00:00:00
    135 |    11219 |    13251 |        0 |    24470 |   2006-07-01    00:00:00
    136 |    11185 |    13285 |        0 |    24470 |   2006-08-01    00:00:00
    137 |    11150 |    13320 |        0 |    24470 |   2006-09-01    00:00:00
    138 |    11112 |    13358 |        0 |    24470 |   2006-10-01    00:00:00
    139 |    11054 |    13416 |        0 |    24470 |   2006-11-01    00:00:00
    140 |    11018 |    13452 |        0 |    24470 |   2006-12-01    00:00:00
    141 |    10979 |    13491 |        0 |    24470 |   2007-01-01    00:00:00
    142 |    10946 |    13524 |        0 |    24470 |   2007-02-01    00:00:00
    143 |    10911 |    13559 |        0 |    24470 |   2007-03-01    00:00:00
    144 |    10858 |    13612 |        0 |    24470 |   2007-04-01    00:00:00
    145 |    10820 |    13650 |        0 |    24470 |   2007-05-01    00:00:00
    146 |    10793 |    13677 |        0 |    24470 |   2007-06-01    00:00:00
    147 |    10766 |    13704 |        0 |    24470 |   2007-07-01    00:00:00
    148 |    10729 |    13741 |        0 |    24470 |   2007-08-01    00:00:00
    149 |    10685 |    13785 |        0 |    24470 |   2007-09-01    00:00:00
    150 |    10634 |    13836 |        0 |    24470 |   2007-10-01    00:00:00
    151 |    10588 |    13882 |        0 |    24470 |   2007-11-01    00:00:00
    152 |    10554 |    13916 |        0 |    24470 |   2007-12-01    00:00:00
    153 |    10515 |    13955 |        0 |    24470 |   2008-01-01    00:00:00
    154 |    10486 |    13984 |        0 |    24470 |   2008-02-01    00:00:00
    155 |    10449 |    14021 |        0 |    24470 |   2008-03-01    00:00:00
    156 |    10415 |    14055 |        0 |    24470 |   2008-04-01    00:00:00
    157 |    10383 |    14087 |        0 |    24470 |   2008-05-01    00:00:00
    158 |    10344 |    14126 |        0 |    24470 |   2008-06-01    00:00:00
    159 |    10320 |    14150 |        0 |    24470 |   2008-07-01    00:00:00
    160 |    10298 |    14172 |        0 |    24470 |   2008-08-01    00:00:00
    161 |    10277 |    14193 |        0 |    24470 |   2008-09-01    00:00:00
    162 |    10249 |    14221 |        0 |    24470 |   2008-10-01    00:00:00
    163 |    10227 |    14243 |        0 |    24470 |   2008-11-01    00:00:00
    164 |    10196 |    14274 |        0 |    24470 |   2008-12-01    00:00:00
    165 |    10164 |    14306 |        0 |    24470 |   2009-01-01    00:00:00
    166 |    10127 |    14343 |        0 |    24470 |   2009-02-01    00:00:00
    167 |    10099 |    14371 |        0 |    24470 |   2009-03-01    00:00:00
    168 |    10068 |    14402 |        0 |    24470 |   2009-04-01    00:00:00
    169 |    10043 |    14427 |        0 |    24470 |   2009-05-01    00:00:00
    170 |    10016 |    14454 |        0 |    24470 |   2009-06-01    00:00:00
    171 |     9981 |    14489 |        0 |    24470 |   2009-07-01    00:00:00
    172 |     9937 |    14533 |        0 |    24470 |   2009-08-01    00:00:00
    173 |     9903 |    14567 |        0 |    24470 |   2009-09-01    00:00:00
    174 |     9869 |    14601 |        0 |    24470 |   2009-10-01    00:00:00
    175 |     9847 |    14623 |        0 |    24470 |   2009-11-01    00:00:00
    176 |     9820 |    14650 |        0 |    24470 |   2009-12-01    00:00:00
    177 |     9797 |    14673 |        0 |    24470 |   2010-01-01    00:00:00
    178 |     9770 |    14700 |        0 |    24470 |   2010-02-01    00:00:00
    179 |     9750 |    14720 |        0 |    24470 |   2010-03-01    00:00:00
    180 |     9721 |    14749 |        0 |    24470 |   2010-04-01    00:00:00
    181 |     9694 |    14776 |        0 |    24470 |   2010-05-01    00:00:00
    182 |     9663 |    14807 |        0 |    24470 |   2010-06-01    00:00:00
    183 |     9643 |    14827 |        0 |    24470 |   2010-07-01    00:00:00
    184 |     9628 |    14842 |        0 |    24470 |   2010-08-01    00:00:00
    185 |     9612 |    14858 |        0 |    24470 |   2010-09-01    00:00:00
    186 |     9590 |    14880 |        0 |    24470 |   2010-10-01    00:00:00
    187 |     9569 |    14901 |        0 |    24470 |   2010-11-01    00:00:00
    188 |     9551 |    14919 |        0 |    24470 |   2010-12-01    00:00:00
    189 |     9522 |    14948 |        0 |    24470 |   2011-01-01    00:00:00
    190 |     9496 |    14974 |        0 |    24470 |   2011-02-01    00:00:00
    191 |     9477 |    14993 |        0 |    24470 |   2011-03-01    00:00:00
    192 |     9442 |    15028 |        0 |    24470 |   2011-04-01    00:00:00
    193 |     9419 |    15051 |        0 |    24470 |   2011-05-01    00:00:00
    194 |     9402 |    15068 |        0 |    24470 |   2011-06-01    00:00:00
    195 |     9386 |    15084 |        0 |    24470 |   2011-07-01    00:00:00
    196 |     9370 |    15100 |        0 |    24470 |   2011-08-01    00:00:00
    197 |     9355 |    15115 |        0 |    24470 |   2011-09-01    00:00:00
    198 |     9332 |    15138 |        0 |    24470 |   2011-10-01    00:00:00
    199 |     9314 |    15156 |        0 |    24470 |   2011-11-01    00:00:00
    200 |     9291 |    15179 |        0 |    24470 |   2011-12-01    00:00:00
    201 |     9281 |    15189 |        0 |    24470 |   2012-01-01    00:00:00
    202 |     9267 |    15203 |        0 |    24470 |   2012-02-01    00:00:00
    203 |     9255 |    15215 |        0 |    24470 |   2012-03-01    00:00:00
    204 |     9241 |    15229 |        0 |    24470 |   2012-04-01    00:00:00
    205 |     9226 |    15244 |        0 |    24470 |   2012-05-01    00:00:00
    206 |     9210 |    15260 |        0 |    24470 |   2012-06-01    00:00:00
    207 |     9197 |    15273 |        0 |    24470 |   2012-07-01    00:00:00
    208 |     9187 |    15283 |        0 |    24470 |   2012-08-01    00:00:00
    209 |     9172 |    15298 |        0 |    24470 |   2012-09-01    00:00:00
    210 |     9157 |    15313 |        0 |    24470 |   2012-10-01    00:00:00
    211 |     9147 |    15323 |        0 |    24470 |   2012-11-01    00:00:00
    212 |     9122 |    15348 |        0 |    24470 |   2012-12-01    00:00:00
    213 |     9103 |    15367 |        0 |    24470 |   2013-01-01    00:00:00
    214 |     9084 |    15386 |        0 |    24470 |   2013-02-01    00:00:00
    215 |     9066 |    15404 |        0 |    24470 |   2013-03-01    00:00:00
    216 |     9051 |    15419 |        0 |    24470 |   2013-04-01    00:00:00
    217 |     9043 |    15427 |        0 |    24470 |   2013-05-01    00:00:00
    218 |     9022 |    15448 |        0 |    24470 |   2013-06-01    00:00:00
    219 |     8997 |    15473 |        0 |    24470 |   2013-07-01    00:00:00
    220 |     8976 |    15494 |        0 |    24470 |   2013-08-01    00:00:00
    221 |     8963 |    15507 |        0 |    24470 |   2013-09-01    00:00:00
    222 |     8951 |    15519 |        0 |    24470 |   2013-10-01    00:00:00
    223 |     8938 |    15532 |        0 |    24470 |   2013-11-01    00:00:00
    224 |     8916 |    15554 |        0 |    24470 |   2013-12-01    00:00:00
    225 |     8896 |    15574 |        0 |    24470 |   2014-01-01    00:00:00
    226 |     8882 |    15588 |        0 |    24470 |   2014-02-01    00:00:00
    227 |     8867 |    15603 |        0 |    24470 |   2014-03-01    00:00:00
    228 |     8855 |    15615 |        0 |    24470 |   2014-04-01    00:00:00
    229 |     8837 |    15633 |        0 |    24470 |   2014-05-01    00:00:00
    230 |     8825 |    15645 |        0 |    24470 |   2014-06-01    00:00:00
    231 |     8807 |    15663 |        0 |    24470 |   2014-07-01    00:00:00
    232 |     8797 |    15673 |        0 |    24470 |   2014-08-01    00:00:00
    233 |     8788 |    15682 |        0 |    24470 |   2014-09-01    00:00:00
    234 |     8779 |    15691 |        0 |    24470 |   2014-10-01    00:00:00
    235 |     8765 |    15705 |        0 |    24470 |   2014-11-01    00:00:00
    236 |     8758 |    15712 |        0 |    24470 |   2014-12-01    00:00:00
    237 |     8749 |    15721 |        0 |    24470 |   2015-01-01    00:00:00
    238 |     8744 |    15726 |        0 |    24470 |   2015-02-01    00:00:00
    239 |     8739 |    15731 |        0 |    24470 |   2015-03-01    00:00:00
    240 |     8732 |    15738 |        0 |    24470 |   2015-04-01    00:00:00
    241 |     8725 |    15745 |        0 |    24470 |   2015-05-01    00:00:00
    242 |     8719 |    15751 |        0 |    24470 |   2015-06-01    00:00:00
    243 |     8715 |    15755 |        0 |    24470 |   2015-07-01    00:00:00
    244 |     8707 |    15763 |        0 |    24470 |   2015-08-01    00:00:00
    245 |     8705 |    15765 |        0 |    24470 |   2015-09-01    00:00:00
    246 |     8697 |    15773 |        0 |    24470 |   2015-10-01    00:00:00
    247 |     8687 |    15783 |        0 |    24470 |   2015-11-01    00:00:00
    248 |     8677 |    15793 |        0 |    24470 |   2015-12-01    00:00:00
    249 |     8668 |    15802 |        0 |    24470 |   2016-01-01    00:00:00
    250 |     8661 |    15809 |        0 |    24470 |   2016-02-01    00:00:00
    251 |     8654 |    15816 |        0 |    24470 |   2016-03-01    00:00:00
    252 |     8647 |    15823 |        0 |    24470 |   2016-04-01    00:00:00
    253 |     8636 |    15834 |        0 |    24470 |   2016-05-01    00:00:00
    254 |     8633 |    15837 |        0 |    24470 |   2016-06-01    00:00:00
    255 |     8622 |    15848 |        0 |    24470 |   2016-07-01    00:00:00
    256 |     8614 |    15856 |        0 |    24470 |   2016-08-01    00:00:00
    257 |     8605 |    15865 |        0 |    24470 |   2016-09-01    00:00:00
    258 |     8592 |    15878 |        0 |    24470 |   2016-10-01    00:00:00
    259 |     8582 |    15888 |        0 |    24470 |   2016-11-01    00:00:00
    260 |     8572 |    15898 |        0 |    24470 |   2016-12-01    00:00:00
    261 |     8564 |    15906 |        0 |    24470 |   2017-01-01    00:00:00
    262 |     8558 |    15912 |        0 |    24470 |   2017-02-01    00:00:00
    263 |     8553 |    15917 |        0 |    24470 |   2017-03-01    00:00:00
    264 |     8544 |    15926 |        0 |    24470 |   2017-04-01    00:00:00
    265 |     8534 |    15936 |        0 |    24470 |   2017-05-01    00:00:00
    266 |     8517 |    15953 |        0 |    24470 |   2017-06-01    00:00:00
    267 |     8506 |    15964 |        0 |    24470 |   2017-07-01    00:00:00
    268 |     8493 |    15977 |        0 |    24470 |   2017-08-01    00:00:00
    269 |     8480 |    15990 |        0 |    24470 |   2017-09-01    00:00:00
    270 |     8466 |    16004 |        0 |    24470 |   2017-10-01    00:00:00
    271 |     8450 |    16020 |        0 |    24470 |   2017-11-01    00:00:00
    272 |     8436 |    16034 |        0 |    24470 |   2017-12-01    00:00:00
    273 |     8425 |    16045 |        0 |    24470 |   2018-01-01    00:00:00
    274 |     8413 |    16057 |        0 |    24470 |   2018-02-01    00:00:00
    275 |     8405 |    16065 |        0 |    24470 |   2018-03-01    00:00:00
    276 |     8391 |    16079 |        0 |    24470 |   2018-04-01    00:00:00
    277 |     8386 |    16084 |        0 |    24470 |   2018-05-01    00:00:00
    278 |     8374 |    16096 |        0 |    24470 |   2018-06-01    00:00:00
    279 |     8360 |    16110 |        0 |    24470 |   2018-07-01    00:00:00
    280 |     8351 |    16119 |        0 |    24470 |   2018-08-01    00:00:00
    281 |     8344 |    16126 |        0 |    24470 |   2018-09-01    00:00:00
    282 |     8336 |    16134 |        0 |    24470 |   2018-10-01    00:00:00
    283 |     8326 |    16144 |        0 |    24470 |   2018-11-01    00:00:00
    284 |     8318 |    16152 |        0 |    24470 |   2018-12-01    00:00:00
    285 |     8314 |    16156 |        0 |    24470 |   2019-01-01    00:00:00
    286 |     8306 |    16164 |        0 |    24470 |   2019-02-01    00:00:00
    287 |     8298 |    16172 |        0 |    24470 |   2019-03-01    00:00:00
    288 |     8292 |    16178 |        0 |    24470 |   2019-04-01    00:00:00
    289 |     8280 |    16190 |        0 |    24470 |   2019-05-01    00:00:00
    290 |     8275 |    16195 |        0 |    24470 |   2019-06-01    00:00:00
    291 |     8266 |    16204 |        0 |    24470 |   2019-07-01    00:00:00
    292 |     8262 |    16208 |        0 |    24470 |   2019-08-01    00:00:00
    293 |     8251 |    16219 |        0 |    24470 |   2019-09-01    00:00:00
    294 |     8244 |    16226 |        0 |    24470 |   2019-10-01    00:00:00
    295 |     8239 |    16231 |        0 |    24470 |   2019-11-01    00:00:00
    296 |     8234 |    16236 |        0 |    24470 |   2019-12-01    00:00:00
    297 |     8222 |    16248 |        0 |    24470 |   2020-01-01    00:00:00
    298 |     8215 |    16255 |        0 |    24470 |   2020-02-01    00:00:00
    299 |     8204 |    16266 |        0 |    24470 |   2020-03-01    00:00:00
    300 |     8201 |    16269 |        0 |    24470 |   2020-04-01    00:00:00
 ===============================================================================
       24470  particles calculated
       16269  particles exited the space and time domain
           0  particles flagged with errors
        8201  particles in domain
 -------------------------------------------------------------------------------
 
 ===============================================================================
 End date  : 2026-03-18
 End time  : 15:06:52
 ===============================================================================
