Lmod has detected the following error: The following module(s) are unknown:
"GCC/12.3.0"

Please check the spelling or version number. Also try "module spider ..."
It is also possible your cache file is out-of-date; it may help to try:
  $ module --ignore_cache load "GCC/12.3.0"

Also make sure that all modulefiles written in TCL start with the string
#%Module



Lmod has detected the following error: The following module(s) are unknown:
"OpenMPI/4.1.5-GCC-12.3.0"

Please check the spelling or version number. Also try "module spider ..."
It is also possible your cache file is out-of-date; it may help to try:
  $ module --ignore_cache load "OpenMPI/4.1.5-GCC-12.3.0"

Also make sure that all modulefiles written in TCL start with the string
#%Module



Lmod has detected the following error: The following module(s) are unknown:
"HDF5/1.14.0-gompi-2023a"

Please check the spelling or version number. Also try "module spider ..."
It is also possible your cache file is out-of-date; it may help to try:
  $ module --ignore_cache load "HDF5/1.14.0-gompi-2023a"

Also make sure that all modulefiles written in TCL start with the string
#%Module



Lmod has detected the following error: The following module(s) are unknown:
"netCDF/4.9.2-gompi-2023a"

Please check the spelling or version number. Also try "module spider ..."
It is also possible your cache file is out-of-date; it may help to try:
  $ module --ignore_cache load "netCDF/4.9.2-gompi-2023a"

Also make sure that all modulefiles written in TCL start with the string
#%Module



Lmod has detected the following error: The following module(s) are unknown:
"netCDF-Fortran/4.6.1-gompi-2023a"

Please check the spelling or version number. Also try "module spider ..."
It is also possible your cache file is out-of-date; it may help to try:
  $ module --ignore_cache load "netCDF-Fortran/4.6.1-gompi-2023a"

Also make sure that all modulefiles written in TCL start with the string
#%Module



make: nf-config: No such file or directory
make: nf-config: No such file or directory
make: nf-config: No such file or directory
make: nf-config: No such file or directory
make: nf-config: No such file or directory
make: nf-config: No such file or directory
src/mod_getfile.F90:24:7:

   24 |   USE netcdf
      |       1
Fatal Error: Cannot open module file 'netcdf.mod' for reading at (1): No such file or directory
compilation terminated.
make: *** [Makefile:110: _build/mod_getfile.o] Error 1
/tmp/slurmd/job307249/slurm_script: line 32: ./logs/1999/05/runtracmass_log.out: No such file or directory
