 ===============================================================================
              TRACMASS Lagrangian off-line particle tracking 
 ===============================================================================
 
 Start date  : 2026-03-18
 Start time  : 15:06:55
 
 -------------------------------------------------------------------------------
 
 Model information:
 Project code  : project_1m_RAPID/eORCA1
 Case name     : eORCA1_01_1997_25_1m
 Namelist file : /tmp/tracmass_1997_01_2422891/project_1m_RAPID/eORCA1/eORCA1_files/1997/namelist_eORCA1_01_1997_25_1m.in
 
 -------------------------------------------------------------------------------
 
 Configuration options:
  - Forward in time (nff = 1)
  - A subdomain has been choosen
      i index:   185 - 296  
      j index:   197 - 311  
  - Three-dimensional trajectories (vertical fluxes computed)
  - Evaluate the value of these tracers along the trajectories:
     1- mld (m) 
     2- q (wm-2) 
     3- temp (degC) 
     4- sal (gkg-1) 
 
 -------------------------------------------------------------------------------
 
 imindom:         186 jmindom:         198 imt:         112 jmt:         115
 Output information:
 Directory for output files : /dssgfs01/scratch/emdh1n25/project_1m_RAPID/eORCA1/eORCA1_output/1997/
 Prefix for output files    : ORCA1_NPD_01_1997_25_1m
 
 -------------------------------------------------------------------------------
 
 Start date in model-time     : 1997-01-01 00:00
 End date in model-time       : 2021-12-01 00:00
 Length of run in timesteps   :    300
 Number of seeding timesteps  :      1
 Time integration scheme      : regular time step scheme
 Steps between two GCM fields :    100
 
 -------------------------------------------------------------------------------
 t-step        run        out        err        tot                 model date
 -------------------------------------------------------------------------------
      1 |    24228 |        0 |        0 |    24228 |   1997-01-01    00:00:00
      2 |    22889 |     1339 |        0 |    24228 |   1997-02-01    00:00:00
      3 |    22388 |     1840 |        0 |    24228 |   1997-03-01    00:00:00
      4 |    22216 |     2012 |        0 |    24228 |   1997-04-01    00:00:00
      5 |    22065 |     2163 |        0 |    24228 |   1997-05-01    00:00:00
      6 |    21952 |     2276 |        0 |    24228 |   1997-06-01    00:00:00
      7 |    21884 |     2344 |        0 |    24228 |   1997-07-01    00:00:00
      8 |    21801 |     2427 |        0 |    24228 |   1997-08-01    00:00:00
      9 |    21740 |     2488 |        0 |    24228 |   1997-09-01    00:00:00
     10 |    21601 |     2627 |        0 |    24228 |   1997-10-01    00:00:00
     11 |    21276 |     2952 |        0 |    24228 |   1997-11-01    00:00:00
     12 |    21049 |     3179 |        0 |    24228 |   1997-12-01    00:00:00
     13 |    20921 |     3307 |        0 |    24228 |   1998-01-01    00:00:00
     14 |    20852 |     3376 |        0 |    24228 |   1998-02-01    00:00:00
     15 |    20794 |     3434 |        0 |    24228 |   1998-03-01    00:00:00
     16 |    20749 |     3479 |        0 |    24228 |   1998-04-01    00:00:00
     17 |    20706 |     3522 |        0 |    24228 |   1998-05-01    00:00:00
     18 |    20655 |     3573 |        0 |    24228 |   1998-06-01    00:00:00
     19 |    20623 |     3605 |        0 |    24228 |   1998-07-01    00:00:00
     20 |    20599 |     3629 |        0 |    24228 |   1998-08-01    00:00:00
     21 |    20577 |     3651 |        0 |    24228 |   1998-09-01    00:00:00
     22 |    20524 |     3704 |        0 |    24228 |   1998-10-01    00:00:00
     23 |    20449 |     3779 |        0 |    24228 |   1998-11-01    00:00:00
     24 |    20291 |     3937 |        0 |    24228 |   1998-12-01    00:00:00
     25 |    20101 |     4127 |        0 |    24228 |   1999-01-01    00:00:00
     26 |    19928 |     4300 |        0 |    24228 |   1999-02-01    00:00:00
     27 |    19765 |     4463 |        0 |    24228 |   1999-03-01    00:00:00
     28 |    19569 |     4659 |        0 |    24228 |   1999-04-01    00:00:00
     29 |    19372 |     4856 |        0 |    24228 |   1999-05-01    00:00:00
     30 |    19235 |     4993 |        0 |    24228 |   1999-06-01    00:00:00
     31 |    19025 |     5203 |        0 |    24228 |   1999-07-01    00:00:00
     32 |    18838 |     5390 |        0 |    24228 |   1999-08-01    00:00:00
     33 |    18682 |     5546 |        0 |    24228 |   1999-09-01    00:00:00
     34 |    18551 |     5677 |        0 |    24228 |   1999-10-01    00:00:00
     35 |    18430 |     5798 |        0 |    24228 |   1999-11-01    00:00:00
     36 |    18286 |     5942 |        0 |    24228 |   1999-12-01    00:00:00
     37 |    18077 |     6151 |        0 |    24228 |   2000-01-01    00:00:00
     38 |    17839 |     6389 |        0 |    24228 |   2000-02-01    00:00:00
     39 |    17526 |     6702 |        0 |    24228 |   2000-03-01    00:00:00
     40 |    17209 |     7019 |        0 |    24228 |   2000-04-01    00:00:00
     41 |    17045 |     7183 |        0 |    24228 |   2000-05-01    00:00:00
     42 |    16902 |     7326 |        0 |    24228 |   2000-06-01    00:00:00
     43 |    16760 |     7468 |        0 |    24228 |   2000-07-01    00:00:00
     44 |    16625 |     7603 |        0 |    24228 |   2000-08-01    00:00:00
     45 |    16509 |     7719 |        0 |    24228 |   2000-09-01    00:00:00
     46 |    16369 |     7859 |        0 |    24228 |   2000-10-01    00:00:00
     47 |    16246 |     7982 |        0 |    24228 |   2000-11-01    00:00:00
     48 |    16090 |     8138 |        0 |    24228 |   2000-12-01    00:00:00
     49 |    15940 |     8288 |        0 |    24228 |   2001-01-01    00:00:00
     50 |    15776 |     8452 |        0 |    24228 |   2001-02-01    00:00:00
     51 |    15625 |     8603 |        0 |    24228 |   2001-03-01    00:00:00
     52 |    15506 |     8722 |        0 |    24228 |   2001-04-01    00:00:00
     53 |    15393 |     8835 |        0 |    24228 |   2001-05-01    00:00:00
     54 |    15286 |     8942 |        0 |    24228 |   2001-06-01    00:00:00
     55 |    15204 |     9024 |        0 |    24228 |   2001-07-01    00:00:00
     56 |    15101 |     9127 |        0 |    24228 |   2001-08-01    00:00:00
     57 |    14982 |     9246 |        0 |    24228 |   2001-09-01    00:00:00
     58 |    14880 |     9348 |        0 |    24228 |   2001-10-01    00:00:00
     59 |    14774 |     9454 |        0 |    24228 |   2001-11-01    00:00:00
     60 |    14656 |     9572 |        0 |    24228 |   2001-12-01    00:00:00
     61 |    14569 |     9659 |        0 |    24228 |   2002-01-01    00:00:00
     62 |    14467 |     9761 |        0 |    24228 |   2002-02-01    00:00:00
     63 |    14352 |     9876 |        0 |    24228 |   2002-03-01    00:00:00
     64 |    14256 |     9972 |        0 |    24228 |   2002-04-01    00:00:00
     65 |    14153 |    10075 |        0 |    24228 |   2002-05-01    00:00:00
     66 |    14043 |    10185 |        0 |    24228 |   2002-06-01    00:00:00
     67 |    13949 |    10279 |        0 |    24228 |   2002-07-01    00:00:00
     68 |    13838 |    10390 |        0 |    24228 |   2002-08-01    00:00:00
     69 |    13710 |    10518 |        0 |    24228 |   2002-09-01    00:00:00
     70 |    13586 |    10642 |        0 |    24228 |   2002-10-01    00:00:00
     71 |    13509 |    10719 |        0 |    24228 |   2002-11-01    00:00:00
     72 |    13447 |    10781 |        0 |    24228 |   2002-12-01    00:00:00
     73 |    13378 |    10850 |        0 |    24228 |   2003-01-01    00:00:00
     74 |    13314 |    10914 |        0 |    24228 |   2003-02-01    00:00:00
     75 |    13217 |    11011 |        0 |    24228 |   2003-03-01    00:00:00
     76 |    13124 |    11104 |        0 |    24228 |   2003-04-01    00:00:00
     77 |    13019 |    11209 |        0 |    24228 |   2003-05-01    00:00:00
     78 |    12878 |    11350 |        0 |    24228 |   2003-06-01    00:00:00
     79 |    12700 |    11528 |        0 |    24228 |   2003-07-01    00:00:00
     80 |    12488 |    11740 |        0 |    24228 |   2003-08-01    00:00:00
     81 |    12320 |    11908 |        0 |    24228 |   2003-09-01    00:00:00
     82 |    12171 |    12057 |        0 |    24228 |   2003-10-01    00:00:00
     83 |    12011 |    12217 |        0 |    24228 |   2003-11-01    00:00:00
     84 |    11873 |    12355 |        0 |    24228 |   2003-12-01    00:00:00
     85 |    11742 |    12486 |        0 |    24228 |   2004-01-01    00:00:00
     86 |    11617 |    12611 |        0 |    24228 |   2004-02-01    00:00:00
     87 |    11473 |    12755 |        0 |    24228 |   2004-03-01    00:00:00
     88 |    11325 |    12903 |        0 |    24228 |   2004-04-01    00:00:00
     89 |    11224 |    13004 |        0 |    24228 |   2004-05-01    00:00:00
     90 |    11123 |    13105 |        0 |    24228 |   2004-06-01    00:00:00
     91 |    11027 |    13201 |        0 |    24228 |   2004-07-01    00:00:00
     92 |    10936 |    13292 |        0 |    24228 |   2004-08-01    00:00:00
     93 |    10832 |    13396 |        0 |    24228 |   2004-09-01    00:00:00
     94 |    10772 |    13456 |        0 |    24228 |   2004-10-01    00:00:00
     95 |    10718 |    13510 |        0 |    24228 |   2004-11-01    00:00:00
     96 |    10662 |    13566 |        0 |    24228 |   2004-12-01    00:00:00
     97 |    10598 |    13630 |        0 |    24228 |   2005-01-01    00:00:00
     98 |    10544 |    13684 |        0 |    24228 |   2005-02-01    00:00:00
     99 |    10495 |    13733 |        0 |    24228 |   2005-03-01    00:00:00
    100 |    10453 |    13775 |        0 |    24228 |   2005-04-01    00:00:00
    101 |    10406 |    13822 |        0 |    24228 |   2005-05-01    00:00:00
    102 |    10370 |    13858 |        0 |    24228 |   2005-06-01    00:00:00
    103 |    10335 |    13893 |        0 |    24228 |   2005-07-01    00:00:00
    104 |    10289 |    13939 |        0 |    24228 |   2005-08-01    00:00:00
    105 |    10237 |    13991 |        0 |    24228 |   2005-09-01    00:00:00
    106 |    10201 |    14027 |        0 |    24228 |   2005-10-01    00:00:00
    107 |    10160 |    14068 |        0 |    24228 |   2005-11-01    00:00:00
    108 |    10125 |    14103 |        0 |    24228 |   2005-12-01    00:00:00
    109 |    10080 |    14148 |        0 |    24228 |   2006-01-01    00:00:00
    110 |    10049 |    14179 |        0 |    24228 |   2006-02-01    00:00:00
    111 |    10007 |    14221 |        0 |    24228 |   2006-03-01    00:00:00
    112 |     9969 |    14259 |        0 |    24228 |   2006-04-01    00:00:00
    113 |     9927 |    14301 |        0 |    24228 |   2006-05-01    00:00:00
    114 |     9895 |    14333 |        0 |    24228 |   2006-06-01    00:00:00
    115 |     9859 |    14369 |        0 |    24228 |   2006-07-01    00:00:00
    116 |     9834 |    14394 |        0 |    24228 |   2006-08-01    00:00:00
    117 |     9797 |    14431 |        0 |    24228 |   2006-09-01    00:00:00
    118 |     9770 |    14458 |        0 |    24228 |   2006-10-01    00:00:00
    119 |     9732 |    14496 |        0 |    24228 |   2006-11-01    00:00:00
    120 |     9695 |    14533 |        0 |    24228 |   2006-12-01    00:00:00
    121 |     9649 |    14579 |        0 |    24228 |   2007-01-01    00:00:00
    122 |     9625 |    14603 |        0 |    24228 |   2007-02-01    00:00:00
    123 |     9579 |    14649 |        0 |    24228 |   2007-03-01    00:00:00
    124 |     9551 |    14677 |        0 |    24228 |   2007-04-01    00:00:00
    125 |     9507 |    14721 |        0 |    24228 |   2007-05-01    00:00:00
    126 |     9475 |    14753 |        0 |    24228 |   2007-06-01    00:00:00
    127 |     9446 |    14782 |        0 |    24228 |   2007-07-01    00:00:00
    128 |     9417 |    14811 |        0 |    24228 |   2007-08-01    00:00:00
    129 |     9383 |    14845 |        0 |    24228 |   2007-09-01    00:00:00
    130 |     9357 |    14871 |        0 |    24228 |   2007-10-01    00:00:00
    131 |     9330 |    14898 |        0 |    24228 |   2007-11-01    00:00:00
    132 |     9295 |    14933 |        0 |    24228 |   2007-12-01    00:00:00
    133 |     9267 |    14961 |        0 |    24228 |   2008-01-01    00:00:00
    134 |     9236 |    14992 |        0 |    24228 |   2008-02-01    00:00:00
    135 |     9206 |    15022 |        0 |    24228 |   2008-03-01    00:00:00
    136 |     9183 |    15045 |        0 |    24228 |   2008-04-01    00:00:00
    137 |     9167 |    15061 |        0 |    24228 |   2008-05-01    00:00:00
    138 |     9153 |    15075 |        0 |    24228 |   2008-06-01    00:00:00
    139 |     9137 |    15091 |        0 |    24228 |   2008-07-01    00:00:00
    140 |     9108 |    15120 |        0 |    24228 |   2008-08-01    00:00:00
    141 |     9082 |    15146 |        0 |    24228 |   2008-09-01    00:00:00
    142 |     9059 |    15169 |        0 |    24228 |   2008-10-01    00:00:00
    143 |     9040 |    15188 |        0 |    24228 |   2008-11-01    00:00:00
    144 |     9023 |    15205 |        0 |    24228 |   2008-12-01    00:00:00
    145 |     8995 |    15233 |        0 |    24228 |   2009-01-01    00:00:00
    146 |     8966 |    15262 |        0 |    24228 |   2009-02-01    00:00:00
    147 |     8944 |    15284 |        0 |    24228 |   2009-03-01    00:00:00
    148 |     8920 |    15308 |        0 |    24228 |   2009-04-01    00:00:00
    149 |     8892 |    15336 |        0 |    24228 |   2009-05-01    00:00:00
    150 |     8872 |    15356 |        0 |    24228 |   2009-06-01    00:00:00
    151 |     8846 |    15382 |        0 |    24228 |   2009-07-01    00:00:00
    152 |     8824 |    15404 |        0 |    24228 |   2009-08-01    00:00:00
    153 |     8801 |    15427 |        0 |    24228 |   2009-09-01    00:00:00
    154 |     8781 |    15447 |        0 |    24228 |   2009-10-01    00:00:00
    155 |     8746 |    15482 |        0 |    24228 |   2009-11-01    00:00:00
    156 |     8721 |    15507 |        0 |    24228 |   2009-12-01    00:00:00
    157 |     8691 |    15537 |        0 |    24228 |   2010-01-01    00:00:00
    158 |     8669 |    15559 |        0 |    24228 |   2010-02-01    00:00:00
    159 |     8643 |    15585 |        0 |    24228 |   2010-03-01    00:00:00
    160 |     8620 |    15608 |        0 |    24228 |   2010-04-01    00:00:00
    161 |     8594 |    15634 |        0 |    24228 |   2010-05-01    00:00:00
    162 |     8569 |    15659 |        0 |    24228 |   2010-06-01    00:00:00
    163 |     8549 |    15679 |        0 |    24228 |   2010-07-01    00:00:00
    164 |     8532 |    15696 |        0 |    24228 |   2010-08-01    00:00:00
    165 |     8511 |    15717 |        0 |    24228 |   2010-09-01    00:00:00
    166 |     8495 |    15733 |        0 |    24228 |   2010-10-01    00:00:00
    167 |     8477 |    15751 |        0 |    24228 |   2010-11-01    00:00:00
    168 |     8462 |    15766 |        0 |    24228 |   2010-12-01    00:00:00
    169 |     8442 |    15786 |        0 |    24228 |   2011-01-01    00:00:00
    170 |     8422 |    15806 |        0 |    24228 |   2011-02-01    00:00:00
    171 |     8398 |    15830 |        0 |    24228 |   2011-03-01    00:00:00
    172 |     8379 |    15849 |        0 |    24228 |   2011-04-01    00:00:00
    173 |     8355 |    15873 |        0 |    24228 |   2011-05-01    00:00:00
    174 |     8328 |    15900 |        0 |    24228 |   2011-06-01    00:00:00
    175 |     8311 |    15917 |        0 |    24228 |   2011-07-01    00:00:00
    176 |     8288 |    15940 |        0 |    24228 |   2011-08-01    00:00:00
    177 |     8270 |    15958 |        0 |    24228 |   2011-09-01    00:00:00
    178 |     8253 |    15975 |        0 |    24228 |   2011-10-01    00:00:00
    179 |     8226 |    16002 |        0 |    24228 |   2011-11-01    00:00:00
    180 |     8208 |    16020 |        0 |    24228 |   2011-12-01    00:00:00
    181 |     8193 |    16035 |        0 |    24228 |   2012-01-01    00:00:00
    182 |     8172 |    16056 |        0 |    24228 |   2012-02-01    00:00:00
    183 |     8156 |    16072 |        0 |    24228 |   2012-03-01    00:00:00
    184 |     8142 |    16086 |        0 |    24228 |   2012-04-01    00:00:00
    185 |     8130 |    16098 |        0 |    24228 |   2012-05-01    00:00:00
    186 |     8117 |    16111 |        0 |    24228 |   2012-06-01    00:00:00
    187 |     8101 |    16127 |        0 |    24228 |   2012-07-01    00:00:00
    188 |     8087 |    16141 |        0 |    24228 |   2012-08-01    00:00:00
    189 |     8074 |    16154 |        0 |    24228 |   2012-09-01    00:00:00
    190 |     8055 |    16173 |        0 |    24228 |   2012-10-01    00:00:00
    191 |     8034 |    16194 |        0 |    24228 |   2012-11-01    00:00:00
    192 |     8016 |    16212 |        0 |    24228 |   2012-12-01    00:00:00
    193 |     7998 |    16230 |        0 |    24228 |   2013-01-01    00:00:00
    194 |     7980 |    16248 |        0 |    24228 |   2013-02-01    00:00:00
    195 |     7963 |    16265 |        0 |    24228 |   2013-03-01    00:00:00
    196 |     7949 |    16279 |        0 |    24228 |   2013-04-01    00:00:00
    197 |     7928 |    16300 |        0 |    24228 |   2013-05-01    00:00:00
    198 |     7907 |    16321 |        0 |    24228 |   2013-06-01    00:00:00
    199 |     7892 |    16336 |        0 |    24228 |   2013-07-01    00:00:00
    200 |     7875 |    16353 |        0 |    24228 |   2013-08-01    00:00:00
    201 |     7858 |    16370 |        0 |    24228 |   2013-09-01    00:00:00
    202 |     7849 |    16379 |        0 |    24228 |   2013-10-01    00:00:00
    203 |     7829 |    16399 |        0 |    24228 |   2013-11-01    00:00:00
    204 |     7816 |    16412 |        0 |    24228 |   2013-12-01    00:00:00
    205 |     7809 |    16419 |        0 |    24228 |   2014-01-01    00:00:00
    206 |     7792 |    16436 |        0 |    24228 |   2014-02-01    00:00:00
    207 |     7777 |    16451 |        0 |    24228 |   2014-03-01    00:00:00
    208 |     7764 |    16464 |        0 |    24228 |   2014-04-01    00:00:00
    209 |     7756 |    16472 |        0 |    24228 |   2014-05-01    00:00:00
    210 |     7748 |    16480 |        0 |    24228 |   2014-06-01    00:00:00
    211 |     7739 |    16489 |        0 |    24228 |   2014-07-01    00:00:00
    212 |     7729 |    16499 |        0 |    24228 |   2014-08-01    00:00:00
    213 |     7720 |    16508 |        0 |    24228 |   2014-09-01    00:00:00
    214 |     7706 |    16522 |        0 |    24228 |   2014-10-01    00:00:00
    215 |     7693 |    16535 |        0 |    24228 |   2014-11-01    00:00:00
    216 |     7681 |    16547 |        0 |    24228 |   2014-12-01    00:00:00
    217 |     7666 |    16562 |        0 |    24228 |   2015-01-01    00:00:00
    218 |     7654 |    16574 |        0 |    24228 |   2015-02-01    00:00:00
    219 |     7642 |    16586 |        0 |    24228 |   2015-03-01    00:00:00
    220 |     7629 |    16599 |        0 |    24228 |   2015-04-01    00:00:00
    221 |     7613 |    16615 |        0 |    24228 |   2015-05-01    00:00:00
    222 |     7595 |    16633 |        0 |    24228 |   2015-06-01    00:00:00
    223 |     7585 |    16643 |        0 |    24228 |   2015-07-01    00:00:00
    224 |     7577 |    16651 |        0 |    24228 |   2015-08-01    00:00:00
    225 |     7570 |    16658 |        0 |    24228 |   2015-09-01    00:00:00
    226 |     7557 |    16671 |        0 |    24228 |   2015-10-01    00:00:00
    227 |     7547 |    16681 |        0 |    24228 |   2015-11-01    00:00:00
    228 |     7537 |    16691 |        0 |    24228 |   2015-12-01    00:00:00
    229 |     7522 |    16706 |        0 |    24228 |   2016-01-01    00:00:00
    230 |     7511 |    16717 |        0 |    24228 |   2016-02-01    00:00:00
    231 |     7493 |    16735 |        0 |    24228 |   2016-03-01    00:00:00
    232 |     7487 |    16741 |        0 |    24228 |   2016-04-01    00:00:00
    233 |     7480 |    16748 |        0 |    24228 |   2016-05-01    00:00:00
    234 |     7472 |    16756 |        0 |    24228 |   2016-06-01    00:00:00
    235 |     7462 |    16766 |        0 |    24228 |   2016-07-01    00:00:00
    236 |     7456 |    16772 |        0 |    24228 |   2016-08-01    00:00:00
    237 |     7445 |    16783 |        0 |    24228 |   2016-09-01    00:00:00
    238 |     7440 |    16788 |        0 |    24228 |   2016-10-01    00:00:00
    239 |     7434 |    16794 |        0 |    24228 |   2016-11-01    00:00:00
    240 |     7432 |    16796 |        0 |    24228 |   2016-12-01    00:00:00
    241 |     7426 |    16802 |        0 |    24228 |   2017-01-01    00:00:00
    242 |     7415 |    16813 |        0 |    24228 |   2017-02-01    00:00:00
    243 |     7406 |    16822 |        0 |    24228 |   2017-03-01    00:00:00
    244 |     7401 |    16827 |        0 |    24228 |   2017-04-01    00:00:00
    245 |     7394 |    16834 |        0 |    24228 |   2017-05-01    00:00:00
    246 |     7385 |    16843 |        0 |    24228 |   2017-06-01    00:00:00
    247 |     7376 |    16852 |        0 |    24228 |   2017-07-01    00:00:00
    248 |     7369 |    16859 |        0 |    24228 |   2017-08-01    00:00:00
    249 |     7357 |    16871 |        0 |    24228 |   2017-09-01    00:00:00
    250 |     7347 |    16881 |        0 |    24228 |   2017-10-01    00:00:00
    251 |     7340 |    16888 |        0 |    24228 |   2017-11-01    00:00:00
    252 |     7329 |    16899 |        0 |    24228 |   2017-12-01    00:00:00
    253 |     7319 |    16909 |        0 |    24228 |   2018-01-01    00:00:00
    254 |     7307 |    16921 |        0 |    24228 |   2018-02-01    00:00:00
    255 |     7296 |    16932 |        0 |    24228 |   2018-03-01    00:00:00
    256 |     7287 |    16941 |        0 |    24228 |   2018-04-01    00:00:00
    257 |     7271 |    16957 |        0 |    24228 |   2018-05-01    00:00:00
    258 |     7259 |    16969 |        0 |    24228 |   2018-06-01    00:00:00
    259 |     7254 |    16974 |        0 |    24228 |   2018-07-01    00:00:00
    260 |     7250 |    16978 |        0 |    24228 |   2018-08-01    00:00:00
    261 |     7246 |    16982 |        0 |    24228 |   2018-09-01    00:00:00
    262 |     7240 |    16988 |        0 |    24228 |   2018-10-01    00:00:00
    263 |     7224 |    17004 |        0 |    24228 |   2018-11-01    00:00:00
    264 |     7215 |    17013 |        0 |    24228 |   2018-12-01    00:00:00
    265 |     7207 |    17021 |        0 |    24228 |   2019-01-01    00:00:00
    266 |     7197 |    17031 |        0 |    24228 |   2019-02-01    00:00:00
    267 |     7186 |    17042 |        0 |    24228 |   2019-03-01    00:00:00
    268 |     7174 |    17054 |        0 |    24228 |   2019-04-01    00:00:00
    269 |     7167 |    17061 |        0 |    24228 |   2019-05-01    00:00:00
    270 |     7159 |    17069 |        0 |    24228 |   2019-06-01    00:00:00
    271 |     7151 |    17077 |        0 |    24228 |   2019-07-01    00:00:00
    272 |     7147 |    17081 |        0 |    24228 |   2019-08-01    00:00:00
    273 |     7143 |    17085 |        0 |    24228 |   2019-09-01    00:00:00
    274 |     7138 |    17090 |        0 |    24228 |   2019-10-01    00:00:00
    275 |     7135 |    17093 |        0 |    24228 |   2019-11-01    00:00:00
    276 |     7123 |    17105 |        0 |    24228 |   2019-12-01    00:00:00
    277 |     7116 |    17112 |        0 |    24228 |   2020-01-01    00:00:00
    278 |     7108 |    17120 |        0 |    24228 |   2020-02-01    00:00:00
    279 |     7103 |    17125 |        0 |    24228 |   2020-03-01    00:00:00
    280 |     7096 |    17132 |        0 |    24228 |   2020-04-01    00:00:00
    281 |     7092 |    17136 |        0 |    24228 |   2020-05-01    00:00:00
    282 |     7088 |    17140 |        0 |    24228 |   2020-06-01    00:00:00
    283 |     7083 |    17145 |        0 |    24228 |   2020-07-01    00:00:00
    284 |     7079 |    17149 |        0 |    24228 |   2020-08-01    00:00:00
    285 |     7072 |    17156 |        0 |    24228 |   2020-09-01    00:00:00
    286 |     7064 |    17164 |        0 |    24228 |   2020-10-01    00:00:00
    287 |     7060 |    17168 |        0 |    24228 |   2020-11-01    00:00:00
    288 |     7050 |    17178 |        0 |    24228 |   2020-12-01    00:00:00
    289 |     7044 |    17184 |        0 |    24228 |   2021-01-01    00:00:00
    290 |     7040 |    17188 |        0 |    24228 |   2021-02-01    00:00:00
    291 |     7035 |    17193 |        0 |    24228 |   2021-03-01    00:00:00
    292 |     7030 |    17198 |        0 |    24228 |   2021-04-01    00:00:00
    293 |     7024 |    17204 |        0 |    24228 |   2021-05-01    00:00:00
    294 |     7018 |    17210 |        0 |    24228 |   2021-06-01    00:00:00
    295 |     7012 |    17216 |        0 |    24228 |   2021-07-01    00:00:00
    296 |     7008 |    17220 |        0 |    24228 |   2021-08-01    00:00:00
    297 |     7001 |    17227 |        0 |    24228 |   2021-09-01    00:00:00
    298 |     6997 |    17231 |        0 |    24228 |   2021-10-01    00:00:00
    299 |     6995 |    17233 |        0 |    24228 |   2021-11-01    00:00:00
    300 |     6988 |    17240 |        0 |    24228 |   2021-12-01    00:00:00
 ===============================================================================
       24228  particles calculated
       17240  particles exited the space and time domain
           0  particles flagged with errors
        6988  particles in domain
 -------------------------------------------------------------------------------
 
 ===============================================================================
 End date  : 2026-03-18
 End time  : 15:23:54
 ===============================================================================
