 ===============================================================================
              TRACMASS Lagrangian off-line particle tracking 
 ===============================================================================
 
 Start date  : 2026-03-18
 Start time  : 12:35:11
 
 -------------------------------------------------------------------------------
 
 Model information:
 Project code  : project_1m_RAPID/eORCA0
 Case name     : eORCA025_01_1999_25_1m
 Namelist file : /tmp/tracmass_1999_01_1780674/project_1m_RAPID/eORCA025/eORCA025_files/1999/namelist_eORCA025_01_1999_25_1m.in
 
 -------------------------------------------------------------------------------
 
 Configuration options:
  - Forward in time (nff = 1)
  - A subdomain has been choosen
      i index:   737 - 1185 
      j index:   694 - 1127 
  - Three-dimensional trajectories (vertical fluxes computed)
  - Evaluate the value of these tracers along the trajectories:
     1- mld (m) 
     2- q (wm-2) 
     3- temp (degC) 
     4- sal (gkg-1) 
 
 -------------------------------------------------------------------------------
 
 imindom:         738 jmindom:         695 imt:         449 jmt:         434
 Output information:
 Directory for output files : /dssgfs01/scratch/emdh1n25/project_1m_RAPID/eORCA025/eORCA025_output/1999/
 Prefix for output files    : ORCA025_NPD_01_1999_25_1m
 
 -------------------------------------------------------------------------------
 
 Start date in model-time     : 1999-01-01 00:00
 End date in model-time       : 2023-12-01 00:00
 Length of run in timesteps   :    300
 Number of seeding timesteps  :      1
 Time integration scheme      : regular time step scheme
 Steps between two GCM fields :    100
 
 -------------------------------------------------------------------------------
 t-step        run        out        err        tot                 model date
 -------------------------------------------------------------------------------
      1 |    71269 |        0 |        0 |    71269 |   1999-01-01    00:00:00
      2 |    63403 |     7866 |        0 |    71269 |   1999-02-01    00:00:00
      3 |    56555 |    14714 |        0 |    71269 |   1999-03-01    00:00:00
      4 |    52770 |    18499 |        0 |    71269 |   1999-04-01    00:00:00
      5 |    50890 |    20379 |        0 |    71269 |   1999-05-01    00:00:00
      6 |    48878 |    22391 |        0 |    71269 |   1999-06-01    00:00:00
      7 |    47326 |    23943 |        0 |    71269 |   1999-07-01    00:00:00
      8 |    46291 |    24978 |        0 |    71269 |   1999-08-01    00:00:00
      9 |    45175 |    26094 |        0 |    71269 |   1999-09-01    00:00:00
     10 |    43867 |    27402 |        0 |    71269 |   1999-10-01    00:00:00
     11 |    42639 |    28630 |        0 |    71269 |   1999-11-01    00:00:00
     12 |    41700 |    29569 |        0 |    71269 |   1999-12-01    00:00:00
     13 |    40901 |    30368 |        0 |    71269 |   2000-01-01    00:00:00
     14 |    40229 |    31040 |        0 |    71269 |   2000-02-01    00:00:00
     15 |    38994 |    32275 |        0 |    71269 |   2000-03-01    00:00:00
     16 |    37691 |    33578 |        0 |    71269 |   2000-04-01    00:00:00
     17 |    36238 |    35031 |        0 |    71269 |   2000-05-01    00:00:00
     18 |    34860 |    36409 |        0 |    71269 |   2000-06-01    00:00:00
     19 |    33660 |    37609 |        0 |    71269 |   2000-07-01    00:00:00
     20 |    32747 |    38522 |        0 |    71269 |   2000-08-01    00:00:00
     21 |    32149 |    39120 |        0 |    71269 |   2000-09-01    00:00:00
     22 |    31643 |    39626 |        0 |    71269 |   2000-10-01    00:00:00
     23 |    31183 |    40086 |        0 |    71269 |   2000-11-01    00:00:00
     24 |    30830 |    40439 |        0 |    71269 |   2000-12-01    00:00:00
     25 |    30504 |    40765 |        0 |    71269 |   2001-01-01    00:00:00
     26 |    30204 |    41065 |        0 |    71269 |   2001-02-01    00:00:00
     27 |    29862 |    41407 |        0 |    71269 |   2001-03-01    00:00:00
     28 |    29573 |    41696 |        0 |    71269 |   2001-04-01    00:00:00
     29 |    29296 |    41973 |        0 |    71269 |   2001-05-01    00:00:00
     30 |    28948 |    42321 |        0 |    71269 |   2001-06-01    00:00:00
     31 |    28468 |    42801 |        0 |    71269 |   2001-07-01    00:00:00
     32 |    28171 |    43098 |        0 |    71269 |   2001-08-01    00:00:00
     33 |    27923 |    43346 |        0 |    71269 |   2001-09-01    00:00:00
     34 |    27705 |    43564 |        0 |    71269 |   2001-10-01    00:00:00
     35 |    27460 |    43809 |        0 |    71269 |   2001-11-01    00:00:00
     36 |    27196 |    44073 |        0 |    71269 |   2001-12-01    00:00:00
     37 |    26932 |    44337 |        0 |    71269 |   2002-01-01    00:00:00
     38 |    26650 |    44619 |        0 |    71269 |   2002-02-01    00:00:00
     39 |    26379 |    44890 |        0 |    71269 |   2002-03-01    00:00:00
     40 |    26117 |    45152 |        0 |    71269 |   2002-04-01    00:00:00
     41 |    25859 |    45410 |        0 |    71269 |   2002-05-01    00:00:00
     42 |    25552 |    45717 |        0 |    71269 |   2002-06-01    00:00:00
     43 |    25265 |    46004 |        0 |    71269 |   2002-07-01    00:00:00
     44 |    25049 |    46220 |        0 |    71269 |   2002-08-01    00:00:00
     45 |    24856 |    46413 |        0 |    71269 |   2002-09-01    00:00:00
     46 |    24614 |    46655 |        0 |    71269 |   2002-10-01    00:00:00
     47 |    24383 |    46886 |        0 |    71269 |   2002-11-01    00:00:00
     48 |    24202 |    47067 |        0 |    71269 |   2002-12-01    00:00:00
     49 |    24004 |    47265 |        0 |    71269 |   2003-01-01    00:00:00
     50 |    23754 |    47515 |        0 |    71269 |   2003-02-01    00:00:00
     51 |    23535 |    47734 |        0 |    71269 |   2003-03-01    00:00:00
     52 |    23337 |    47932 |        0 |    71269 |   2003-04-01    00:00:00
     53 |    23163 |    48106 |        0 |    71269 |   2003-05-01    00:00:00
     54 |    22997 |    48272 |        0 |    71269 |   2003-06-01    00:00:00
     55 |    22824 |    48445 |        0 |    71269 |   2003-07-01    00:00:00
     56 |    22640 |    48629 |        0 |    71269 |   2003-08-01    00:00:00
     57 |    22405 |    48864 |        0 |    71269 |   2003-09-01    00:00:00
     58 |    22180 |    49089 |        0 |    71269 |   2003-10-01    00:00:00
     59 |    21993 |    49276 |        0 |    71269 |   2003-11-01    00:00:00
     60 |    21800 |    49469 |        0 |    71269 |   2003-12-01    00:00:00
     61 |    21622 |    49647 |        0 |    71269 |   2004-01-01    00:00:00
     62 |    21460 |    49809 |        0 |    71269 |   2004-02-01    00:00:00
     63 |    21277 |    49992 |        0 |    71269 |   2004-03-01    00:00:00
     64 |    21076 |    50193 |        0 |    71269 |   2004-04-01    00:00:00
     65 |    20900 |    50369 |        0 |    71269 |   2004-05-01    00:00:00
     66 |    20754 |    50515 |        0 |    71269 |   2004-06-01    00:00:00
     67 |    20613 |    50656 |        0 |    71269 |   2004-07-01    00:00:00
     68 |    20465 |    50804 |        0 |    71269 |   2004-08-01    00:00:00
     69 |    20268 |    51001 |        0 |    71269 |   2004-09-01    00:00:00
     70 |    20085 |    51184 |        0 |    71269 |   2004-10-01    00:00:00
     71 |    19868 |    51401 |        0 |    71269 |   2004-11-01    00:00:00
     72 |    19696 |    51573 |        0 |    71269 |   2004-12-01    00:00:00
     73 |    19501 |    51768 |        0 |    71269 |   2005-01-01    00:00:00
     74 |    19287 |    51982 |        0 |    71269 |   2005-02-01    00:00:00
     75 |    19087 |    52182 |        0 |    71269 |   2005-03-01    00:00:00
     76 |    18911 |    52358 |        0 |    71269 |   2005-04-01    00:00:00
     77 |    18772 |    52497 |        0 |    71269 |   2005-05-01    00:00:00
     78 |    18627 |    52642 |        0 |    71269 |   2005-06-01    00:00:00
     79 |    18491 |    52778 |        0 |    71269 |   2005-07-01    00:00:00
     80 |    18336 |    52933 |        0 |    71269 |   2005-08-01    00:00:00
     81 |    18164 |    53105 |        0 |    71269 |   2005-09-01    00:00:00
     82 |    18006 |    53263 |        0 |    71269 |   2005-10-01    00:00:00
     83 |    17843 |    53426 |        0 |    71269 |   2005-11-01    00:00:00
     84 |    17715 |    53554 |        0 |    71269 |   2005-12-01    00:00:00
     85 |    17570 |    53699 |        0 |    71269 |   2006-01-01    00:00:00
     86 |    17439 |    53830 |        0 |    71269 |   2006-02-01    00:00:00
     87 |    17314 |    53955 |        0 |    71269 |   2006-03-01    00:00:00
     88 |    17208 |    54061 |        0 |    71269 |   2006-04-01    00:00:00
     89 |    17086 |    54183 |        0 |    71269 |   2006-05-01    00:00:00
     90 |    16965 |    54304 |        0 |    71269 |   2006-06-01    00:00:00
     91 |    16856 |    54413 |        0 |    71269 |   2006-07-01    00:00:00
     92 |    16746 |    54523 |        0 |    71269 |   2006-08-01    00:00:00
     93 |    16623 |    54646 |        0 |    71269 |   2006-09-01    00:00:00
     94 |    16484 |    54785 |        0 |    71269 |   2006-10-01    00:00:00
     95 |    16359 |    54910 |        0 |    71269 |   2006-11-01    00:00:00
     96 |    16226 |    55043 |        0 |    71269 |   2006-12-01    00:00:00
     97 |    16099 |    55170 |        0 |    71269 |   2007-01-01    00:00:00
     98 |    15973 |    55296 |        0 |    71269 |   2007-02-01    00:00:00
     99 |    15853 |    55416 |        0 |    71269 |   2007-03-01    00:00:00
    100 |    15722 |    55547 |        0 |    71269 |   2007-04-01    00:00:00
    101 |    15616 |    55653 |        0 |    71269 |   2007-05-01    00:00:00
    102 |    15517 |    55752 |        0 |    71269 |   2007-06-01    00:00:00
    103 |    15414 |    55855 |        0 |    71269 |   2007-07-01    00:00:00
    104 |    15314 |    55955 |        0 |    71269 |   2007-08-01    00:00:00
    105 |    15217 |    56052 |        0 |    71269 |   2007-09-01    00:00:00
    106 |    15131 |    56138 |        0 |    71269 |   2007-10-01    00:00:00
    107 |    15051 |    56218 |        0 |    71269 |   2007-11-01    00:00:00
    108 |    14977 |    56292 |        0 |    71269 |   2007-12-01    00:00:00
    109 |    14887 |    56382 |        0 |    71269 |   2008-01-01    00:00:00
    110 |    14811 |    56458 |        0 |    71269 |   2008-02-01    00:00:00
    111 |    14743 |    56526 |        0 |    71269 |   2008-03-01    00:00:00
    112 |    14675 |    56594 |        0 |    71269 |   2008-04-01    00:00:00
    113 |    14586 |    56683 |        0 |    71269 |   2008-05-01    00:00:00
    114 |    14507 |    56762 |        0 |    71269 |   2008-06-01    00:00:00
    115 |    14423 |    56846 |        0 |    71269 |   2008-07-01    00:00:00
    116 |    14363 |    56906 |        0 |    71269 |   2008-08-01    00:00:00
    117 |    14287 |    56982 |        0 |    71269 |   2008-09-01    00:00:00
    118 |    14224 |    57045 |        0 |    71269 |   2008-10-01    00:00:00
    119 |    14146 |    57123 |        0 |    71269 |   2008-11-01    00:00:00
    120 |    14060 |    57209 |        0 |    71269 |   2008-12-01    00:00:00
    121 |    13978 |    57291 |        0 |    71269 |   2009-01-01    00:00:00
    122 |    13906 |    57363 |        0 |    71269 |   2009-02-01    00:00:00
    123 |    13838 |    57431 |        0 |    71269 |   2009-03-01    00:00:00
    124 |    13786 |    57483 |        0 |    71269 |   2009-04-01    00:00:00
    125 |    13709 |    57560 |        0 |    71269 |   2009-05-01    00:00:00
    126 |    13639 |    57630 |        0 |    71269 |   2009-06-01    00:00:00
    127 |    13577 |    57692 |        0 |    71269 |   2009-07-01    00:00:00
    128 |    13520 |    57749 |        0 |    71269 |   2009-08-01    00:00:00
    129 |    13455 |    57814 |        0 |    71269 |   2009-09-01    00:00:00
    130 |    13392 |    57877 |        0 |    71269 |   2009-10-01    00:00:00
    131 |    13327 |    57942 |        0 |    71269 |   2009-11-01    00:00:00
    132 |    13265 |    58004 |        0 |    71269 |   2009-12-01    00:00:00
    133 |    13186 |    58083 |        0 |    71269 |   2010-01-01    00:00:00
    134 |    13111 |    58158 |        0 |    71269 |   2010-02-01    00:00:00
    135 |    13033 |    58236 |        0 |    71269 |   2010-03-01    00:00:00
    136 |    12976 |    58293 |        0 |    71269 |   2010-04-01    00:00:00
    137 |    12915 |    58354 |        0 |    71269 |   2010-05-01    00:00:00
    138 |    12856 |    58413 |        0 |    71269 |   2010-06-01    00:00:00
    139 |    12807 |    58462 |        0 |    71269 |   2010-07-01    00:00:00
    140 |    12769 |    58500 |        0 |    71269 |   2010-08-01    00:00:00
    141 |    12722 |    58547 |        0 |    71269 |   2010-09-01    00:00:00
    142 |    12679 |    58590 |        0 |    71269 |   2010-10-01    00:00:00
    143 |    12629 |    58640 |        0 |    71269 |   2010-11-01    00:00:00
    144 |    12587 |    58682 |        0 |    71269 |   2010-12-01    00:00:00
    145 |    12535 |    58734 |        0 |    71269 |   2011-01-01    00:00:00
    146 |    12494 |    58775 |        0 |    71269 |   2011-02-01    00:00:00
    147 |    12439 |    58830 |        0 |    71269 |   2011-03-01    00:00:00
    148 |    12388 |    58881 |        0 |    71269 |   2011-04-01    00:00:00
    149 |    12327 |    58942 |        0 |    71269 |   2011-05-01    00:00:00
    150 |    12278 |    58991 |        0 |    71269 |   2011-06-01    00:00:00
    151 |    12223 |    59046 |        0 |    71269 |   2011-07-01    00:00:00
    152 |    12174 |    59095 |        0 |    71269 |   2011-08-01    00:00:00
    153 |    12119 |    59150 |        0 |    71269 |   2011-09-01    00:00:00
    154 |    12070 |    59199 |        0 |    71269 |   2011-10-01    00:00:00
    155 |    12029 |    59240 |        0 |    71269 |   2011-11-01    00:00:00
    156 |    11970 |    59299 |        0 |    71269 |   2011-12-01    00:00:00
    157 |    11923 |    59346 |        0 |    71269 |   2012-01-01    00:00:00
    158 |    11875 |    59394 |        0 |    71269 |   2012-02-01    00:00:00
    159 |    11819 |    59450 |        0 |    71269 |   2012-03-01    00:00:00
    160 |    11769 |    59500 |        0 |    71269 |   2012-04-01    00:00:00
    161 |    11728 |    59541 |        0 |    71269 |   2012-05-01    00:00:00
    162 |    11690 |    59579 |        0 |    71269 |   2012-06-01    00:00:00
    163 |    11655 |    59614 |        0 |    71269 |   2012-07-01    00:00:00
    164 |    11611 |    59658 |        0 |    71269 |   2012-08-01    00:00:00
    165 |    11574 |    59695 |        0 |    71269 |   2012-09-01    00:00:00
    166 |    11532 |    59737 |        0 |    71269 |   2012-10-01    00:00:00
    167 |    11498 |    59771 |        0 |    71269 |   2012-11-01    00:00:00
    168 |    11446 |    59823 |        0 |    71269 |   2012-12-01    00:00:00
    169 |    11400 |    59869 |        0 |    71269 |   2013-01-01    00:00:00
    170 |    11358 |    59911 |        0 |    71269 |   2013-02-01    00:00:00
    171 |    11319 |    59950 |        0 |    71269 |   2013-03-01    00:00:00
    172 |    11279 |    59990 |        0 |    71269 |   2013-04-01    00:00:00
    173 |    11239 |    60030 |        0 |    71269 |   2013-05-01    00:00:00
    174 |    11216 |    60053 |        0 |    71269 |   2013-06-01    00:00:00
    175 |    11188 |    60081 |        0 |    71269 |   2013-07-01    00:00:00
    176 |    11141 |    60128 |        0 |    71269 |   2013-08-01    00:00:00
    177 |    11103 |    60166 |        0 |    71269 |   2013-09-01    00:00:00
    178 |    11069 |    60200 |        0 |    71269 |   2013-10-01    00:00:00
    179 |    11030 |    60239 |        0 |    71269 |   2013-11-01    00:00:00
    180 |    10993 |    60276 |        0 |    71269 |   2013-12-01    00:00:00
    181 |    10957 |    60312 |        0 |    71269 |   2014-01-01    00:00:00
    182 |    10929 |    60340 |        0 |    71269 |   2014-02-01    00:00:00
    183 |    10893 |    60376 |        0 |    71269 |   2014-03-01    00:00:00
    184 |    10867 |    60402 |        0 |    71269 |   2014-04-01    00:00:00
    185 |    10842 |    60427 |        0 |    71269 |   2014-05-01    00:00:00
    186 |    10813 |    60456 |        0 |    71269 |   2014-06-01    00:00:00
    187 |    10791 |    60478 |        0 |    71269 |   2014-07-01    00:00:00
    188 |    10768 |    60501 |        0 |    71269 |   2014-08-01    00:00:00
    189 |    10744 |    60525 |        0 |    71269 |   2014-09-01    00:00:00
    190 |    10719 |    60550 |        0 |    71269 |   2014-10-01    00:00:00
    191 |    10685 |    60584 |        0 |    71269 |   2014-11-01    00:00:00
    192 |    10649 |    60620 |        0 |    71269 |   2014-12-01    00:00:00
    193 |    10620 |    60649 |        0 |    71269 |   2015-01-01    00:00:00
    194 |    10591 |    60678 |        0 |    71269 |   2015-02-01    00:00:00
    195 |    10561 |    60708 |        0 |    71269 |   2015-03-01    00:00:00
    196 |    10534 |    60735 |        0 |    71269 |   2015-04-01    00:00:00
    197 |    10509 |    60760 |        0 |    71269 |   2015-05-01    00:00:00
    198 |    10486 |    60783 |        0 |    71269 |   2015-06-01    00:00:00
    199 |    10472 |    60797 |        0 |    71269 |   2015-07-01    00:00:00
    200 |    10453 |    60816 |        0 |    71269 |   2015-08-01    00:00:00
    201 |    10435 |    60834 |        0 |    71269 |   2015-09-01    00:00:00
    202 |    10407 |    60862 |        0 |    71269 |   2015-10-01    00:00:00
    203 |    10380 |    60889 |        0 |    71269 |   2015-11-01    00:00:00
    204 |    10357 |    60912 |        0 |    71269 |   2015-12-01    00:00:00
    205 |    10335 |    60934 |        0 |    71269 |   2016-01-01    00:00:00
    206 |    10312 |    60957 |        0 |    71269 |   2016-02-01    00:00:00
    207 |    10291 |    60978 |        0 |    71269 |   2016-03-01    00:00:00
    208 |    10268 |    61001 |        0 |    71269 |   2016-04-01    00:00:00
    209 |    10250 |    61019 |        0 |    71269 |   2016-05-01    00:00:00
    210 |    10224 |    61045 |        0 |    71269 |   2016-06-01    00:00:00
    211 |    10194 |    61075 |        0 |    71269 |   2016-07-01    00:00:00
    212 |    10177 |    61092 |        0 |    71269 |   2016-08-01    00:00:00
    213 |    10154 |    61115 |        0 |    71269 |   2016-09-01    00:00:00
    214 |    10123 |    61146 |        0 |    71269 |   2016-10-01    00:00:00
    215 |    10099 |    61170 |        0 |    71269 |   2016-11-01    00:00:00
    216 |    10063 |    61206 |        0 |    71269 |   2016-12-01    00:00:00
    217 |    10035 |    61234 |        0 |    71269 |   2017-01-01    00:00:00
    218 |    10010 |    61259 |        0 |    71269 |   2017-02-01    00:00:00
    219 |     9987 |    61282 |        0 |    71269 |   2017-03-01    00:00:00
    220 |     9966 |    61303 |        0 |    71269 |   2017-04-01    00:00:00
    221 |     9938 |    61331 |        0 |    71269 |   2017-05-01    00:00:00
    222 |     9909 |    61360 |        0 |    71269 |   2017-06-01    00:00:00
    223 |     9886 |    61383 |        0 |    71269 |   2017-07-01    00:00:00
    224 |     9861 |    61408 |        0 |    71269 |   2017-08-01    00:00:00
    225 |     9835 |    61434 |        0 |    71269 |   2017-09-01    00:00:00
    226 |     9809 |    61460 |        0 |    71269 |   2017-10-01    00:00:00
    227 |     9790 |    61479 |        0 |    71269 |   2017-11-01    00:00:00
    228 |     9770 |    61499 |        0 |    71269 |   2017-12-01    00:00:00
    229 |     9749 |    61520 |        0 |    71269 |   2018-01-01    00:00:00
    230 |     9720 |    61549 |        0 |    71269 |   2018-02-01    00:00:00
    231 |     9696 |    61573 |        0 |    71269 |   2018-03-01    00:00:00
    232 |     9676 |    61593 |        0 |    71269 |   2018-04-01    00:00:00
    233 |     9652 |    61617 |        0 |    71269 |   2018-05-01    00:00:00
    234 |     9633 |    61636 |        0 |    71269 |   2018-06-01    00:00:00
    235 |     9605 |    61664 |        0 |    71269 |   2018-07-01    00:00:00
    236 |     9585 |    61684 |        0 |    71269 |   2018-08-01    00:00:00
    237 |     9566 |    61703 |        0 |    71269 |   2018-09-01    00:00:00
    238 |     9537 |    61732 |        0 |    71269 |   2018-10-01    00:00:00
    239 |     9512 |    61757 |        0 |    71269 |   2018-11-01    00:00:00
    240 |     9493 |    61776 |        0 |    71269 |   2018-12-01    00:00:00
    241 |     9468 |    61801 |        0 |    71269 |   2019-01-01    00:00:00
    242 |     9448 |    61821 |        0 |    71269 |   2019-02-01    00:00:00
    243 |     9429 |    61840 |        0 |    71269 |   2019-03-01    00:00:00
    244 |     9414 |    61855 |        0 |    71269 |   2019-04-01    00:00:00
    245 |     9396 |    61873 |        0 |    71269 |   2019-05-01    00:00:00
    246 |     9382 |    61887 |        0 |    71269 |   2019-06-01    00:00:00
    247 |     9369 |    61900 |        0 |    71269 |   2019-07-01    00:00:00
    248 |     9349 |    61920 |        0 |    71269 |   2019-08-01    00:00:00
    249 |     9330 |    61939 |        0 |    71269 |   2019-09-01    00:00:00
    250 |     9309 |    61960 |        0 |    71269 |   2019-10-01    00:00:00
    251 |     9288 |    61981 |        0 |    71269 |   2019-11-01    00:00:00
    252 |     9272 |    61997 |        0 |    71269 |   2019-12-01    00:00:00
    253 |     9260 |    62009 |        0 |    71269 |   2020-01-01    00:00:00
    254 |     9240 |    62029 |        0 |    71269 |   2020-02-01    00:00:00
    255 |     9217 |    62052 |        0 |    71269 |   2020-03-01    00:00:00
    256 |     9191 |    62078 |        0 |    71269 |   2020-04-01    00:00:00
    257 |     9173 |    62096 |        0 |    71269 |   2020-05-01    00:00:00
    258 |     9162 |    62107 |        0 |    71269 |   2020-06-01    00:00:00
    259 |     9149 |    62120 |        0 |    71269 |   2020-07-01    00:00:00
    260 |     9133 |    62136 |        0 |    71269 |   2020-08-01    00:00:00
    261 |     9118 |    62151 |        0 |    71269 |   2020-09-01    00:00:00
    262 |     9103 |    62166 |        0 |    71269 |   2020-10-01    00:00:00
    263 |     9088 |    62181 |        0 |    71269 |   2020-11-01    00:00:00
    264 |     9068 |    62201 |        0 |    71269 |   2020-12-01    00:00:00
    265 |     9049 |    62220 |        0 |    71269 |   2021-01-01    00:00:00
    266 |     9030 |    62239 |        0 |    71269 |   2021-02-01    00:00:00
    267 |     9014 |    62255 |        0 |    71269 |   2021-03-01    00:00:00
    268 |     8998 |    62271 |        0 |    71269 |   2021-04-01    00:00:00
    269 |     8982 |    62287 |        0 |    71269 |   2021-05-01    00:00:00
    270 |     8973 |    62296 |        0 |    71269 |   2021-06-01    00:00:00
    271 |     8951 |    62318 |        0 |    71269 |   2021-07-01    00:00:00
    272 |     8930 |    62339 |        0 |    71269 |   2021-08-01    00:00:00
    273 |     8920 |    62349 |        0 |    71269 |   2021-09-01    00:00:00
    274 |     8905 |    62364 |        0 |    71269 |   2021-10-01    00:00:00
    275 |     8884 |    62385 |        0 |    71269 |   2021-11-01    00:00:00
    276 |     8864 |    62405 |        0 |    71269 |   2021-12-01    00:00:00
    277 |     8849 |    62420 |        0 |    71269 |   2022-01-01    00:00:00
    278 |     8827 |    62442 |        0 |    71269 |   2022-02-01    00:00:00
    279 |     8812 |    62457 |        0 |    71269 |   2022-03-01    00:00:00
    280 |     8798 |    62471 |        0 |    71269 |   2022-04-01    00:00:00
    281 |     8785 |    62484 |        0 |    71269 |   2022-05-01    00:00:00
    282 |     8763 |    62506 |        0 |    71269 |   2022-06-01    00:00:00
    283 |     8744 |    62525 |        0 |    71269 |   2022-07-01    00:00:00
    284 |     8728 |    62541 |        0 |    71269 |   2022-08-01    00:00:00
    285 |     8714 |    62555 |        0 |    71269 |   2022-09-01    00:00:00
    286 |     8685 |    62584 |        0 |    71269 |   2022-10-01    00:00:00
    287 |     8662 |    62607 |        0 |    71269 |   2022-11-01    00:00:00
    288 |     8645 |    62624 |        0 |    71269 |   2022-12-01    00:00:00
    289 |     8622 |    62647 |        0 |    71269 |   2023-01-01    00:00:00
    290 |     8606 |    62663 |        0 |    71269 |   2023-02-01    00:00:00
    291 |     8597 |    62672 |        0 |    71269 |   2023-03-01    00:00:00
    292 |     8583 |    62686 |        0 |    71269 |   2023-04-01    00:00:00
    293 |     8578 |    62691 |        0 |    71269 |   2023-05-01    00:00:00
    294 |     8564 |    62705 |        0 |    71269 |   2023-06-01    00:00:00
    295 |     8551 |    62718 |        0 |    71269 |   2023-07-01    00:00:00
    296 |     8540 |    62729 |        0 |    71269 |   2023-08-01    00:00:00
    297 |     8526 |    62743 |        0 |    71269 |   2023-09-01    00:00:00
    298 |     8514 |    62755 |        0 |    71269 |   2023-10-01    00:00:00
    299 |     8503 |    62766 |        0 |    71269 |   2023-11-01    00:00:00
    300 |     8486 |    62783 |        0 |    71269 |   2023-12-01    00:00:00
 ===============================================================================
       71269  particles calculated
       62783  particles exited the space and time domain
           0  particles flagged with errors
        8486  particles in domain
 -------------------------------------------------------------------------------
 
 ===============================================================================
 End date  : 2026-03-18
 End time  : 13:18:14
 ===============================================================================
