 ===============================================================================
              TRACMASS Lagrangian off-line particle tracking 
 ===============================================================================
 
 Start date  : 2026-03-18
 Start time  : 12:32:04
 
 -------------------------------------------------------------------------------
 
 Model information:
 Project code  : project_1m_RAPID/eORCA0
 Case name     : eORCA025_01_1997_25_1m
 Namelist file : /tmp/tracmass_1997_01_3136484/project_1m_RAPID/eORCA025/eORCA025_files/1997/namelist_eORCA025_01_1997_25_1m.in
 
 -------------------------------------------------------------------------------
 
 Configuration options:
  - Forward in time (nff = 1)
  - A subdomain has been choosen
      i index:   737 - 1185 
      j index:   694 - 1127 
  - Three-dimensional trajectories (vertical fluxes computed)
  - Evaluate the value of these tracers along the trajectories:
     1- mld (m) 
     2- q (wm-2) 
     3- temp (degC) 
     4- sal (gkg-1) 
 
 -------------------------------------------------------------------------------
 
 imindom:         738 jmindom:         695 imt:         449 jmt:         434
 Output information:
 Directory for output files : /dssgfs01/scratch/emdh1n25/project_1m_RAPID/eORCA025/eORCA025_output/1997/
 Prefix for output files    : ORCA025_NPD_01_1997_25_1m
 
 -------------------------------------------------------------------------------
 
 Start date in model-time     : 1997-01-01 00:00
 End date in model-time       : 2021-12-01 00:00
 Length of run in timesteps   :    300
 Number of seeding timesteps  :      1
 Time integration scheme      : regular time step scheme
 Steps between two GCM fields :    100
 
 -------------------------------------------------------------------------------
 t-step        run        out        err        tot                 model date
 -------------------------------------------------------------------------------
      1 |    73410 |        0 |        0 |    73410 |   1997-01-01    00:00:00
      2 |    65943 |     7467 |        0 |    73410 |   1997-02-01    00:00:00
      3 |    56602 |    16808 |        0 |    73410 |   1997-03-01    00:00:00
      4 |    52059 |    21351 |        0 |    73410 |   1997-04-01    00:00:00
      5 |    48326 |    25084 |        0 |    73410 |   1997-05-01    00:00:00
      6 |    46019 |    27391 |        0 |    73410 |   1997-06-01    00:00:00
      7 |    44428 |    28982 |        0 |    73410 |   1997-07-01    00:00:00
      8 |    42485 |    30925 |        0 |    73410 |   1997-08-01    00:00:00
      9 |    40928 |    32482 |        0 |    73410 |   1997-09-01    00:00:00
     10 |    39804 |    33606 |        0 |    73410 |   1997-10-01    00:00:00
     11 |    38921 |    34489 |        0 |    73410 |   1997-11-01    00:00:00
     12 |    38197 |    35213 |        0 |    73410 |   1997-12-01    00:00:00
     13 |    37659 |    35751 |        0 |    73410 |   1998-01-01    00:00:00
     14 |    37293 |    36117 |        0 |    73410 |   1998-02-01    00:00:00
     15 |    36974 |    36436 |        0 |    73410 |   1998-03-01    00:00:00
     16 |    36539 |    36871 |        0 |    73410 |   1998-04-01    00:00:00
     17 |    35697 |    37713 |        0 |    73410 |   1998-05-01    00:00:00
     18 |    34905 |    38505 |        0 |    73410 |   1998-06-01    00:00:00
     19 |    34569 |    38841 |        0 |    73410 |   1998-07-01    00:00:00
     20 |    34248 |    39162 |        0 |    73410 |   1998-08-01    00:00:00
     21 |    34045 |    39365 |        0 |    73410 |   1998-09-01    00:00:00
     22 |    33708 |    39702 |        0 |    73410 |   1998-10-01    00:00:00
     23 |    33355 |    40055 |        0 |    73410 |   1998-11-01    00:00:00
     24 |    33015 |    40395 |        0 |    73410 |   1998-12-01    00:00:00
     25 |    32609 |    40801 |        0 |    73410 |   1999-01-01    00:00:00
     26 |    32020 |    41390 |        0 |    73410 |   1999-02-01    00:00:00
     27 |    31519 |    41891 |        0 |    73410 |   1999-03-01    00:00:00
     28 |    31001 |    42409 |        0 |    73410 |   1999-04-01    00:00:00
     29 |    30554 |    42856 |        0 |    73410 |   1999-05-01    00:00:00
     30 |    30106 |    43304 |        0 |    73410 |   1999-06-01    00:00:00
     31 |    29659 |    43751 |        0 |    73410 |   1999-07-01    00:00:00
     32 |    29306 |    44104 |        0 |    73410 |   1999-08-01    00:00:00
     33 |    28945 |    44465 |        0 |    73410 |   1999-09-01    00:00:00
     34 |    28622 |    44788 |        0 |    73410 |   1999-10-01    00:00:00
     35 |    28367 |    45043 |        0 |    73410 |   1999-11-01    00:00:00
     36 |    28162 |    45248 |        0 |    73410 |   1999-12-01    00:00:00
     37 |    27880 |    45530 |        0 |    73410 |   2000-01-01    00:00:00
     38 |    27632 |    45778 |        0 |    73410 |   2000-02-01    00:00:00
     39 |    27352 |    46058 |        0 |    73410 |   2000-03-01    00:00:00
     40 |    27056 |    46354 |        0 |    73410 |   2000-04-01    00:00:00
     41 |    26755 |    46655 |        0 |    73410 |   2000-05-01    00:00:00
     42 |    26472 |    46938 |        0 |    73410 |   2000-06-01    00:00:00
     43 |    26199 |    47211 |        0 |    73410 |   2000-07-01    00:00:00
     44 |    25925 |    47485 |        0 |    73410 |   2000-08-01    00:00:00
     45 |    25721 |    47689 |        0 |    73410 |   2000-09-01    00:00:00
     46 |    25505 |    47905 |        0 |    73410 |   2000-10-01    00:00:00
     47 |    25293 |    48117 |        0 |    73410 |   2000-11-01    00:00:00
     48 |    25125 |    48285 |        0 |    73410 |   2000-12-01    00:00:00
     49 |    24980 |    48430 |        0 |    73410 |   2001-01-01    00:00:00
     50 |    24848 |    48562 |        0 |    73410 |   2001-02-01    00:00:00
     51 |    24705 |    48705 |        0 |    73410 |   2001-03-01    00:00:00
     52 |    24541 |    48869 |        0 |    73410 |   2001-04-01    00:00:00
     53 |    24407 |    49003 |        0 |    73410 |   2001-05-01    00:00:00
     54 |    24203 |    49207 |        0 |    73410 |   2001-06-01    00:00:00
     55 |    23991 |    49419 |        0 |    73410 |   2001-07-01    00:00:00
     56 |    23782 |    49628 |        0 |    73410 |   2001-08-01    00:00:00
     57 |    23608 |    49802 |        0 |    73410 |   2001-09-01    00:00:00
     58 |    23476 |    49934 |        0 |    73410 |   2001-10-01    00:00:00
     59 |    23295 |    50115 |        0 |    73410 |   2001-11-01    00:00:00
     60 |    23056 |    50354 |        0 |    73410 |   2001-12-01    00:00:00
     61 |    22839 |    50571 |        0 |    73410 |   2002-01-01    00:00:00
     62 |    22624 |    50786 |        0 |    73410 |   2002-02-01    00:00:00
     63 |    22422 |    50988 |        0 |    73410 |   2002-03-01    00:00:00
     64 |    22215 |    51195 |        0 |    73410 |   2002-04-01    00:00:00
     65 |    22007 |    51403 |        0 |    73410 |   2002-05-01    00:00:00
     66 |    21758 |    51652 |        0 |    73410 |   2002-06-01    00:00:00
     67 |    21551 |    51859 |        0 |    73410 |   2002-07-01    00:00:00
     68 |    21377 |    52033 |        0 |    73410 |   2002-08-01    00:00:00
     69 |    21213 |    52197 |        0 |    73410 |   2002-09-01    00:00:00
     70 |    21095 |    52315 |        0 |    73410 |   2002-10-01    00:00:00
     71 |    20956 |    52454 |        0 |    73410 |   2002-11-01    00:00:00
     72 |    20797 |    52613 |        0 |    73410 |   2002-12-01    00:00:00
     73 |    20653 |    52757 |        0 |    73410 |   2003-01-01    00:00:00
     74 |    20517 |    52893 |        0 |    73410 |   2003-02-01    00:00:00
     75 |    20347 |    53063 |        0 |    73410 |   2003-03-01    00:00:00
     76 |    20210 |    53200 |        0 |    73410 |   2003-04-01    00:00:00
     77 |    20085 |    53325 |        0 |    73410 |   2003-05-01    00:00:00
     78 |    19947 |    53463 |        0 |    73410 |   2003-06-01    00:00:00
     79 |    19783 |    53627 |        0 |    73410 |   2003-07-01    00:00:00
     80 |    19645 |    53765 |        0 |    73410 |   2003-08-01    00:00:00
     81 |    19521 |    53889 |        0 |    73410 |   2003-09-01    00:00:00
     82 |    19398 |    54012 |        0 |    73410 |   2003-10-01    00:00:00
     83 |    19294 |    54116 |        0 |    73410 |   2003-11-01    00:00:00
     84 |    19188 |    54222 |        0 |    73410 |   2003-12-01    00:00:00
     85 |    19086 |    54324 |        0 |    73410 |   2004-01-01    00:00:00
     86 |    18978 |    54432 |        0 |    73410 |   2004-02-01    00:00:00
     87 |    18862 |    54548 |        0 |    73410 |   2004-03-01    00:00:00
     88 |    18745 |    54665 |        0 |    73410 |   2004-04-01    00:00:00
     89 |    18624 |    54786 |        0 |    73410 |   2004-05-01    00:00:00
     90 |    18495 |    54915 |        0 |    73410 |   2004-06-01    00:00:00
     91 |    18394 |    55016 |        0 |    73410 |   2004-07-01    00:00:00
     92 |    18272 |    55138 |        0 |    73410 |   2004-08-01    00:00:00
     93 |    18141 |    55269 |        0 |    73410 |   2004-09-01    00:00:00
     94 |    18018 |    55392 |        0 |    73410 |   2004-10-01    00:00:00
     95 |    17892 |    55518 |        0 |    73410 |   2004-11-01    00:00:00
     96 |    17775 |    55635 |        0 |    73410 |   2004-12-01    00:00:00
     97 |    17640 |    55770 |        0 |    73410 |   2005-01-01    00:00:00
     98 |    17516 |    55894 |        0 |    73410 |   2005-02-01    00:00:00
     99 |    17381 |    56029 |        0 |    73410 |   2005-03-01    00:00:00
    100 |    17246 |    56164 |        0 |    73410 |   2005-04-01    00:00:00
    101 |    17135 |    56275 |        0 |    73410 |   2005-05-01    00:00:00
    102 |    17020 |    56390 |        0 |    73410 |   2005-06-01    00:00:00
    103 |    16908 |    56502 |        0 |    73410 |   2005-07-01    00:00:00
    104 |    16807 |    56603 |        0 |    73410 |   2005-08-01    00:00:00
    105 |    16699 |    56711 |        0 |    73410 |   2005-09-01    00:00:00
    106 |    16587 |    56823 |        0 |    73410 |   2005-10-01    00:00:00
    107 |    16479 |    56931 |        0 |    73410 |   2005-11-01    00:00:00
    108 |    16380 |    57030 |        0 |    73410 |   2005-12-01    00:00:00
    109 |    16272 |    57138 |        0 |    73410 |   2006-01-01    00:00:00
    110 |    16141 |    57269 |        0 |    73410 |   2006-02-01    00:00:00
    111 |    16018 |    57392 |        0 |    73410 |   2006-03-01    00:00:00
    112 |    15932 |    57478 |        0 |    73410 |   2006-04-01    00:00:00
    113 |    15838 |    57572 |        0 |    73410 |   2006-05-01    00:00:00
    114 |    15743 |    57667 |        0 |    73410 |   2006-06-01    00:00:00
    115 |    15653 |    57757 |        0 |    73410 |   2006-07-01    00:00:00
    116 |    15585 |    57825 |        0 |    73410 |   2006-08-01    00:00:00
    117 |    15514 |    57896 |        0 |    73410 |   2006-09-01    00:00:00
    118 |    15424 |    57986 |        0 |    73410 |   2006-10-01    00:00:00
    119 |    15337 |    58073 |        0 |    73410 |   2006-11-01    00:00:00
    120 |    15245 |    58165 |        0 |    73410 |   2006-12-01    00:00:00
    121 |    15159 |    58251 |        0 |    73410 |   2007-01-01    00:00:00
    122 |    15046 |    58364 |        0 |    73410 |   2007-02-01    00:00:00
    123 |    14926 |    58484 |        0 |    73410 |   2007-03-01    00:00:00
    124 |    14849 |    58561 |        0 |    73410 |   2007-04-01    00:00:00
    125 |    14767 |    58643 |        0 |    73410 |   2007-05-01    00:00:00
    126 |    14692 |    58718 |        0 |    73410 |   2007-06-01    00:00:00
    127 |    14604 |    58806 |        0 |    73410 |   2007-07-01    00:00:00
    128 |    14515 |    58895 |        0 |    73410 |   2007-08-01    00:00:00
    129 |    14439 |    58971 |        0 |    73410 |   2007-09-01    00:00:00
    130 |    14352 |    59058 |        0 |    73410 |   2007-10-01    00:00:00
    131 |    14281 |    59129 |        0 |    73410 |   2007-11-01    00:00:00
    132 |    14207 |    59203 |        0 |    73410 |   2007-12-01    00:00:00
    133 |    14129 |    59281 |        0 |    73410 |   2008-01-01    00:00:00
    134 |    14062 |    59348 |        0 |    73410 |   2008-02-01    00:00:00
    135 |    13985 |    59425 |        0 |    73410 |   2008-03-01    00:00:00
    136 |    13918 |    59492 |        0 |    73410 |   2008-04-01    00:00:00
    137 |    13841 |    59569 |        0 |    73410 |   2008-05-01    00:00:00
    138 |    13767 |    59643 |        0 |    73410 |   2008-06-01    00:00:00
    139 |    13696 |    59714 |        0 |    73410 |   2008-07-01    00:00:00
    140 |    13623 |    59787 |        0 |    73410 |   2008-08-01    00:00:00
    141 |    13561 |    59849 |        0 |    73410 |   2008-09-01    00:00:00
    142 |    13491 |    59919 |        0 |    73410 |   2008-10-01    00:00:00
    143 |    13402 |    60008 |        0 |    73410 |   2008-11-01    00:00:00
    144 |    13321 |    60089 |        0 |    73410 |   2008-12-01    00:00:00
    145 |    13237 |    60173 |        0 |    73410 |   2009-01-01    00:00:00
    146 |    13160 |    60250 |        0 |    73410 |   2009-02-01    00:00:00
    147 |    13089 |    60321 |        0 |    73410 |   2009-03-01    00:00:00
    148 |    13018 |    60392 |        0 |    73410 |   2009-04-01    00:00:00
    149 |    12957 |    60453 |        0 |    73410 |   2009-05-01    00:00:00
    150 |    12911 |    60499 |        0 |    73410 |   2009-06-01    00:00:00
    151 |    12854 |    60556 |        0 |    73410 |   2009-07-01    00:00:00
    152 |    12797 |    60613 |        0 |    73410 |   2009-08-01    00:00:00
    153 |    12744 |    60666 |        0 |    73410 |   2009-09-01    00:00:00
    154 |    12679 |    60731 |        0 |    73410 |   2009-10-01    00:00:00
    155 |    12628 |    60782 |        0 |    73410 |   2009-11-01    00:00:00
    156 |    12550 |    60860 |        0 |    73410 |   2009-12-01    00:00:00
    157 |    12491 |    60919 |        0 |    73410 |   2010-01-01    00:00:00
    158 |    12433 |    60977 |        0 |    73410 |   2010-02-01    00:00:00
    159 |    12381 |    61029 |        0 |    73410 |   2010-03-01    00:00:00
    160 |    12330 |    61080 |        0 |    73410 |   2010-04-01    00:00:00
    161 |    12280 |    61130 |        0 |    73410 |   2010-05-01    00:00:00
    162 |    12219 |    61191 |        0 |    73410 |   2010-06-01    00:00:00
    163 |    12176 |    61234 |        0 |    73410 |   2010-07-01    00:00:00
    164 |    12139 |    61271 |        0 |    73410 |   2010-08-01    00:00:00
    165 |    12099 |    61311 |        0 |    73410 |   2010-09-01    00:00:00
    166 |    12058 |    61352 |        0 |    73410 |   2010-10-01    00:00:00
    167 |    12005 |    61405 |        0 |    73410 |   2010-11-01    00:00:00
    168 |    11951 |    61459 |        0 |    73410 |   2010-12-01    00:00:00
    169 |    11905 |    61505 |        0 |    73410 |   2011-01-01    00:00:00
    170 |    11841 |    61569 |        0 |    73410 |   2011-02-01    00:00:00
    171 |    11793 |    61617 |        0 |    73410 |   2011-03-01    00:00:00
    172 |    11747 |    61663 |        0 |    73410 |   2011-04-01    00:00:00
    173 |    11707 |    61703 |        0 |    73410 |   2011-05-01    00:00:00
    174 |    11658 |    61752 |        0 |    73410 |   2011-06-01    00:00:00
    175 |    11610 |    61800 |        0 |    73410 |   2011-07-01    00:00:00
    176 |    11573 |    61837 |        0 |    73410 |   2011-08-01    00:00:00
    177 |    11514 |    61896 |        0 |    73410 |   2011-09-01    00:00:00
    178 |    11482 |    61928 |        0 |    73410 |   2011-10-01    00:00:00
    179 |    11443 |    61967 |        0 |    73410 |   2011-11-01    00:00:00
    180 |    11412 |    61998 |        0 |    73410 |   2011-12-01    00:00:00
    181 |    11358 |    62052 |        0 |    73410 |   2012-01-01    00:00:00
    182 |    11309 |    62101 |        0 |    73410 |   2012-02-01    00:00:00
    183 |    11265 |    62145 |        0 |    73410 |   2012-03-01    00:00:00
    184 |    11229 |    62181 |        0 |    73410 |   2012-04-01    00:00:00
    185 |    11197 |    62213 |        0 |    73410 |   2012-05-01    00:00:00
    186 |    11154 |    62256 |        0 |    73410 |   2012-06-01    00:00:00
    187 |    11116 |    62294 |        0 |    73410 |   2012-07-01    00:00:00
    188 |    11080 |    62330 |        0 |    73410 |   2012-08-01    00:00:00
    189 |    11048 |    62362 |        0 |    73410 |   2012-09-01    00:00:00
    190 |    11020 |    62390 |        0 |    73410 |   2012-10-01    00:00:00
    191 |    10979 |    62431 |        0 |    73410 |   2012-11-01    00:00:00
    192 |    10939 |    62471 |        0 |    73410 |   2012-12-01    00:00:00
    193 |    10903 |    62507 |        0 |    73410 |   2013-01-01    00:00:00
    194 |    10862 |    62548 |        0 |    73410 |   2013-02-01    00:00:00
    195 |    10820 |    62590 |        0 |    73410 |   2013-03-01    00:00:00
    196 |    10784 |    62626 |        0 |    73410 |   2013-04-01    00:00:00
    197 |    10745 |    62665 |        0 |    73410 |   2013-05-01    00:00:00
    198 |    10714 |    62696 |        0 |    73410 |   2013-06-01    00:00:00
    199 |    10678 |    62732 |        0 |    73410 |   2013-07-01    00:00:00
    200 |    10643 |    62767 |        0 |    73410 |   2013-08-01    00:00:00
    201 |    10607 |    62803 |        0 |    73410 |   2013-09-01    00:00:00
    202 |    10571 |    62839 |        0 |    73410 |   2013-10-01    00:00:00
    203 |    10532 |    62878 |        0 |    73410 |   2013-11-01    00:00:00
    204 |    10496 |    62914 |        0 |    73410 |   2013-12-01    00:00:00
    205 |    10472 |    62938 |        0 |    73410 |   2014-01-01    00:00:00
    206 |    10443 |    62967 |        0 |    73410 |   2014-02-01    00:00:00
    207 |    10400 |    63010 |        0 |    73410 |   2014-03-01    00:00:00
    208 |    10374 |    63036 |        0 |    73410 |   2014-04-01    00:00:00
    209 |    10356 |    63054 |        0 |    73410 |   2014-05-01    00:00:00
    210 |    10330 |    63080 |        0 |    73410 |   2014-06-01    00:00:00
    211 |    10305 |    63105 |        0 |    73410 |   2014-07-01    00:00:00
    212 |    10274 |    63136 |        0 |    73410 |   2014-08-01    00:00:00
    213 |    10254 |    63156 |        0 |    73410 |   2014-09-01    00:00:00
    214 |    10226 |    63184 |        0 |    73410 |   2014-10-01    00:00:00
    215 |    10200 |    63210 |        0 |    73410 |   2014-11-01    00:00:00
    216 |    10171 |    63239 |        0 |    73410 |   2014-12-01    00:00:00
    217 |    10143 |    63267 |        0 |    73410 |   2015-01-01    00:00:00
    218 |    10111 |    63299 |        0 |    73410 |   2015-02-01    00:00:00
    219 |    10071 |    63339 |        0 |    73410 |   2015-03-01    00:00:00
    220 |    10044 |    63366 |        0 |    73410 |   2015-04-01    00:00:00
    221 |    10011 |    63399 |        0 |    73410 |   2015-05-01    00:00:00
    222 |     9985 |    63425 |        0 |    73410 |   2015-06-01    00:00:00
    223 |     9957 |    63453 |        0 |    73410 |   2015-07-01    00:00:00
    224 |     9937 |    63473 |        0 |    73410 |   2015-08-01    00:00:00
    225 |     9917 |    63493 |        0 |    73410 |   2015-09-01    00:00:00
    226 |     9896 |    63514 |        0 |    73410 |   2015-10-01    00:00:00
    227 |     9875 |    63535 |        0 |    73410 |   2015-11-01    00:00:00
    228 |     9842 |    63568 |        0 |    73410 |   2015-12-01    00:00:00
    229 |     9816 |    63594 |        0 |    73410 |   2016-01-01    00:00:00
    230 |     9796 |    63614 |        0 |    73410 |   2016-02-01    00:00:00
    231 |     9768 |    63642 |        0 |    73410 |   2016-03-01    00:00:00
    232 |     9739 |    63671 |        0 |    73410 |   2016-04-01    00:00:00
    233 |     9722 |    63688 |        0 |    73410 |   2016-05-01    00:00:00
    234 |     9697 |    63713 |        0 |    73410 |   2016-06-01    00:00:00
    235 |     9678 |    63732 |        0 |    73410 |   2016-07-01    00:00:00
    236 |     9649 |    63761 |        0 |    73410 |   2016-08-01    00:00:00
    237 |     9628 |    63782 |        0 |    73410 |   2016-09-01    00:00:00
    238 |     9610 |    63800 |        0 |    73410 |   2016-10-01    00:00:00
    239 |     9574 |    63836 |        0 |    73410 |   2016-11-01    00:00:00
    240 |     9543 |    63867 |        0 |    73410 |   2016-12-01    00:00:00
    241 |     9513 |    63897 |        0 |    73410 |   2017-01-01    00:00:00
    242 |     9486 |    63924 |        0 |    73410 |   2017-02-01    00:00:00
    243 |     9457 |    63953 |        0 |    73410 |   2017-03-01    00:00:00
    244 |     9433 |    63977 |        0 |    73410 |   2017-04-01    00:00:00
    245 |     9406 |    64004 |        0 |    73410 |   2017-05-01    00:00:00
    246 |     9387 |    64023 |        0 |    73410 |   2017-06-01    00:00:00
    247 |     9373 |    64037 |        0 |    73410 |   2017-07-01    00:00:00
    248 |     9351 |    64059 |        0 |    73410 |   2017-08-01    00:00:00
    249 |     9328 |    64082 |        0 |    73410 |   2017-09-01    00:00:00
    250 |     9292 |    64118 |        0 |    73410 |   2017-10-01    00:00:00
    251 |     9268 |    64142 |        0 |    73410 |   2017-11-01    00:00:00
    252 |     9242 |    64168 |        0 |    73410 |   2017-12-01    00:00:00
    253 |     9211 |    64199 |        0 |    73410 |   2018-01-01    00:00:00
    254 |     9181 |    64229 |        0 |    73410 |   2018-02-01    00:00:00
    255 |     9163 |    64247 |        0 |    73410 |   2018-03-01    00:00:00
    256 |     9140 |    64270 |        0 |    73410 |   2018-04-01    00:00:00
    257 |     9122 |    64288 |        0 |    73410 |   2018-05-01    00:00:00
    258 |     9089 |    64321 |        0 |    73410 |   2018-06-01    00:00:00
    259 |     9076 |    64334 |        0 |    73410 |   2018-07-01    00:00:00
    260 |     9058 |    64352 |        0 |    73410 |   2018-08-01    00:00:00
    261 |     9041 |    64369 |        0 |    73410 |   2018-09-01    00:00:00
    262 |     9021 |    64389 |        0 |    73410 |   2018-10-01    00:00:00
    263 |     9000 |    64410 |        0 |    73410 |   2018-11-01    00:00:00
    264 |     8980 |    64430 |        0 |    73410 |   2018-12-01    00:00:00
    265 |     8961 |    64449 |        0 |    73410 |   2019-01-01    00:00:00
    266 |     8932 |    64478 |        0 |    73410 |   2019-02-01    00:00:00
    267 |     8905 |    64505 |        0 |    73410 |   2019-03-01    00:00:00
    268 |     8884 |    64526 |        0 |    73410 |   2019-04-01    00:00:00
    269 |     8870 |    64540 |        0 |    73410 |   2019-05-01    00:00:00
    270 |     8858 |    64552 |        0 |    73410 |   2019-06-01    00:00:00
    271 |     8842 |    64568 |        0 |    73410 |   2019-07-01    00:00:00
    272 |     8830 |    64580 |        0 |    73410 |   2019-08-01    00:00:00
    273 |     8818 |    64592 |        0 |    73410 |   2019-09-01    00:00:00
    274 |     8798 |    64612 |        0 |    73410 |   2019-10-01    00:00:00
    275 |     8783 |    64627 |        0 |    73410 |   2019-11-01    00:00:00
    276 |     8765 |    64645 |        0 |    73410 |   2019-12-01    00:00:00
    277 |     8743 |    64667 |        0 |    73410 |   2020-01-01    00:00:00
    278 |     8722 |    64688 |        0 |    73410 |   2020-02-01    00:00:00
    279 |     8699 |    64711 |        0 |    73410 |   2020-03-01    00:00:00
    280 |     8674 |    64736 |        0 |    73410 |   2020-04-01    00:00:00
    281 |     8651 |    64759 |        0 |    73410 |   2020-05-01    00:00:00
    282 |     8634 |    64776 |        0 |    73410 |   2020-06-01    00:00:00
    283 |     8624 |    64786 |        0 |    73410 |   2020-07-01    00:00:00
    284 |     8607 |    64803 |        0 |    73410 |   2020-08-01    00:00:00
    285 |     8592 |    64818 |        0 |    73410 |   2020-09-01    00:00:00
    286 |     8579 |    64831 |        0 |    73410 |   2020-10-01    00:00:00
    287 |     8563 |    64847 |        0 |    73410 |   2020-11-01    00:00:00
    288 |     8545 |    64865 |        0 |    73410 |   2020-12-01    00:00:00
    289 |     8526 |    64884 |        0 |    73410 |   2021-01-01    00:00:00
    290 |     8511 |    64899 |        0 |    73410 |   2021-02-01    00:00:00
    291 |     8490 |    64920 |        0 |    73410 |   2021-03-01    00:00:00
    292 |     8477 |    64933 |        0 |    73410 |   2021-04-01    00:00:00
    293 |     8462 |    64948 |        0 |    73410 |   2021-05-01    00:00:00
    294 |     8450 |    64960 |        0 |    73410 |   2021-06-01    00:00:00
    295 |     8432 |    64978 |        0 |    73410 |   2021-07-01    00:00:00
    296 |     8419 |    64991 |        0 |    73410 |   2021-08-01    00:00:00
    297 |     8402 |    65008 |        0 |    73410 |   2021-09-01    00:00:00
    298 |     8388 |    65022 |        0 |    73410 |   2021-10-01    00:00:00
    299 |     8371 |    65039 |        0 |    73410 |   2021-11-01    00:00:00
    300 |     8347 |    65063 |        0 |    73410 |   2021-12-01    00:00:00
 ===============================================================================
       73410  particles calculated
       65063  particles exited the space and time domain
           0  particles flagged with errors
        8347  particles in domain
 -------------------------------------------------------------------------------
 
 ===============================================================================
 End date  : 2026-03-18
 End time  : 13:15:21
 ===============================================================================
