 ===============================================================================
              TRACMASS Lagrangian off-line particle tracking 
 ===============================================================================
 
 Start date  : 2026-03-18
 Start time  : 15:08:09
 
 -------------------------------------------------------------------------------
 
 Model information:
 Project code  : project_1m_RAPID/eORCA1
 Case name     : eORCA1_08_1998_25_1m
 Namelist file : /tmp/tracmass_1998_08_2971503/project_1m_RAPID/eORCA1/eORCA1_files/1998/namelist_eORCA1_08_1998_25_1m.in
 
 -------------------------------------------------------------------------------
 
 Configuration options:
  - Forward in time (nff = 1)
  - A subdomain has been choosen
      i index:   185 - 296  
      j index:   197 - 311  
  - Three-dimensional trajectories (vertical fluxes computed)
  - Evaluate the value of these tracers along the trajectories:
     1- mld (m) 
     2- q (wm-2) 
     3- temp (degC) 
     4- sal (gkg-1) 
 
 -------------------------------------------------------------------------------
 
 imindom:         186 jmindom:         198 imt:         112 jmt:         115
 Output information:
 Directory for output files : /dssgfs01/scratch/emdh1n25/project_1m_RAPID/eORCA1/eORCA1_output/1998/
 Prefix for output files    : ORCA1_NPD_08_1998_25_1m
 
 -------------------------------------------------------------------------------
 
 Start date in model-time     : 1998-08-01 00:00
 End date in model-time       : 2023-07-01 00:00
 Length of run in timesteps   :    300
 Number of seeding timesteps  :      1
 Time integration scheme      : regular time step scheme
 Steps between two GCM fields :    100
 
 -------------------------------------------------------------------------------
 t-step        run        out        err        tot                 model date
 -------------------------------------------------------------------------------
      1 |    27518 |        0 |        0 |    27518 |   1998-08-01    00:00:00
      2 |    26974 |      544 |        0 |    27518 |   1998-09-01    00:00:00
      3 |    26058 |     1460 |        0 |    27518 |   1998-10-01    00:00:00
      4 |    25618 |     1900 |        0 |    27518 |   1998-11-01    00:00:00
      5 |    25301 |     2217 |        0 |    27518 |   1998-12-01    00:00:00
      6 |    24833 |     2685 |        0 |    27518 |   1999-01-01    00:00:00
      7 |    24579 |     2939 |        0 |    27518 |   1999-02-01    00:00:00
      8 |    24289 |     3229 |        0 |    27518 |   1999-03-01    00:00:00
      9 |    24122 |     3396 |        0 |    27518 |   1999-04-01    00:00:00
     10 |    23985 |     3533 |        0 |    27518 |   1999-05-01    00:00:00
     11 |    23833 |     3685 |        0 |    27518 |   1999-06-01    00:00:00
     12 |    23709 |     3809 |        0 |    27518 |   1999-07-01    00:00:00
     13 |    23604 |     3914 |        0 |    27518 |   1999-08-01    00:00:00
     14 |    23500 |     4018 |        0 |    27518 |   1999-09-01    00:00:00
     15 |    23352 |     4166 |        0 |    27518 |   1999-10-01    00:00:00
     16 |    23182 |     4336 |        0 |    27518 |   1999-11-01    00:00:00
     17 |    23074 |     4444 |        0 |    27518 |   1999-12-01    00:00:00
     18 |    22995 |     4523 |        0 |    27518 |   2000-01-01    00:00:00
     19 |    22921 |     4597 |        0 |    27518 |   2000-02-01    00:00:00
     20 |    22858 |     4660 |        0 |    27518 |   2000-03-01    00:00:00
     21 |    22774 |     4744 |        0 |    27518 |   2000-04-01    00:00:00
     22 |    22669 |     4849 |        0 |    27518 |   2000-05-01    00:00:00
     23 |    22566 |     4952 |        0 |    27518 |   2000-06-01    00:00:00
     24 |    22442 |     5076 |        0 |    27518 |   2000-07-01    00:00:00
     25 |    22317 |     5201 |        0 |    27518 |   2000-08-01    00:00:00
     26 |    22161 |     5357 |        0 |    27518 |   2000-09-01    00:00:00
     27 |    22049 |     5469 |        0 |    27518 |   2000-10-01    00:00:00
     28 |    21961 |     5557 |        0 |    27518 |   2000-11-01    00:00:00
     29 |    21881 |     5637 |        0 |    27518 |   2000-12-01    00:00:00
     30 |    21796 |     5722 |        0 |    27518 |   2001-01-01    00:00:00
     31 |    21685 |     5833 |        0 |    27518 |   2001-02-01    00:00:00
     32 |    21503 |     6015 |        0 |    27518 |   2001-03-01    00:00:00
     33 |    21310 |     6208 |        0 |    27518 |   2001-04-01    00:00:00
     34 |    21109 |     6409 |        0 |    27518 |   2001-05-01    00:00:00
     35 |    20877 |     6641 |        0 |    27518 |   2001-06-01    00:00:00
     36 |    20716 |     6802 |        0 |    27518 |   2001-07-01    00:00:00
     37 |    20593 |     6925 |        0 |    27518 |   2001-08-01    00:00:00
     38 |    20482 |     7036 |        0 |    27518 |   2001-09-01    00:00:00
     39 |    20392 |     7126 |        0 |    27518 |   2001-10-01    00:00:00
     40 |    20278 |     7240 |        0 |    27518 |   2001-11-01    00:00:00
     41 |    20188 |     7330 |        0 |    27518 |   2001-12-01    00:00:00
     42 |    20098 |     7420 |        0 |    27518 |   2002-01-01    00:00:00
     43 |    20039 |     7479 |        0 |    27518 |   2002-02-01    00:00:00
     44 |    19943 |     7575 |        0 |    27518 |   2002-03-01    00:00:00
     45 |    19838 |     7680 |        0 |    27518 |   2002-04-01    00:00:00
     46 |    19738 |     7780 |        0 |    27518 |   2002-05-01    00:00:00
     47 |    19618 |     7900 |        0 |    27518 |   2002-06-01    00:00:00
     48 |    19520 |     7998 |        0 |    27518 |   2002-07-01    00:00:00
     49 |    19406 |     8112 |        0 |    27518 |   2002-08-01    00:00:00
     50 |    19340 |     8178 |        0 |    27518 |   2002-09-01    00:00:00
     51 |    19272 |     8246 |        0 |    27518 |   2002-10-01    00:00:00
     52 |    19233 |     8285 |        0 |    27518 |   2002-11-01    00:00:00
     53 |    19172 |     8346 |        0 |    27518 |   2002-12-01    00:00:00
     54 |    19105 |     8413 |        0 |    27518 |   2003-01-01    00:00:00
     55 |    19040 |     8478 |        0 |    27518 |   2003-02-01    00:00:00
     56 |    18955 |     8563 |        0 |    27518 |   2003-03-01    00:00:00
     57 |    18864 |     8654 |        0 |    27518 |   2003-04-01    00:00:00
     58 |    18796 |     8722 |        0 |    27518 |   2003-05-01    00:00:00
     59 |    18718 |     8800 |        0 |    27518 |   2003-06-01    00:00:00
     60 |    18590 |     8928 |        0 |    27518 |   2003-07-01    00:00:00
     61 |    18477 |     9041 |        0 |    27518 |   2003-08-01    00:00:00
     62 |    18363 |     9155 |        0 |    27518 |   2003-09-01    00:00:00
     63 |    18275 |     9243 |        0 |    27518 |   2003-10-01    00:00:00
     64 |    18179 |     9339 |        0 |    27518 |   2003-11-01    00:00:00
     65 |    18100 |     9418 |        0 |    27518 |   2003-12-01    00:00:00
     66 |    18027 |     9491 |        0 |    27518 |   2004-01-01    00:00:00
     67 |    17895 |     9623 |        0 |    27518 |   2004-02-01    00:00:00
     68 |    17759 |     9759 |        0 |    27518 |   2004-03-01    00:00:00
     69 |    17565 |     9953 |        0 |    27518 |   2004-04-01    00:00:00
     70 |    17380 |    10138 |        0 |    27518 |   2004-05-01    00:00:00
     71 |    17177 |    10341 |        0 |    27518 |   2004-06-01    00:00:00
     72 |    17040 |    10478 |        0 |    27518 |   2004-07-01    00:00:00
     73 |    16949 |    10569 |        0 |    27518 |   2004-08-01    00:00:00
     74 |    16859 |    10659 |        0 |    27518 |   2004-09-01    00:00:00
     75 |    16765 |    10753 |        0 |    27518 |   2004-10-01    00:00:00
     76 |    16687 |    10831 |        0 |    27518 |   2004-11-01    00:00:00
     77 |    16563 |    10955 |        0 |    27518 |   2004-12-01    00:00:00
     78 |    16450 |    11068 |        0 |    27518 |   2005-01-01    00:00:00
     79 |    16320 |    11198 |        0 |    27518 |   2005-02-01    00:00:00
     80 |    16207 |    11311 |        0 |    27518 |   2005-03-01    00:00:00
     81 |    16101 |    11417 |        0 |    27518 |   2005-04-01    00:00:00
     82 |    15988 |    11530 |        0 |    27518 |   2005-05-01    00:00:00
     83 |    15877 |    11641 |        0 |    27518 |   2005-06-01    00:00:00
     84 |    15779 |    11739 |        0 |    27518 |   2005-07-01    00:00:00
     85 |    15694 |    11824 |        0 |    27518 |   2005-08-01    00:00:00
     86 |    15621 |    11897 |        0 |    27518 |   2005-09-01    00:00:00
     87 |    15518 |    12000 |        0 |    27518 |   2005-10-01    00:00:00
     88 |    15414 |    12104 |        0 |    27518 |   2005-11-01    00:00:00
     89 |    15331 |    12187 |        0 |    27518 |   2005-12-01    00:00:00
     90 |    15219 |    12299 |        0 |    27518 |   2006-01-01    00:00:00
     91 |    15104 |    12414 |        0 |    27518 |   2006-02-01    00:00:00
     92 |    15029 |    12489 |        0 |    27518 |   2006-03-01    00:00:00
     93 |    14925 |    12593 |        0 |    27518 |   2006-04-01    00:00:00
     94 |    14822 |    12696 |        0 |    27518 |   2006-05-01    00:00:00
     95 |    14724 |    12794 |        0 |    27518 |   2006-06-01    00:00:00
     96 |    14630 |    12888 |        0 |    27518 |   2006-07-01    00:00:00
     97 |    14532 |    12986 |        0 |    27518 |   2006-08-01    00:00:00
     98 |    14450 |    13068 |        0 |    27518 |   2006-09-01    00:00:00
     99 |    14372 |    13146 |        0 |    27518 |   2006-10-01    00:00:00
    100 |    14303 |    13215 |        0 |    27518 |   2006-11-01    00:00:00
    101 |    14198 |    13320 |        0 |    27518 |   2006-12-01    00:00:00
    102 |    14105 |    13413 |        0 |    27518 |   2007-01-01    00:00:00
    103 |    13996 |    13522 |        0 |    27518 |   2007-02-01    00:00:00
    104 |    13879 |    13639 |        0 |    27518 |   2007-03-01    00:00:00
    105 |    13763 |    13755 |        0 |    27518 |   2007-04-01    00:00:00
    106 |    13687 |    13831 |        0 |    27518 |   2007-05-01    00:00:00
    107 |    13574 |    13944 |        0 |    27518 |   2007-06-01    00:00:00
    108 |    13459 |    14059 |        0 |    27518 |   2007-07-01    00:00:00
    109 |    13359 |    14159 |        0 |    27518 |   2007-08-01    00:00:00
    110 |    13267 |    14251 |        0 |    27518 |   2007-09-01    00:00:00
    111 |    13181 |    14337 |        0 |    27518 |   2007-10-01    00:00:00
    112 |    13095 |    14423 |        0 |    27518 |   2007-11-01    00:00:00
    113 |    12997 |    14521 |        0 |    27518 |   2007-12-01    00:00:00
    114 |    12874 |    14644 |        0 |    27518 |   2008-01-01    00:00:00
    115 |    12779 |    14739 |        0 |    27518 |   2008-02-01    00:00:00
    116 |    12683 |    14835 |        0 |    27518 |   2008-03-01    00:00:00
    117 |    12570 |    14948 |        0 |    27518 |   2008-04-01    00:00:00
    118 |    12496 |    15022 |        0 |    27518 |   2008-05-01    00:00:00
    119 |    12402 |    15116 |        0 |    27518 |   2008-06-01    00:00:00
    120 |    12332 |    15186 |        0 |    27518 |   2008-07-01    00:00:00
    121 |    12254 |    15264 |        0 |    27518 |   2008-08-01    00:00:00
    122 |    12164 |    15354 |        0 |    27518 |   2008-09-01    00:00:00
    123 |    12095 |    15423 |        0 |    27518 |   2008-10-01    00:00:00
    124 |    12032 |    15486 |        0 |    27518 |   2008-11-01    00:00:00
    125 |    11968 |    15550 |        0 |    27518 |   2008-12-01    00:00:00
    126 |    11902 |    15616 |        0 |    27518 |   2009-01-01    00:00:00
    127 |    11835 |    15683 |        0 |    27518 |   2009-02-01    00:00:00
    128 |    11753 |    15765 |        0 |    27518 |   2009-03-01    00:00:00
    129 |    11690 |    15828 |        0 |    27518 |   2009-04-01    00:00:00
    130 |    11629 |    15889 |        0 |    27518 |   2009-05-01    00:00:00
    131 |    11576 |    15942 |        0 |    27518 |   2009-06-01    00:00:00
    132 |    11524 |    15994 |        0 |    27518 |   2009-07-01    00:00:00
    133 |    11472 |    16046 |        0 |    27518 |   2009-08-01    00:00:00
    134 |    11433 |    16085 |        0 |    27518 |   2009-09-01    00:00:00
    135 |    11375 |    16143 |        0 |    27518 |   2009-10-01    00:00:00
    136 |    11332 |    16186 |        0 |    27518 |   2009-11-01    00:00:00
    137 |    11273 |    16245 |        0 |    27518 |   2009-12-01    00:00:00
    138 |    11211 |    16307 |        0 |    27518 |   2010-01-01    00:00:00
    139 |    11159 |    16359 |        0 |    27518 |   2010-02-01    00:00:00
    140 |    11094 |    16424 |        0 |    27518 |   2010-03-01    00:00:00
    141 |    11046 |    16472 |        0 |    27518 |   2010-04-01    00:00:00
    142 |    11012 |    16506 |        0 |    27518 |   2010-05-01    00:00:00
    143 |    10964 |    16554 |        0 |    27518 |   2010-06-01    00:00:00
    144 |    10933 |    16585 |        0 |    27518 |   2010-07-01    00:00:00
    145 |    10907 |    16611 |        0 |    27518 |   2010-08-01    00:00:00
    146 |    10881 |    16637 |        0 |    27518 |   2010-09-01    00:00:00
    147 |    10844 |    16674 |        0 |    27518 |   2010-10-01    00:00:00
    148 |    10802 |    16716 |        0 |    27518 |   2010-11-01    00:00:00
    149 |    10762 |    16756 |        0 |    27518 |   2010-12-01    00:00:00
    150 |    10724 |    16794 |        0 |    27518 |   2011-01-01    00:00:00
    151 |    10684 |    16834 |        0 |    27518 |   2011-02-01    00:00:00
    152 |    10638 |    16880 |        0 |    27518 |   2011-03-01    00:00:00
    153 |    10604 |    16914 |        0 |    27518 |   2011-04-01    00:00:00
    154 |    10560 |    16958 |        0 |    27518 |   2011-05-01    00:00:00
    155 |    10530 |    16988 |        0 |    27518 |   2011-06-01    00:00:00
    156 |    10502 |    17016 |        0 |    27518 |   2011-07-01    00:00:00
    157 |    10468 |    17050 |        0 |    27518 |   2011-08-01    00:00:00
    158 |    10442 |    17076 |        0 |    27518 |   2011-09-01    00:00:00
    159 |    10410 |    17108 |        0 |    27518 |   2011-10-01    00:00:00
    160 |    10382 |    17136 |        0 |    27518 |   2011-11-01    00:00:00
    161 |    10354 |    17164 |        0 |    27518 |   2011-12-01    00:00:00
    162 |    10329 |    17189 |        0 |    27518 |   2012-01-01    00:00:00
    163 |    10305 |    17213 |        0 |    27518 |   2012-02-01    00:00:00
    164 |    10284 |    17234 |        0 |    27518 |   2012-03-01    00:00:00
    165 |    10269 |    17249 |        0 |    27518 |   2012-04-01    00:00:00
    166 |    10236 |    17282 |        0 |    27518 |   2012-05-01    00:00:00
    167 |    10202 |    17316 |        0 |    27518 |   2012-06-01    00:00:00
    168 |    10181 |    17337 |        0 |    27518 |   2012-07-01    00:00:00
    169 |    10155 |    17363 |        0 |    27518 |   2012-08-01    00:00:00
    170 |    10135 |    17383 |        0 |    27518 |   2012-09-01    00:00:00
    171 |    10115 |    17403 |        0 |    27518 |   2012-10-01    00:00:00
    172 |    10086 |    17432 |        0 |    27518 |   2012-11-01    00:00:00
    173 |    10061 |    17457 |        0 |    27518 |   2012-12-01    00:00:00
    174 |    10030 |    17488 |        0 |    27518 |   2013-01-01    00:00:00
    175 |    10004 |    17514 |        0 |    27518 |   2013-02-01    00:00:00
    176 |     9973 |    17545 |        0 |    27518 |   2013-03-01    00:00:00
    177 |     9947 |    17571 |        0 |    27518 |   2013-04-01    00:00:00
    178 |     9922 |    17596 |        0 |    27518 |   2013-05-01    00:00:00
    179 |     9907 |    17611 |        0 |    27518 |   2013-06-01    00:00:00
    180 |     9890 |    17628 |        0 |    27518 |   2013-07-01    00:00:00
    181 |     9877 |    17641 |        0 |    27518 |   2013-08-01    00:00:00
    182 |     9860 |    17658 |        0 |    27518 |   2013-09-01    00:00:00
    183 |     9836 |    17682 |        0 |    27518 |   2013-10-01    00:00:00
    184 |     9812 |    17706 |        0 |    27518 |   2013-11-01    00:00:00
    185 |     9790 |    17728 |        0 |    27518 |   2013-12-01    00:00:00
    186 |     9775 |    17743 |        0 |    27518 |   2014-01-01    00:00:00
    187 |     9754 |    17764 |        0 |    27518 |   2014-02-01    00:00:00
    188 |     9735 |    17783 |        0 |    27518 |   2014-03-01    00:00:00
    189 |     9713 |    17805 |        0 |    27518 |   2014-04-01    00:00:00
    190 |     9696 |    17822 |        0 |    27518 |   2014-05-01    00:00:00
    191 |     9677 |    17841 |        0 |    27518 |   2014-06-01    00:00:00
    192 |     9660 |    17858 |        0 |    27518 |   2014-07-01    00:00:00
    193 |     9649 |    17869 |        0 |    27518 |   2014-08-01    00:00:00
    194 |     9632 |    17886 |        0 |    27518 |   2014-09-01    00:00:00
    195 |     9618 |    17900 |        0 |    27518 |   2014-10-01    00:00:00
    196 |     9598 |    17920 |        0 |    27518 |   2014-11-01    00:00:00
    197 |     9585 |    17933 |        0 |    27518 |   2014-12-01    00:00:00
    198 |     9566 |    17952 |        0 |    27518 |   2015-01-01    00:00:00
    199 |     9553 |    17965 |        0 |    27518 |   2015-02-01    00:00:00
    200 |     9538 |    17980 |        0 |    27518 |   2015-03-01    00:00:00
    201 |     9519 |    17999 |        0 |    27518 |   2015-04-01    00:00:00
    202 |     9507 |    18011 |        0 |    27518 |   2015-05-01    00:00:00
    203 |     9493 |    18025 |        0 |    27518 |   2015-06-01    00:00:00
    204 |     9481 |    18037 |        0 |    27518 |   2015-07-01    00:00:00
    205 |     9469 |    18049 |        0 |    27518 |   2015-08-01    00:00:00
    206 |     9454 |    18064 |        0 |    27518 |   2015-09-01    00:00:00
    207 |     9444 |    18074 |        0 |    27518 |   2015-10-01    00:00:00
    208 |     9429 |    18089 |        0 |    27518 |   2015-11-01    00:00:00
    209 |     9412 |    18106 |        0 |    27518 |   2015-12-01    00:00:00
    210 |     9386 |    18132 |        0 |    27518 |   2016-01-01    00:00:00
    211 |     9369 |    18149 |        0 |    27518 |   2016-02-01    00:00:00
    212 |     9354 |    18164 |        0 |    27518 |   2016-03-01    00:00:00
    213 |     9340 |    18178 |        0 |    27518 |   2016-04-01    00:00:00
    214 |     9324 |    18194 |        0 |    27518 |   2016-05-01    00:00:00
    215 |     9314 |    18204 |        0 |    27518 |   2016-06-01    00:00:00
    216 |     9303 |    18215 |        0 |    27518 |   2016-07-01    00:00:00
    217 |     9290 |    18228 |        0 |    27518 |   2016-08-01    00:00:00
    218 |     9276 |    18242 |        0 |    27518 |   2016-09-01    00:00:00
    219 |     9261 |    18257 |        0 |    27518 |   2016-10-01    00:00:00
    220 |     9246 |    18272 |        0 |    27518 |   2016-11-01    00:00:00
    221 |     9235 |    18283 |        0 |    27518 |   2016-12-01    00:00:00
    222 |     9225 |    18293 |        0 |    27518 |   2017-01-01    00:00:00
    223 |     9212 |    18306 |        0 |    27518 |   2017-02-01    00:00:00
    224 |     9200 |    18318 |        0 |    27518 |   2017-03-01    00:00:00
    225 |     9192 |    18326 |        0 |    27518 |   2017-04-01    00:00:00
    226 |     9183 |    18335 |        0 |    27518 |   2017-05-01    00:00:00
    227 |     9170 |    18348 |        0 |    27518 |   2017-06-01    00:00:00
    228 |     9161 |    18357 |        0 |    27518 |   2017-07-01    00:00:00
    229 |     9154 |    18364 |        0 |    27518 |   2017-08-01    00:00:00
    230 |     9146 |    18372 |        0 |    27518 |   2017-09-01    00:00:00
    231 |     9132 |    18386 |        0 |    27518 |   2017-10-01    00:00:00
    232 |     9121 |    18397 |        0 |    27518 |   2017-11-01    00:00:00
    233 |     9113 |    18405 |        0 |    27518 |   2017-12-01    00:00:00
    234 |     9106 |    18412 |        0 |    27518 |   2018-01-01    00:00:00
    235 |     9096 |    18422 |        0 |    27518 |   2018-02-01    00:00:00
    236 |     9087 |    18431 |        0 |    27518 |   2018-03-01    00:00:00
    237 |     9079 |    18439 |        0 |    27518 |   2018-04-01    00:00:00
    238 |     9074 |    18444 |        0 |    27518 |   2018-05-01    00:00:00
    239 |     9064 |    18454 |        0 |    27518 |   2018-06-01    00:00:00
    240 |     9048 |    18470 |        0 |    27518 |   2018-07-01    00:00:00
    241 |     9038 |    18480 |        0 |    27518 |   2018-08-01    00:00:00
    242 |     9029 |    18489 |        0 |    27518 |   2018-09-01    00:00:00
    243 |     9016 |    18502 |        0 |    27518 |   2018-10-01    00:00:00
    244 |     9006 |    18512 |        0 |    27518 |   2018-11-01    00:00:00
    245 |     8995 |    18523 |        0 |    27518 |   2018-12-01    00:00:00
    246 |     8979 |    18539 |        0 |    27518 |   2019-01-01    00:00:00
    247 |     8968 |    18550 |        0 |    27518 |   2019-02-01    00:00:00
    248 |     8958 |    18560 |        0 |    27518 |   2019-03-01    00:00:00
    249 |     8941 |    18577 |        0 |    27518 |   2019-04-01    00:00:00
    250 |     8935 |    18583 |        0 |    27518 |   2019-05-01    00:00:00
    251 |     8925 |    18593 |        0 |    27518 |   2019-06-01    00:00:00
    252 |     8914 |    18604 |        0 |    27518 |   2019-07-01    00:00:00
    253 |     8904 |    18614 |        0 |    27518 |   2019-08-01    00:00:00
    254 |     8902 |    18616 |        0 |    27518 |   2019-09-01    00:00:00
    255 |     8891 |    18627 |        0 |    27518 |   2019-10-01    00:00:00
    256 |     8888 |    18630 |        0 |    27518 |   2019-11-01    00:00:00
    257 |     8878 |    18640 |        0 |    27518 |   2019-12-01    00:00:00
    258 |     8868 |    18650 |        0 |    27518 |   2020-01-01    00:00:00
    259 |     8862 |    18656 |        0 |    27518 |   2020-02-01    00:00:00
    260 |     8853 |    18665 |        0 |    27518 |   2020-03-01    00:00:00
    261 |     8842 |    18676 |        0 |    27518 |   2020-04-01    00:00:00
    262 |     8837 |    18681 |        0 |    27518 |   2020-05-01    00:00:00
    263 |     8828 |    18690 |        0 |    27518 |   2020-06-01    00:00:00
    264 |     8821 |    18697 |        0 |    27518 |   2020-07-01    00:00:00
    265 |     8814 |    18704 |        0 |    27518 |   2020-08-01    00:00:00
    266 |     8803 |    18715 |        0 |    27518 |   2020-09-01    00:00:00
    267 |     8796 |    18722 |        0 |    27518 |   2020-10-01    00:00:00
    268 |     8788 |    18730 |        0 |    27518 |   2020-11-01    00:00:00
    269 |     8780 |    18738 |        0 |    27518 |   2020-12-01    00:00:00
    270 |     8771 |    18747 |        0 |    27518 |   2021-01-01    00:00:00
    271 |     8759 |    18759 |        0 |    27518 |   2021-02-01    00:00:00
    272 |     8746 |    18772 |        0 |    27518 |   2021-03-01    00:00:00
    273 |     8734 |    18784 |        0 |    27518 |   2021-04-01    00:00:00
    274 |     8727 |    18791 |        0 |    27518 |   2021-05-01    00:00:00
    275 |     8720 |    18798 |        0 |    27518 |   2021-06-01    00:00:00
    276 |     8716 |    18802 |        0 |    27518 |   2021-07-01    00:00:00
    277 |     8711 |    18807 |        0 |    27518 |   2021-08-01    00:00:00
    278 |     8701 |    18817 |        0 |    27518 |   2021-09-01    00:00:00
    279 |     8695 |    18823 |        0 |    27518 |   2021-10-01    00:00:00
    280 |     8688 |    18830 |        0 |    27518 |   2021-11-01    00:00:00
    281 |     8681 |    18837 |        0 |    27518 |   2021-12-01    00:00:00
    282 |     8673 |    18845 |        0 |    27518 |   2022-01-01    00:00:00
    283 |     8665 |    18853 |        0 |    27518 |   2022-02-01    00:00:00
    284 |     8659 |    18859 |        0 |    27518 |   2022-03-01    00:00:00
    285 |     8655 |    18863 |        0 |    27518 |   2022-04-01    00:00:00
    286 |     8649 |    18869 |        0 |    27518 |   2022-05-01    00:00:00
    287 |     8643 |    18875 |        0 |    27518 |   2022-06-01    00:00:00
    288 |     8637 |    18881 |        0 |    27518 |   2022-07-01    00:00:00
    289 |     8627 |    18891 |        0 |    27518 |   2022-08-01    00:00:00
    290 |     8616 |    18902 |        0 |    27518 |   2022-09-01    00:00:00
    291 |     8604 |    18914 |        0 |    27518 |   2022-10-01    00:00:00
    292 |     8595 |    18923 |        0 |    27518 |   2022-11-01    00:00:00
    293 |     8592 |    18926 |        0 |    27518 |   2022-12-01    00:00:00
    294 |     8588 |    18930 |        0 |    27518 |   2023-01-01    00:00:00
    295 |     8581 |    18937 |        0 |    27518 |   2023-02-01    00:00:00
    296 |     8574 |    18944 |        0 |    27518 |   2023-03-01    00:00:00
    297 |     8565 |    18953 |        0 |    27518 |   2023-04-01    00:00:00
    298 |     8556 |    18962 |        0 |    27518 |   2023-05-01    00:00:00
    299 |     8550 |    18968 |        0 |    27518 |   2023-06-01    00:00:00
    300 |     8545 |    18973 |        0 |    27518 |   2023-07-01    00:00:00
 ===============================================================================
       27518  particles calculated
       18973  particles exited the space and time domain
           0  particles flagged with errors
        8545  particles in domain
 -------------------------------------------------------------------------------
 
 ===============================================================================
 End date  : 2026-03-18
 End time  : 15:24:42
 ===============================================================================
