 ===============================================================================
              TRACMASS Lagrangian off-line particle tracking 
 ===============================================================================
 
 Start date  : 2026-03-18
 Start time  : 14:51:14
 
 -------------------------------------------------------------------------------
 
 Model information:
 Project code  : project_1m_RAPID/eORCA1
 Case name     : eORCA1_04_1996_25_1m
 Namelist file : /tmp/tracmass_1996_04_2970314/project_1m_RAPID/eORCA1/eORCA1_files/1996/namelist_eORCA1_04_1996_25_1m.in
 
 -------------------------------------------------------------------------------
 
 Configuration options:
  - Forward in time (nff = 1)
  - A subdomain has been choosen
      i index:   185 - 296  
      j index:   197 - 311  
  - Three-dimensional trajectories (vertical fluxes computed)
  - Evaluate the value of these tracers along the trajectories:
     1- mld (m) 
     2- q (wm-2) 
     3- temp (degC) 
     4- sal (gkg-1) 
 
 -------------------------------------------------------------------------------
 
 imindom:         186 jmindom:         198 imt:         112 jmt:         115
 Output information:
 Directory for output files : /dssgfs01/scratch/emdh1n25/project_1m_RAPID/eORCA1/eORCA1_output/1996/
 Prefix for output files    : ORCA1_NPD_04_1996_25_1m
 
 -------------------------------------------------------------------------------
 
 Start date in model-time     : 1996-04-01 00:00
 End date in model-time       : 2021-03-01 00:00
 Length of run in timesteps   :    300
 Number of seeding timesteps  :      1
 Time integration scheme      : regular time step scheme
 Steps between two GCM fields :    100
 
 -------------------------------------------------------------------------------
 t-step        run        out        err        tot                 model date
 -------------------------------------------------------------------------------
      1 |    24116 |        0 |        0 |    24116 |   1996-04-01    00:00:00
      2 |    23536 |      580 |        0 |    24116 |   1996-05-01    00:00:00
      3 |    23236 |      880 |        0 |    24116 |   1996-06-01    00:00:00
      4 |    23010 |     1106 |        0 |    24116 |   1996-07-01    00:00:00
      5 |    22738 |     1378 |        0 |    24116 |   1996-08-01    00:00:00
      6 |    22556 |     1560 |        0 |    24116 |   1996-09-01    00:00:00
      7 |    22464 |     1652 |        0 |    24116 |   1996-10-01    00:00:00
      8 |    22336 |     1780 |        0 |    24116 |   1996-11-01    00:00:00
      9 |    22212 |     1904 |        0 |    24116 |   1996-12-01    00:00:00
     10 |    22144 |     1972 |        0 |    24116 |   1997-01-01    00:00:00
     11 |    22081 |     2035 |        0 |    24116 |   1997-02-01    00:00:00
     12 |    22034 |     2082 |        0 |    24116 |   1997-03-01    00:00:00
     13 |    21944 |     2172 |        0 |    24116 |   1997-04-01    00:00:00
     14 |    21849 |     2267 |        0 |    24116 |   1997-05-01    00:00:00
     15 |    21743 |     2373 |        0 |    24116 |   1997-06-01    00:00:00
     16 |    21639 |     2477 |        0 |    24116 |   1997-07-01    00:00:00
     17 |    21550 |     2566 |        0 |    24116 |   1997-08-01    00:00:00
     18 |    21493 |     2623 |        0 |    24116 |   1997-09-01    00:00:00
     19 |    21435 |     2681 |        0 |    24116 |   1997-10-01    00:00:00
     20 |    21396 |     2720 |        0 |    24116 |   1997-11-01    00:00:00
     21 |    21341 |     2775 |        0 |    24116 |   1997-12-01    00:00:00
     22 |    21288 |     2828 |        0 |    24116 |   1998-01-01    00:00:00
     23 |    21230 |     2886 |        0 |    24116 |   1998-02-01    00:00:00
     24 |    21148 |     2968 |        0 |    24116 |   1998-03-01    00:00:00
     25 |    21073 |     3043 |        0 |    24116 |   1998-04-01    00:00:00
     26 |    21002 |     3114 |        0 |    24116 |   1998-05-01    00:00:00
     27 |    20935 |     3181 |        0 |    24116 |   1998-06-01    00:00:00
     28 |    20870 |     3246 |        0 |    24116 |   1998-07-01    00:00:00
     29 |    20751 |     3365 |        0 |    24116 |   1998-08-01    00:00:00
     30 |    20593 |     3523 |        0 |    24116 |   1998-09-01    00:00:00
     31 |    20443 |     3673 |        0 |    24116 |   1998-10-01    00:00:00
     32 |    20279 |     3837 |        0 |    24116 |   1998-11-01    00:00:00
     33 |    20149 |     3967 |        0 |    24116 |   1998-12-01    00:00:00
     34 |    20003 |     4113 |        0 |    24116 |   1999-01-01    00:00:00
     35 |    19819 |     4297 |        0 |    24116 |   1999-02-01    00:00:00
     36 |    19622 |     4494 |        0 |    24116 |   1999-03-01    00:00:00
     37 |    19404 |     4712 |        0 |    24116 |   1999-04-01    00:00:00
     38 |    19104 |     5012 |        0 |    24116 |   1999-05-01    00:00:00
     39 |    18873 |     5243 |        0 |    24116 |   1999-06-01    00:00:00
     40 |    18695 |     5421 |        0 |    24116 |   1999-07-01    00:00:00
     41 |    18575 |     5541 |        0 |    24116 |   1999-08-01    00:00:00
     42 |    18471 |     5645 |        0 |    24116 |   1999-09-01    00:00:00
     43 |    18387 |     5729 |        0 |    24116 |   1999-10-01    00:00:00
     44 |    18289 |     5827 |        0 |    24116 |   1999-11-01    00:00:00
     45 |    18191 |     5925 |        0 |    24116 |   1999-12-01    00:00:00
     46 |    18113 |     6003 |        0 |    24116 |   2000-01-01    00:00:00
     47 |    18011 |     6105 |        0 |    24116 |   2000-02-01    00:00:00
     48 |    17900 |     6216 |        0 |    24116 |   2000-03-01    00:00:00
     49 |    17799 |     6317 |        0 |    24116 |   2000-04-01    00:00:00
     50 |    17705 |     6411 |        0 |    24116 |   2000-05-01    00:00:00
     51 |    17636 |     6480 |        0 |    24116 |   2000-06-01    00:00:00
     52 |    17570 |     6546 |        0 |    24116 |   2000-07-01    00:00:00
     53 |    17504 |     6612 |        0 |    24116 |   2000-08-01    00:00:00
     54 |    17437 |     6679 |        0 |    24116 |   2000-09-01    00:00:00
     55 |    17376 |     6740 |        0 |    24116 |   2000-10-01    00:00:00
     56 |    17318 |     6798 |        0 |    24116 |   2000-11-01    00:00:00
     57 |    17246 |     6870 |        0 |    24116 |   2000-12-01    00:00:00
     58 |    17178 |     6938 |        0 |    24116 |   2001-01-01    00:00:00
     59 |    17108 |     7008 |        0 |    24116 |   2001-02-01    00:00:00
     60 |    17023 |     7093 |        0 |    24116 |   2001-03-01    00:00:00
     61 |    16956 |     7160 |        0 |    24116 |   2001-04-01    00:00:00
     62 |    16874 |     7242 |        0 |    24116 |   2001-05-01    00:00:00
     63 |    16796 |     7320 |        0 |    24116 |   2001-06-01    00:00:00
     64 |    16722 |     7394 |        0 |    24116 |   2001-07-01    00:00:00
     65 |    16647 |     7469 |        0 |    24116 |   2001-08-01    00:00:00
     66 |    16570 |     7546 |        0 |    24116 |   2001-09-01    00:00:00
     67 |    16499 |     7617 |        0 |    24116 |   2001-10-01    00:00:00
     68 |    16430 |     7686 |        0 |    24116 |   2001-11-01    00:00:00
     69 |    16358 |     7758 |        0 |    24116 |   2001-12-01    00:00:00
     70 |    16283 |     7833 |        0 |    24116 |   2002-01-01    00:00:00
     71 |    16209 |     7907 |        0 |    24116 |   2002-02-01    00:00:00
     72 |    16129 |     7987 |        0 |    24116 |   2002-03-01    00:00:00
     73 |    16046 |     8070 |        0 |    24116 |   2002-04-01    00:00:00
     74 |    15970 |     8146 |        0 |    24116 |   2002-05-01    00:00:00
     75 |    15888 |     8228 |        0 |    24116 |   2002-06-01    00:00:00
     76 |    15793 |     8323 |        0 |    24116 |   2002-07-01    00:00:00
     77 |    15693 |     8423 |        0 |    24116 |   2002-08-01    00:00:00
     78 |    15550 |     8566 |        0 |    24116 |   2002-09-01    00:00:00
     79 |    15440 |     8676 |        0 |    24116 |   2002-10-01    00:00:00
     80 |    15327 |     8789 |        0 |    24116 |   2002-11-01    00:00:00
     81 |    15226 |     8890 |        0 |    24116 |   2002-12-01    00:00:00
     82 |    15130 |     8986 |        0 |    24116 |   2003-01-01    00:00:00
     83 |    14993 |     9123 |        0 |    24116 |   2003-02-01    00:00:00
     84 |    14797 |     9319 |        0 |    24116 |   2003-03-01    00:00:00
     85 |    14631 |     9485 |        0 |    24116 |   2003-04-01    00:00:00
     86 |    14471 |     9645 |        0 |    24116 |   2003-05-01    00:00:00
     87 |    14348 |     9768 |        0 |    24116 |   2003-06-01    00:00:00
     88 |    14248 |     9868 |        0 |    24116 |   2003-07-01    00:00:00
     89 |    14127 |     9989 |        0 |    24116 |   2003-08-01    00:00:00
     90 |    14046 |    10070 |        0 |    24116 |   2003-09-01    00:00:00
     91 |    13958 |    10158 |        0 |    24116 |   2003-10-01    00:00:00
     92 |    13889 |    10227 |        0 |    24116 |   2003-11-01    00:00:00
     93 |    13818 |    10298 |        0 |    24116 |   2003-12-01    00:00:00
     94 |    13761 |    10355 |        0 |    24116 |   2004-01-01    00:00:00
     95 |    13688 |    10428 |        0 |    24116 |   2004-02-01    00:00:00
     96 |    13606 |    10510 |        0 |    24116 |   2004-03-01    00:00:00
     97 |    13525 |    10591 |        0 |    24116 |   2004-04-01    00:00:00
     98 |    13461 |    10655 |        0 |    24116 |   2004-05-01    00:00:00
     99 |    13377 |    10739 |        0 |    24116 |   2004-06-01    00:00:00
    100 |    13287 |    10829 |        0 |    24116 |   2004-07-01    00:00:00
    101 |    13209 |    10907 |        0 |    24116 |   2004-08-01    00:00:00
    102 |    13142 |    10974 |        0 |    24116 |   2004-09-01    00:00:00
    103 |    13079 |    11037 |        0 |    24116 |   2004-10-01    00:00:00
    104 |    13007 |    11109 |        0 |    24116 |   2004-11-01    00:00:00
    105 |    12936 |    11180 |        0 |    24116 |   2004-12-01    00:00:00
    106 |    12881 |    11235 |        0 |    24116 |   2005-01-01    00:00:00
    107 |    12829 |    11287 |        0 |    24116 |   2005-02-01    00:00:00
    108 |    12754 |    11362 |        0 |    24116 |   2005-03-01    00:00:00
    109 |    12674 |    11442 |        0 |    24116 |   2005-04-01    00:00:00
    110 |    12581 |    11535 |        0 |    24116 |   2005-05-01    00:00:00
    111 |    12474 |    11642 |        0 |    24116 |   2005-06-01    00:00:00
    112 |    12406 |    11710 |        0 |    24116 |   2005-07-01    00:00:00
    113 |    12335 |    11781 |        0 |    24116 |   2005-08-01    00:00:00
    114 |    12270 |    11846 |        0 |    24116 |   2005-09-01    00:00:00
    115 |    12196 |    11920 |        0 |    24116 |   2005-10-01    00:00:00
    116 |    12131 |    11985 |        0 |    24116 |   2005-11-01    00:00:00
    117 |    12063 |    12053 |        0 |    24116 |   2005-12-01    00:00:00
    118 |    11981 |    12135 |        0 |    24116 |   2006-01-01    00:00:00
    119 |    11877 |    12239 |        0 |    24116 |   2006-02-01    00:00:00
    120 |    11784 |    12332 |        0 |    24116 |   2006-03-01    00:00:00
    121 |    11663 |    12453 |        0 |    24116 |   2006-04-01    00:00:00
    122 |    11555 |    12561 |        0 |    24116 |   2006-05-01    00:00:00
    123 |    11460 |    12656 |        0 |    24116 |   2006-06-01    00:00:00
    124 |    11377 |    12739 |        0 |    24116 |   2006-07-01    00:00:00
    125 |    11308 |    12808 |        0 |    24116 |   2006-08-01    00:00:00
    126 |    11220 |    12896 |        0 |    24116 |   2006-09-01    00:00:00
    127 |    11167 |    12949 |        0 |    24116 |   2006-10-01    00:00:00
    128 |    11102 |    13014 |        0 |    24116 |   2006-11-01    00:00:00
    129 |    11026 |    13090 |        0 |    24116 |   2006-12-01    00:00:00
    130 |    10938 |    13178 |        0 |    24116 |   2007-01-01    00:00:00
    131 |    10874 |    13242 |        0 |    24116 |   2007-02-01    00:00:00
    132 |    10815 |    13301 |        0 |    24116 |   2007-03-01    00:00:00
    133 |    10743 |    13373 |        0 |    24116 |   2007-04-01    00:00:00
    134 |    10650 |    13466 |        0 |    24116 |   2007-05-01    00:00:00
    135 |    10600 |    13516 |        0 |    24116 |   2007-06-01    00:00:00
    136 |    10544 |    13572 |        0 |    24116 |   2007-07-01    00:00:00
    137 |    10491 |    13625 |        0 |    24116 |   2007-08-01    00:00:00
    138 |    10438 |    13678 |        0 |    24116 |   2007-09-01    00:00:00
    139 |    10390 |    13726 |        0 |    24116 |   2007-10-01    00:00:00
    140 |    10346 |    13770 |        0 |    24116 |   2007-11-01    00:00:00
    141 |    10301 |    13815 |        0 |    24116 |   2007-12-01    00:00:00
    142 |    10262 |    13854 |        0 |    24116 |   2008-01-01    00:00:00
    143 |    10213 |    13903 |        0 |    24116 |   2008-02-01    00:00:00
    144 |    10169 |    13947 |        0 |    24116 |   2008-03-01    00:00:00
    145 |    10128 |    13988 |        0 |    24116 |   2008-04-01    00:00:00
    146 |    10089 |    14027 |        0 |    24116 |   2008-05-01    00:00:00
    147 |    10039 |    14077 |        0 |    24116 |   2008-06-01    00:00:00
    148 |    10001 |    14115 |        0 |    24116 |   2008-07-01    00:00:00
    149 |     9962 |    14154 |        0 |    24116 |   2008-08-01    00:00:00
    150 |     9926 |    14190 |        0 |    24116 |   2008-09-01    00:00:00
    151 |     9887 |    14229 |        0 |    24116 |   2008-10-01    00:00:00
    152 |     9856 |    14260 |        0 |    24116 |   2008-11-01    00:00:00
    153 |     9818 |    14298 |        0 |    24116 |   2008-12-01    00:00:00
    154 |     9769 |    14347 |        0 |    24116 |   2009-01-01    00:00:00
    155 |     9733 |    14383 |        0 |    24116 |   2009-02-01    00:00:00
    156 |     9705 |    14411 |        0 |    24116 |   2009-03-01    00:00:00
    157 |     9677 |    14439 |        0 |    24116 |   2009-04-01    00:00:00
    158 |     9641 |    14475 |        0 |    24116 |   2009-05-01    00:00:00
    159 |     9620 |    14496 |        0 |    24116 |   2009-06-01    00:00:00
    160 |     9584 |    14532 |        0 |    24116 |   2009-07-01    00:00:00
    161 |     9556 |    14560 |        0 |    24116 |   2009-08-01    00:00:00
    162 |     9522 |    14594 |        0 |    24116 |   2009-09-01    00:00:00
    163 |     9476 |    14640 |        0 |    24116 |   2009-10-01    00:00:00
    164 |     9433 |    14683 |        0 |    24116 |   2009-11-01    00:00:00
    165 |     9409 |    14707 |        0 |    24116 |   2009-12-01    00:00:00
    166 |     9366 |    14750 |        0 |    24116 |   2010-01-01    00:00:00
    167 |     9335 |    14781 |        0 |    24116 |   2010-02-01    00:00:00
    168 |     9307 |    14809 |        0 |    24116 |   2010-03-01    00:00:00
    169 |     9287 |    14829 |        0 |    24116 |   2010-04-01    00:00:00
    170 |     9261 |    14855 |        0 |    24116 |   2010-05-01    00:00:00
    171 |     9224 |    14892 |        0 |    24116 |   2010-06-01    00:00:00
    172 |     9202 |    14914 |        0 |    24116 |   2010-07-01    00:00:00
    173 |     9179 |    14937 |        0 |    24116 |   2010-08-01    00:00:00
    174 |     9157 |    14959 |        0 |    24116 |   2010-09-01    00:00:00
    175 |     9133 |    14983 |        0 |    24116 |   2010-10-01    00:00:00
    176 |     9112 |    15004 |        0 |    24116 |   2010-11-01    00:00:00
    177 |     9097 |    15019 |        0 |    24116 |   2010-12-01    00:00:00
    178 |     9077 |    15039 |        0 |    24116 |   2011-01-01    00:00:00
    179 |     9061 |    15055 |        0 |    24116 |   2011-02-01    00:00:00
    180 |     9037 |    15079 |        0 |    24116 |   2011-03-01    00:00:00
    181 |     9000 |    15116 |        0 |    24116 |   2011-04-01    00:00:00
    182 |     8974 |    15142 |        0 |    24116 |   2011-05-01    00:00:00
    183 |     8949 |    15167 |        0 |    24116 |   2011-06-01    00:00:00
    184 |     8914 |    15202 |        0 |    24116 |   2011-07-01    00:00:00
    185 |     8881 |    15235 |        0 |    24116 |   2011-08-01    00:00:00
    186 |     8853 |    15263 |        0 |    24116 |   2011-09-01    00:00:00
    187 |     8828 |    15288 |        0 |    24116 |   2011-10-01    00:00:00
    188 |     8806 |    15310 |        0 |    24116 |   2011-11-01    00:00:00
    189 |     8790 |    15326 |        0 |    24116 |   2011-12-01    00:00:00
    190 |     8765 |    15351 |        0 |    24116 |   2012-01-01    00:00:00
    191 |     8745 |    15371 |        0 |    24116 |   2012-02-01    00:00:00
    192 |     8727 |    15389 |        0 |    24116 |   2012-03-01    00:00:00
    193 |     8711 |    15405 |        0 |    24116 |   2012-04-01    00:00:00
    194 |     8693 |    15423 |        0 |    24116 |   2012-05-01    00:00:00
    195 |     8673 |    15443 |        0 |    24116 |   2012-06-01    00:00:00
    196 |     8647 |    15469 |        0 |    24116 |   2012-07-01    00:00:00
    197 |     8629 |    15487 |        0 |    24116 |   2012-08-01    00:00:00
    198 |     8614 |    15502 |        0 |    24116 |   2012-09-01    00:00:00
    199 |     8599 |    15517 |        0 |    24116 |   2012-10-01    00:00:00
    200 |     8586 |    15530 |        0 |    24116 |   2012-11-01    00:00:00
    201 |     8576 |    15540 |        0 |    24116 |   2012-12-01    00:00:00
    202 |     8560 |    15556 |        0 |    24116 |   2013-01-01    00:00:00
    203 |     8543 |    15573 |        0 |    24116 |   2013-02-01    00:00:00
    204 |     8535 |    15581 |        0 |    24116 |   2013-03-01    00:00:00
    205 |     8521 |    15595 |        0 |    24116 |   2013-04-01    00:00:00
    206 |     8499 |    15617 |        0 |    24116 |   2013-05-01    00:00:00
    207 |     8476 |    15640 |        0 |    24116 |   2013-06-01    00:00:00
    208 |     8465 |    15651 |        0 |    24116 |   2013-07-01    00:00:00
    209 |     8454 |    15662 |        0 |    24116 |   2013-08-01    00:00:00
    210 |     8443 |    15673 |        0 |    24116 |   2013-09-01    00:00:00
    211 |     8432 |    15684 |        0 |    24116 |   2013-10-01    00:00:00
    212 |     8418 |    15698 |        0 |    24116 |   2013-11-01    00:00:00
    213 |     8401 |    15715 |        0 |    24116 |   2013-12-01    00:00:00
    214 |     8386 |    15730 |        0 |    24116 |   2014-01-01    00:00:00
    215 |     8370 |    15746 |        0 |    24116 |   2014-02-01    00:00:00
    216 |     8347 |    15769 |        0 |    24116 |   2014-03-01    00:00:00
    217 |     8323 |    15793 |        0 |    24116 |   2014-04-01    00:00:00
    218 |     8304 |    15812 |        0 |    24116 |   2014-05-01    00:00:00
    219 |     8294 |    15822 |        0 |    24116 |   2014-06-01    00:00:00
    220 |     8284 |    15832 |        0 |    24116 |   2014-07-01    00:00:00
    221 |     8272 |    15844 |        0 |    24116 |   2014-08-01    00:00:00
    222 |     8261 |    15855 |        0 |    24116 |   2014-09-01    00:00:00
    223 |     8254 |    15862 |        0 |    24116 |   2014-10-01    00:00:00
    224 |     8240 |    15876 |        0 |    24116 |   2014-11-01    00:00:00
    225 |     8230 |    15886 |        0 |    24116 |   2014-12-01    00:00:00
    226 |     8215 |    15901 |        0 |    24116 |   2015-01-01    00:00:00
    227 |     8202 |    15914 |        0 |    24116 |   2015-02-01    00:00:00
    228 |     8187 |    15929 |        0 |    24116 |   2015-03-01    00:00:00
    229 |     8173 |    15943 |        0 |    24116 |   2015-04-01    00:00:00
    230 |     8163 |    15953 |        0 |    24116 |   2015-05-01    00:00:00
    231 |     8152 |    15964 |        0 |    24116 |   2015-06-01    00:00:00
    232 |     8144 |    15972 |        0 |    24116 |   2015-07-01    00:00:00
    233 |     8134 |    15982 |        0 |    24116 |   2015-08-01    00:00:00
    234 |     8125 |    15991 |        0 |    24116 |   2015-09-01    00:00:00
    235 |     8119 |    15997 |        0 |    24116 |   2015-10-01    00:00:00
    236 |     8109 |    16007 |        0 |    24116 |   2015-11-01    00:00:00
    237 |     8099 |    16017 |        0 |    24116 |   2015-12-01    00:00:00
    238 |     8091 |    16025 |        0 |    24116 |   2016-01-01    00:00:00
    239 |     8080 |    16036 |        0 |    24116 |   2016-02-01    00:00:00
    240 |     8068 |    16048 |        0 |    24116 |   2016-03-01    00:00:00
    241 |     8054 |    16062 |        0 |    24116 |   2016-04-01    00:00:00
    242 |     8041 |    16075 |        0 |    24116 |   2016-05-01    00:00:00
    243 |     8032 |    16084 |        0 |    24116 |   2016-06-01    00:00:00
    244 |     8019 |    16097 |        0 |    24116 |   2016-07-01    00:00:00
    245 |     8008 |    16108 |        0 |    24116 |   2016-08-01    00:00:00
    246 |     7999 |    16117 |        0 |    24116 |   2016-09-01    00:00:00
    247 |     7991 |    16125 |        0 |    24116 |   2016-10-01    00:00:00
    248 |     7985 |    16131 |        0 |    24116 |   2016-11-01    00:00:00
    249 |     7979 |    16137 |        0 |    24116 |   2016-12-01    00:00:00
    250 |     7972 |    16144 |        0 |    24116 |   2017-01-01    00:00:00
    251 |     7960 |    16156 |        0 |    24116 |   2017-02-01    00:00:00
    252 |     7951 |    16165 |        0 |    24116 |   2017-03-01    00:00:00
    253 |     7944 |    16172 |        0 |    24116 |   2017-04-01    00:00:00
    254 |     7937 |    16179 |        0 |    24116 |   2017-05-01    00:00:00
    255 |     7925 |    16191 |        0 |    24116 |   2017-06-01    00:00:00
    256 |     7919 |    16197 |        0 |    24116 |   2017-07-01    00:00:00
    257 |     7910 |    16206 |        0 |    24116 |   2017-08-01    00:00:00
    258 |     7903 |    16213 |        0 |    24116 |   2017-09-01    00:00:00
    259 |     7898 |    16218 |        0 |    24116 |   2017-10-01    00:00:00
    260 |     7885 |    16231 |        0 |    24116 |   2017-11-01    00:00:00
    261 |     7881 |    16235 |        0 |    24116 |   2017-12-01    00:00:00
    262 |     7871 |    16245 |        0 |    24116 |   2018-01-01    00:00:00
    263 |     7865 |    16251 |        0 |    24116 |   2018-02-01    00:00:00
    264 |     7858 |    16258 |        0 |    24116 |   2018-03-01    00:00:00
    265 |     7853 |    16263 |        0 |    24116 |   2018-04-01    00:00:00
    266 |     7844 |    16272 |        0 |    24116 |   2018-05-01    00:00:00
    267 |     7834 |    16282 |        0 |    24116 |   2018-06-01    00:00:00
    268 |     7827 |    16289 |        0 |    24116 |   2018-07-01    00:00:00
    269 |     7816 |    16300 |        0 |    24116 |   2018-08-01    00:00:00
    270 |     7809 |    16307 |        0 |    24116 |   2018-09-01    00:00:00
    271 |     7794 |    16322 |        0 |    24116 |   2018-10-01    00:00:00
    272 |     7789 |    16327 |        0 |    24116 |   2018-11-01    00:00:00
    273 |     7781 |    16335 |        0 |    24116 |   2018-12-01    00:00:00
    274 |     7776 |    16340 |        0 |    24116 |   2019-01-01    00:00:00
    275 |     7772 |    16344 |        0 |    24116 |   2019-02-01    00:00:00
    276 |     7767 |    16349 |        0 |    24116 |   2019-03-01    00:00:00
    277 |     7760 |    16356 |        0 |    24116 |   2019-04-01    00:00:00
    278 |     7753 |    16363 |        0 |    24116 |   2019-05-01    00:00:00
    279 |     7751 |    16365 |        0 |    24116 |   2019-06-01    00:00:00
    280 |     7748 |    16368 |        0 |    24116 |   2019-07-01    00:00:00
    281 |     7738 |    16378 |        0 |    24116 |   2019-08-01    00:00:00
    282 |     7730 |    16386 |        0 |    24116 |   2019-09-01    00:00:00
    283 |     7721 |    16395 |        0 |    24116 |   2019-10-01    00:00:00
    284 |     7716 |    16400 |        0 |    24116 |   2019-11-01    00:00:00
    285 |     7712 |    16404 |        0 |    24116 |   2019-12-01    00:00:00
    286 |     7704 |    16412 |        0 |    24116 |   2020-01-01    00:00:00
    287 |     7701 |    16415 |        0 |    24116 |   2020-02-01    00:00:00
    288 |     7695 |    16421 |        0 |    24116 |   2020-03-01    00:00:00
    289 |     7682 |    16434 |        0 |    24116 |   2020-04-01    00:00:00
    290 |     7674 |    16442 |        0 |    24116 |   2020-05-01    00:00:00
    291 |     7665 |    16451 |        0 |    24116 |   2020-06-01    00:00:00
    292 |     7663 |    16453 |        0 |    24116 |   2020-07-01    00:00:00
    293 |     7658 |    16458 |        0 |    24116 |   2020-08-01    00:00:00
    294 |     7652 |    16464 |        0 |    24116 |   2020-09-01    00:00:00
    295 |     7646 |    16470 |        0 |    24116 |   2020-10-01    00:00:00
    296 |     7642 |    16474 |        0 |    24116 |   2020-11-01    00:00:00
    297 |     7637 |    16479 |        0 |    24116 |   2020-12-01    00:00:00
    298 |     7632 |    16484 |        0 |    24116 |   2021-01-01    00:00:00
    299 |     7628 |    16488 |        0 |    24116 |   2021-02-01    00:00:00
    300 |     7613 |    16503 |        0 |    24116 |   2021-03-01    00:00:00
 ===============================================================================
       24116  particles calculated
       16503  particles exited the space and time domain
           0  particles flagged with errors
        7613  particles in domain
 -------------------------------------------------------------------------------
 
 ===============================================================================
 End date  : 2026-03-18
 End time  : 15:07:23
 ===============================================================================
