 ===============================================================================
              TRACMASS Lagrangian off-line particle tracking 
 ===============================================================================
 
 Start date  : 2026-03-18
 Start time  : 14:16:42
 
 -------------------------------------------------------------------------------
 
 Model information:
 Project code  : project_1m_RAPID/eORCA1
 Case name     : eORCA1_08_1990_25_1m
 Namelist file : /tmp/tracmass_1990_08_220148/project_1m_RAPID/eORCA1/eORCA1_files/1990/namelist_eORCA1_08_1990_25_1m.in
 
 -------------------------------------------------------------------------------
 
 Configuration options:
  - Forward in time (nff = 1)
  - A subdomain has been choosen
      i index:   185 - 296  
      j index:   197 - 311  
  - Three-dimensional trajectories (vertical fluxes computed)
  - Evaluate the value of these tracers along the trajectories:
     1- mld (m) 
     2- q (wm-2) 
     3- temp (degC) 
     4- sal (gkg-1) 
 
 -------------------------------------------------------------------------------
 
 imindom:         186 jmindom:         198 imt:         112 jmt:         115
 Output information:
 Directory for output files : /dssgfs01/scratch/emdh1n25/project_1m_RAPID/eORCA1/eORCA1_output/1990/
 Prefix for output files    : ORCA1_NPD_08_1990_25_1m
 
 -------------------------------------------------------------------------------
 
 Start date in model-time     : 1990-08-01 00:00
 End date in model-time       : 2015-07-01 00:00
 Length of run in timesteps   :    300
 Number of seeding timesteps  :      1
 Time integration scheme      : regular time step scheme
 Steps between two GCM fields :    100
 
 -------------------------------------------------------------------------------
 t-step        run        out        err        tot                 model date
 -------------------------------------------------------------------------------
      1 |    26977 |        0 |        0 |    26977 |   1990-08-01    00:00:00
      2 |    26254 |      723 |        0 |    26977 |   1990-09-01    00:00:00
      3 |    25666 |     1311 |        0 |    26977 |   1990-10-01    00:00:00
      4 |    25184 |     1793 |        0 |    26977 |   1990-11-01    00:00:00
      5 |    24907 |     2070 |        0 |    26977 |   1990-12-01    00:00:00
      6 |    24719 |     2258 |        0 |    26977 |   1991-01-01    00:00:00
      7 |    24421 |     2556 |        0 |    26977 |   1991-02-01    00:00:00
      8 |    24053 |     2924 |        0 |    26977 |   1991-03-01    00:00:00
      9 |    23703 |     3274 |        0 |    26977 |   1991-04-01    00:00:00
     10 |    23495 |     3482 |        0 |    26977 |   1991-05-01    00:00:00
     11 |    23316 |     3661 |        0 |    26977 |   1991-06-01    00:00:00
     12 |    23120 |     3857 |        0 |    26977 |   1991-07-01    00:00:00
     13 |    22935 |     4042 |        0 |    26977 |   1991-08-01    00:00:00
     14 |    22812 |     4165 |        0 |    26977 |   1991-09-01    00:00:00
     15 |    22684 |     4293 |        0 |    26977 |   1991-10-01    00:00:00
     16 |    22620 |     4357 |        0 |    26977 |   1991-11-01    00:00:00
     17 |    22533 |     4444 |        0 |    26977 |   1991-12-01    00:00:00
     18 |    22401 |     4576 |        0 |    26977 |   1992-01-01    00:00:00
     19 |    22272 |     4705 |        0 |    26977 |   1992-02-01    00:00:00
     20 |    22161 |     4816 |        0 |    26977 |   1992-03-01    00:00:00
     21 |    22062 |     4915 |        0 |    26977 |   1992-04-01    00:00:00
     22 |    21961 |     5016 |        0 |    26977 |   1992-05-01    00:00:00
     23 |    21874 |     5103 |        0 |    26977 |   1992-06-01    00:00:00
     24 |    21716 |     5261 |        0 |    26977 |   1992-07-01    00:00:00
     25 |    21616 |     5361 |        0 |    26977 |   1992-08-01    00:00:00
     26 |    21533 |     5444 |        0 |    26977 |   1992-09-01    00:00:00
     27 |    21418 |     5559 |        0 |    26977 |   1992-10-01    00:00:00
     28 |    21327 |     5650 |        0 |    26977 |   1992-11-01    00:00:00
     29 |    21238 |     5739 |        0 |    26977 |   1992-12-01    00:00:00
     30 |    21174 |     5803 |        0 |    26977 |   1993-01-01    00:00:00
     31 |    21061 |     5916 |        0 |    26977 |   1993-02-01    00:00:00
     32 |    20936 |     6041 |        0 |    26977 |   1993-03-01    00:00:00
     33 |    20808 |     6169 |        0 |    26977 |   1993-04-01    00:00:00
     34 |    20667 |     6310 |        0 |    26977 |   1993-05-01    00:00:00
     35 |    20537 |     6440 |        0 |    26977 |   1993-06-01    00:00:00
     36 |    20375 |     6602 |        0 |    26977 |   1993-07-01    00:00:00
     37 |    20261 |     6716 |        0 |    26977 |   1993-08-01    00:00:00
     38 |    20147 |     6830 |        0 |    26977 |   1993-09-01    00:00:00
     39 |    20027 |     6950 |        0 |    26977 |   1993-10-01    00:00:00
     40 |    19908 |     7069 |        0 |    26977 |   1993-11-01    00:00:00
     41 |    19806 |     7171 |        0 |    26977 |   1993-12-01    00:00:00
     42 |    19732 |     7245 |        0 |    26977 |   1994-01-01    00:00:00
     43 |    19626 |     7351 |        0 |    26977 |   1994-02-01    00:00:00
     44 |    19527 |     7450 |        0 |    26977 |   1994-03-01    00:00:00
     45 |    19454 |     7523 |        0 |    26977 |   1994-04-01    00:00:00
     46 |    19382 |     7595 |        0 |    26977 |   1994-05-01    00:00:00
     47 |    19312 |     7665 |        0 |    26977 |   1994-06-01    00:00:00
     48 |    19231 |     7746 |        0 |    26977 |   1994-07-01    00:00:00
     49 |    19168 |     7809 |        0 |    26977 |   1994-08-01    00:00:00
     50 |    19106 |     7871 |        0 |    26977 |   1994-09-01    00:00:00
     51 |    19031 |     7946 |        0 |    26977 |   1994-10-01    00:00:00
     52 |    18941 |     8036 |        0 |    26977 |   1994-11-01    00:00:00
     53 |    18838 |     8139 |        0 |    26977 |   1994-12-01    00:00:00
     54 |    18773 |     8204 |        0 |    26977 |   1995-01-01    00:00:00
     55 |    18705 |     8272 |        0 |    26977 |   1995-02-01    00:00:00
     56 |    18647 |     8330 |        0 |    26977 |   1995-03-01    00:00:00
     57 |    18577 |     8400 |        0 |    26977 |   1995-04-01    00:00:00
     58 |    18502 |     8475 |        0 |    26977 |   1995-05-01    00:00:00
     59 |    18413 |     8564 |        0 |    26977 |   1995-06-01    00:00:00
     60 |    18324 |     8653 |        0 |    26977 |   1995-07-01    00:00:00
     61 |    18243 |     8734 |        0 |    26977 |   1995-08-01    00:00:00
     62 |    18147 |     8830 |        0 |    26977 |   1995-09-01    00:00:00
     63 |    18034 |     8943 |        0 |    26977 |   1995-10-01    00:00:00
     64 |    17911 |     9066 |        0 |    26977 |   1995-11-01    00:00:00
     65 |    17787 |     9190 |        0 |    26977 |   1995-12-01    00:00:00
     66 |    17673 |     9304 |        0 |    26977 |   1996-01-01    00:00:00
     67 |    17539 |     9438 |        0 |    26977 |   1996-02-01    00:00:00
     68 |    17372 |     9605 |        0 |    26977 |   1996-03-01    00:00:00
     69 |    17238 |     9739 |        0 |    26977 |   1996-04-01    00:00:00
     70 |    17088 |     9889 |        0 |    26977 |   1996-05-01    00:00:00
     71 |    16969 |    10008 |        0 |    26977 |   1996-06-01    00:00:00
     72 |    16825 |    10152 |        0 |    26977 |   1996-07-01    00:00:00
     73 |    16663 |    10314 |        0 |    26977 |   1996-08-01    00:00:00
     74 |    16491 |    10486 |        0 |    26977 |   1996-09-01    00:00:00
     75 |    16367 |    10610 |        0 |    26977 |   1996-10-01    00:00:00
     76 |    16242 |    10735 |        0 |    26977 |   1996-11-01    00:00:00
     77 |    16120 |    10857 |        0 |    26977 |   1996-12-01    00:00:00
     78 |    16010 |    10967 |        0 |    26977 |   1997-01-01    00:00:00
     79 |    15892 |    11085 |        0 |    26977 |   1997-02-01    00:00:00
     80 |    15729 |    11248 |        0 |    26977 |   1997-03-01    00:00:00
     81 |    15593 |    11384 |        0 |    26977 |   1997-04-01    00:00:00
     82 |    15465 |    11512 |        0 |    26977 |   1997-05-01    00:00:00
     83 |    15337 |    11640 |        0 |    26977 |   1997-06-01    00:00:00
     84 |    15212 |    11765 |        0 |    26977 |   1997-07-01    00:00:00
     85 |    15114 |    11863 |        0 |    26977 |   1997-08-01    00:00:00
     86 |    14984 |    11993 |        0 |    26977 |   1997-09-01    00:00:00
     87 |    14836 |    12141 |        0 |    26977 |   1997-10-01    00:00:00
     88 |    14692 |    12285 |        0 |    26977 |   1997-11-01    00:00:00
     89 |    14563 |    12414 |        0 |    26977 |   1997-12-01    00:00:00
     90 |    14450 |    12527 |        0 |    26977 |   1998-01-01    00:00:00
     91 |    14349 |    12628 |        0 |    26977 |   1998-02-01    00:00:00
     92 |    14208 |    12769 |        0 |    26977 |   1998-03-01    00:00:00
     93 |    14099 |    12878 |        0 |    26977 |   1998-04-01    00:00:00
     94 |    14009 |    12968 |        0 |    26977 |   1998-05-01    00:00:00
     95 |    13935 |    13042 |        0 |    26977 |   1998-06-01    00:00:00
     96 |    13857 |    13120 |        0 |    26977 |   1998-07-01    00:00:00
     97 |    13751 |    13226 |        0 |    26977 |   1998-08-01    00:00:00
     98 |    13674 |    13303 |        0 |    26977 |   1998-09-01    00:00:00
     99 |    13607 |    13370 |        0 |    26977 |   1998-10-01    00:00:00
    100 |    13533 |    13444 |        0 |    26977 |   1998-11-01    00:00:00
    101 |    13449 |    13528 |        0 |    26977 |   1998-12-01    00:00:00
    102 |    13333 |    13644 |        0 |    26977 |   1999-01-01    00:00:00
    103 |    13215 |    13762 |        0 |    26977 |   1999-02-01    00:00:00
    104 |    13109 |    13868 |        0 |    26977 |   1999-03-01    00:00:00
    105 |    13002 |    13975 |        0 |    26977 |   1999-04-01    00:00:00
    106 |    12899 |    14078 |        0 |    26977 |   1999-05-01    00:00:00
    107 |    12814 |    14163 |        0 |    26977 |   1999-06-01    00:00:00
    108 |    12727 |    14250 |        0 |    26977 |   1999-07-01    00:00:00
    109 |    12648 |    14329 |        0 |    26977 |   1999-08-01    00:00:00
    110 |    12581 |    14396 |        0 |    26977 |   1999-09-01    00:00:00
    111 |    12496 |    14481 |        0 |    26977 |   1999-10-01    00:00:00
    112 |    12411 |    14566 |        0 |    26977 |   1999-11-01    00:00:00
    113 |    12312 |    14665 |        0 |    26977 |   1999-12-01    00:00:00
    114 |    12226 |    14751 |        0 |    26977 |   2000-01-01    00:00:00
    115 |    12167 |    14810 |        0 |    26977 |   2000-02-01    00:00:00
    116 |    12100 |    14877 |        0 |    26977 |   2000-03-01    00:00:00
    117 |    12042 |    14935 |        0 |    26977 |   2000-04-01    00:00:00
    118 |    11994 |    14983 |        0 |    26977 |   2000-05-01    00:00:00
    119 |    11949 |    15028 |        0 |    26977 |   2000-06-01    00:00:00
    120 |    11901 |    15076 |        0 |    26977 |   2000-07-01    00:00:00
    121 |    11843 |    15134 |        0 |    26977 |   2000-08-01    00:00:00
    122 |    11800 |    15177 |        0 |    26977 |   2000-09-01    00:00:00
    123 |    11751 |    15226 |        0 |    26977 |   2000-10-01    00:00:00
    124 |    11698 |    15279 |        0 |    26977 |   2000-11-01    00:00:00
    125 |    11648 |    15329 |        0 |    26977 |   2000-12-01    00:00:00
    126 |    11617 |    15360 |        0 |    26977 |   2001-01-01    00:00:00
    127 |    11583 |    15394 |        0 |    26977 |   2001-02-01    00:00:00
    128 |    11541 |    15436 |        0 |    26977 |   2001-03-01    00:00:00
    129 |    11500 |    15477 |        0 |    26977 |   2001-04-01    00:00:00
    130 |    11464 |    15513 |        0 |    26977 |   2001-05-01    00:00:00
    131 |    11424 |    15553 |        0 |    26977 |   2001-06-01    00:00:00
    132 |    11386 |    15591 |        0 |    26977 |   2001-07-01    00:00:00
    133 |    11345 |    15632 |        0 |    26977 |   2001-08-01    00:00:00
    134 |    11305 |    15672 |        0 |    26977 |   2001-09-01    00:00:00
    135 |    11278 |    15699 |        0 |    26977 |   2001-10-01    00:00:00
    136 |    11230 |    15747 |        0 |    26977 |   2001-11-01    00:00:00
    137 |    11190 |    15787 |        0 |    26977 |   2001-12-01    00:00:00
    138 |    11144 |    15833 |        0 |    26977 |   2002-01-01    00:00:00
    139 |    11090 |    15887 |        0 |    26977 |   2002-02-01    00:00:00
    140 |    11038 |    15939 |        0 |    26977 |   2002-03-01    00:00:00
    141 |    10978 |    15999 |        0 |    26977 |   2002-04-01    00:00:00
    142 |    10941 |    16036 |        0 |    26977 |   2002-05-01    00:00:00
    143 |    10896 |    16081 |        0 |    26977 |   2002-06-01    00:00:00
    144 |    10864 |    16113 |        0 |    26977 |   2002-07-01    00:00:00
    145 |    10833 |    16144 |        0 |    26977 |   2002-08-01    00:00:00
    146 |    10811 |    16166 |        0 |    26977 |   2002-09-01    00:00:00
    147 |    10787 |    16190 |        0 |    26977 |   2002-10-01    00:00:00
    148 |    10761 |    16216 |        0 |    26977 |   2002-11-01    00:00:00
    149 |    10747 |    16230 |        0 |    26977 |   2002-12-01    00:00:00
    150 |    10730 |    16247 |        0 |    26977 |   2003-01-01    00:00:00
    151 |    10704 |    16273 |        0 |    26977 |   2003-02-01    00:00:00
    152 |    10680 |    16297 |        0 |    26977 |   2003-03-01    00:00:00
    153 |    10652 |    16325 |        0 |    26977 |   2003-04-01    00:00:00
    154 |    10628 |    16349 |        0 |    26977 |   2003-05-01    00:00:00
    155 |    10601 |    16376 |        0 |    26977 |   2003-06-01    00:00:00
    156 |    10577 |    16400 |        0 |    26977 |   2003-07-01    00:00:00
    157 |    10555 |    16422 |        0 |    26977 |   2003-08-01    00:00:00
    158 |    10534 |    16443 |        0 |    26977 |   2003-09-01    00:00:00
    159 |    10509 |    16468 |        0 |    26977 |   2003-10-01    00:00:00
    160 |    10491 |    16486 |        0 |    26977 |   2003-11-01    00:00:00
    161 |    10465 |    16512 |        0 |    26977 |   2003-12-01    00:00:00
    162 |    10441 |    16536 |        0 |    26977 |   2004-01-01    00:00:00
    163 |    10422 |    16555 |        0 |    26977 |   2004-02-01    00:00:00
    164 |    10400 |    16577 |        0 |    26977 |   2004-03-01    00:00:00
    165 |    10377 |    16600 |        0 |    26977 |   2004-04-01    00:00:00
    166 |    10354 |    16623 |        0 |    26977 |   2004-05-01    00:00:00
    167 |    10340 |    16637 |        0 |    26977 |   2004-06-01    00:00:00
    168 |    10322 |    16655 |        0 |    26977 |   2004-07-01    00:00:00
    169 |    10297 |    16680 |        0 |    26977 |   2004-08-01    00:00:00
    170 |    10281 |    16696 |        0 |    26977 |   2004-09-01    00:00:00
    171 |    10257 |    16720 |        0 |    26977 |   2004-10-01    00:00:00
    172 |    10239 |    16738 |        0 |    26977 |   2004-11-01    00:00:00
    173 |    10224 |    16753 |        0 |    26977 |   2004-12-01    00:00:00
    174 |    10200 |    16777 |        0 |    26977 |   2005-01-01    00:00:00
    175 |    10185 |    16792 |        0 |    26977 |   2005-02-01    00:00:00
    176 |    10152 |    16825 |        0 |    26977 |   2005-03-01    00:00:00
    177 |    10118 |    16859 |        0 |    26977 |   2005-04-01    00:00:00
    178 |    10101 |    16876 |        0 |    26977 |   2005-05-01    00:00:00
    179 |    10081 |    16896 |        0 |    26977 |   2005-06-01    00:00:00
    180 |    10068 |    16909 |        0 |    26977 |   2005-07-01    00:00:00
    181 |    10046 |    16931 |        0 |    26977 |   2005-08-01    00:00:00
    182 |    10032 |    16945 |        0 |    26977 |   2005-09-01    00:00:00
    183 |    10016 |    16961 |        0 |    26977 |   2005-10-01    00:00:00
    184 |     9997 |    16980 |        0 |    26977 |   2005-11-01    00:00:00
    185 |     9972 |    17005 |        0 |    26977 |   2005-12-01    00:00:00
    186 |     9963 |    17014 |        0 |    26977 |   2006-01-01    00:00:00
    187 |     9946 |    17031 |        0 |    26977 |   2006-02-01    00:00:00
    188 |     9930 |    17047 |        0 |    26977 |   2006-03-01    00:00:00
    189 |     9916 |    17061 |        0 |    26977 |   2006-04-01    00:00:00
    190 |     9895 |    17082 |        0 |    26977 |   2006-05-01    00:00:00
    191 |     9887 |    17090 |        0 |    26977 |   2006-06-01    00:00:00
    192 |     9867 |    17110 |        0 |    26977 |   2006-07-01    00:00:00
    193 |     9858 |    17119 |        0 |    26977 |   2006-08-01    00:00:00
    194 |     9841 |    17136 |        0 |    26977 |   2006-09-01    00:00:00
    195 |     9827 |    17150 |        0 |    26977 |   2006-10-01    00:00:00
    196 |     9812 |    17165 |        0 |    26977 |   2006-11-01    00:00:00
    197 |     9801 |    17176 |        0 |    26977 |   2006-12-01    00:00:00
    198 |     9791 |    17186 |        0 |    26977 |   2007-01-01    00:00:00
    199 |     9776 |    17201 |        0 |    26977 |   2007-02-01    00:00:00
    200 |     9768 |    17209 |        0 |    26977 |   2007-03-01    00:00:00
    201 |     9755 |    17222 |        0 |    26977 |   2007-04-01    00:00:00
    202 |     9740 |    17237 |        0 |    26977 |   2007-05-01    00:00:00
    203 |     9724 |    17253 |        0 |    26977 |   2007-06-01    00:00:00
    204 |     9705 |    17272 |        0 |    26977 |   2007-07-01    00:00:00
    205 |     9695 |    17282 |        0 |    26977 |   2007-08-01    00:00:00
    206 |     9675 |    17302 |        0 |    26977 |   2007-09-01    00:00:00
    207 |     9664 |    17313 |        0 |    26977 |   2007-10-01    00:00:00
    208 |     9656 |    17321 |        0 |    26977 |   2007-11-01    00:00:00
    209 |     9642 |    17335 |        0 |    26977 |   2007-12-01    00:00:00
    210 |     9631 |    17346 |        0 |    26977 |   2008-01-01    00:00:00
    211 |     9617 |    17360 |        0 |    26977 |   2008-02-01    00:00:00
    212 |     9609 |    17368 |        0 |    26977 |   2008-03-01    00:00:00
    213 |     9605 |    17372 |        0 |    26977 |   2008-04-01    00:00:00
    214 |     9600 |    17377 |        0 |    26977 |   2008-05-01    00:00:00
    215 |     9590 |    17387 |        0 |    26977 |   2008-06-01    00:00:00
    216 |     9580 |    17397 |        0 |    26977 |   2008-07-01    00:00:00
    217 |     9571 |    17406 |        0 |    26977 |   2008-08-01    00:00:00
    218 |     9555 |    17422 |        0 |    26977 |   2008-09-01    00:00:00
    219 |     9543 |    17434 |        0 |    26977 |   2008-10-01    00:00:00
    220 |     9533 |    17444 |        0 |    26977 |   2008-11-01    00:00:00
    221 |     9520 |    17457 |        0 |    26977 |   2008-12-01    00:00:00
    222 |     9509 |    17468 |        0 |    26977 |   2009-01-01    00:00:00
    223 |     9499 |    17478 |        0 |    26977 |   2009-02-01    00:00:00
    224 |     9484 |    17493 |        0 |    26977 |   2009-03-01    00:00:00
    225 |     9472 |    17505 |        0 |    26977 |   2009-04-01    00:00:00
    226 |     9459 |    17518 |        0 |    26977 |   2009-05-01    00:00:00
    227 |     9446 |    17531 |        0 |    26977 |   2009-06-01    00:00:00
    228 |     9431 |    17546 |        0 |    26977 |   2009-07-01    00:00:00
    229 |     9415 |    17562 |        0 |    26977 |   2009-08-01    00:00:00
    230 |     9408 |    17569 |        0 |    26977 |   2009-09-01    00:00:00
    231 |     9397 |    17580 |        0 |    26977 |   2009-10-01    00:00:00
    232 |     9383 |    17594 |        0 |    26977 |   2009-11-01    00:00:00
    233 |     9370 |    17607 |        0 |    26977 |   2009-12-01    00:00:00
    234 |     9355 |    17622 |        0 |    26977 |   2010-01-01    00:00:00
    235 |     9341 |    17636 |        0 |    26977 |   2010-02-01    00:00:00
    236 |     9328 |    17649 |        0 |    26977 |   2010-03-01    00:00:00
    237 |     9317 |    17660 |        0 |    26977 |   2010-04-01    00:00:00
    238 |     9309 |    17668 |        0 |    26977 |   2010-05-01    00:00:00
    239 |     9300 |    17677 |        0 |    26977 |   2010-06-01    00:00:00
    240 |     9286 |    17691 |        0 |    26977 |   2010-07-01    00:00:00
    241 |     9279 |    17698 |        0 |    26977 |   2010-08-01    00:00:00
    242 |     9265 |    17712 |        0 |    26977 |   2010-09-01    00:00:00
    243 |     9256 |    17721 |        0 |    26977 |   2010-10-01    00:00:00
    244 |     9254 |    17723 |        0 |    26977 |   2010-11-01    00:00:00
    245 |     9241 |    17736 |        0 |    26977 |   2010-12-01    00:00:00
    246 |     9228 |    17749 |        0 |    26977 |   2011-01-01    00:00:00
    247 |     9210 |    17767 |        0 |    26977 |   2011-02-01    00:00:00
    248 |     9191 |    17786 |        0 |    26977 |   2011-03-01    00:00:00
    249 |     9177 |    17800 |        0 |    26977 |   2011-04-01    00:00:00
    250 |     9162 |    17815 |        0 |    26977 |   2011-05-01    00:00:00
    251 |     9154 |    17823 |        0 |    26977 |   2011-06-01    00:00:00
    252 |     9141 |    17836 |        0 |    26977 |   2011-07-01    00:00:00
    253 |     9136 |    17841 |        0 |    26977 |   2011-08-01    00:00:00
    254 |     9122 |    17855 |        0 |    26977 |   2011-09-01    00:00:00
    255 |     9116 |    17861 |        0 |    26977 |   2011-10-01    00:00:00
    256 |     9107 |    17870 |        0 |    26977 |   2011-11-01    00:00:00
    257 |     9100 |    17877 |        0 |    26977 |   2011-12-01    00:00:00
    258 |     9092 |    17885 |        0 |    26977 |   2012-01-01    00:00:00
    259 |     9082 |    17895 |        0 |    26977 |   2012-02-01    00:00:00
    260 |     9076 |    17901 |        0 |    26977 |   2012-03-01    00:00:00
    261 |     9065 |    17912 |        0 |    26977 |   2012-04-01    00:00:00
    262 |     9055 |    17922 |        0 |    26977 |   2012-05-01    00:00:00
    263 |     9047 |    17930 |        0 |    26977 |   2012-06-01    00:00:00
    264 |     9040 |    17937 |        0 |    26977 |   2012-07-01    00:00:00
    265 |     9036 |    17941 |        0 |    26977 |   2012-08-01    00:00:00
    266 |     9031 |    17946 |        0 |    26977 |   2012-09-01    00:00:00
    267 |     9020 |    17957 |        0 |    26977 |   2012-10-01    00:00:00
    268 |     9007 |    17970 |        0 |    26977 |   2012-11-01    00:00:00
    269 |     8997 |    17980 |        0 |    26977 |   2012-12-01    00:00:00
    270 |     8990 |    17987 |        0 |    26977 |   2013-01-01    00:00:00
    271 |     8986 |    17991 |        0 |    26977 |   2013-02-01    00:00:00
    272 |     8971 |    18006 |        0 |    26977 |   2013-03-01    00:00:00
    273 |     8963 |    18014 |        0 |    26977 |   2013-04-01    00:00:00
    274 |     8958 |    18019 |        0 |    26977 |   2013-05-01    00:00:00
    275 |     8950 |    18027 |        0 |    26977 |   2013-06-01    00:00:00
    276 |     8944 |    18033 |        0 |    26977 |   2013-07-01    00:00:00
    277 |     8937 |    18040 |        0 |    26977 |   2013-08-01    00:00:00
    278 |     8923 |    18054 |        0 |    26977 |   2013-09-01    00:00:00
    279 |     8915 |    18062 |        0 |    26977 |   2013-10-01    00:00:00
    280 |     8907 |    18070 |        0 |    26977 |   2013-11-01    00:00:00
    281 |     8903 |    18074 |        0 |    26977 |   2013-12-01    00:00:00
    282 |     8897 |    18080 |        0 |    26977 |   2014-01-01    00:00:00
    283 |     8888 |    18089 |        0 |    26977 |   2014-02-01    00:00:00
    284 |     8878 |    18099 |        0 |    26977 |   2014-03-01    00:00:00
    285 |     8865 |    18112 |        0 |    26977 |   2014-04-01    00:00:00
    286 |     8857 |    18120 |        0 |    26977 |   2014-05-01    00:00:00
    287 |     8849 |    18128 |        0 |    26977 |   2014-06-01    00:00:00
    288 |     8834 |    18143 |        0 |    26977 |   2014-07-01    00:00:00
    289 |     8830 |    18147 |        0 |    26977 |   2014-08-01    00:00:00
    290 |     8823 |    18154 |        0 |    26977 |   2014-09-01    00:00:00
    291 |     8816 |    18161 |        0 |    26977 |   2014-10-01    00:00:00
    292 |     8805 |    18172 |        0 |    26977 |   2014-11-01    00:00:00
    293 |     8800 |    18177 |        0 |    26977 |   2014-12-01    00:00:00
    294 |     8789 |    18188 |        0 |    26977 |   2015-01-01    00:00:00
    295 |     8783 |    18194 |        0 |    26977 |   2015-02-01    00:00:00
    296 |     8775 |    18202 |        0 |    26977 |   2015-03-01    00:00:00
    297 |     8770 |    18207 |        0 |    26977 |   2015-04-01    00:00:00
    298 |     8767 |    18210 |        0 |    26977 |   2015-05-01    00:00:00
    299 |     8759 |    18218 |        0 |    26977 |   2015-06-01    00:00:00
    300 |     8745 |    18232 |        0 |    26977 |   2015-07-01    00:00:00
 ===============================================================================
       26977  particles calculated
       18232  particles exited the space and time domain
           0  particles flagged with errors
        8745  particles in domain
 -------------------------------------------------------------------------------
 
 ===============================================================================
 End date  : 2026-03-18
 End time  : 14:33:41
 ===============================================================================
