 ===============================================================================
              TRACMASS Lagrangian off-line particle tracking 
 ===============================================================================
 
 Start date  : 2026-03-18
 Start time  : 15:24:42
 
 -------------------------------------------------------------------------------
 
 Model information:
 Project code  : project_1m_RAPID/eORCA1
 Case name     : eORCA1_12_1999_25_1m
 Namelist file : /tmp/tracmass_1999_12_416886/project_1m_RAPID/eORCA1/eORCA1_files/1999/namelist_eORCA1_12_1999_25_1m.in
 
 -------------------------------------------------------------------------------
 
 Configuration options:
  - Forward in time (nff = 1)
  - A subdomain has been choosen
      i index:   185 - 296  
      j index:   197 - 311  
  - Three-dimensional trajectories (vertical fluxes computed)
  - Evaluate the value of these tracers along the trajectories:
     1- mld (m) 
     2- q (wm-2) 
     3- temp (degC) 
     4- sal (gkg-1) 
 
 -------------------------------------------------------------------------------
 
 imindom:         186 jmindom:         198 imt:         112 jmt:         115
 Output information:
 Directory for output files : /dssgfs01/scratch/emdh1n25/project_1m_RAPID/eORCA1/eORCA1_output/1999/
 Prefix for output files    : ORCA1_NPD_12_1999_25_1m
 
 -------------------------------------------------------------------------------
 
 Start date in model-time     : 1999-12-01 00:00
 End date in model-time       : 2024-11-01 00:00
 Length of run in timesteps   :    300
 Number of seeding timesteps  :      1
 Time integration scheme      : regular time step scheme
 Steps between two GCM fields :    100
 
 -------------------------------------------------------------------------------
 t-step        run        out        err        tot                 model date
 -------------------------------------------------------------------------------
      1 |    27275 |        0 |        0 |    27275 |   1999-12-01    00:00:00
      2 |    26445 |      830 |        0 |    27275 |   2000-01-01    00:00:00
      3 |    24970 |     2305 |        0 |    27275 |   2000-02-01    00:00:00
      4 |    24456 |     2819 |        0 |    27275 |   2000-03-01    00:00:00
      5 |    24136 |     3139 |        0 |    27275 |   2000-04-01    00:00:00
      6 |    23845 |     3430 |        0 |    27275 |   2000-05-01    00:00:00
      7 |    23562 |     3713 |        0 |    27275 |   2000-06-01    00:00:00
      8 |    23326 |     3949 |        0 |    27275 |   2000-07-01    00:00:00
      9 |    23066 |     4209 |        0 |    27275 |   2000-08-01    00:00:00
     10 |    22892 |     4383 |        0 |    27275 |   2000-09-01    00:00:00
     11 |    22753 |     4522 |        0 |    27275 |   2000-10-01    00:00:00
     12 |    22592 |     4683 |        0 |    27275 |   2000-11-01    00:00:00
     13 |    22424 |     4851 |        0 |    27275 |   2000-12-01    00:00:00
     14 |    22316 |     4959 |        0 |    27275 |   2001-01-01    00:00:00
     15 |    22171 |     5104 |        0 |    27275 |   2001-02-01    00:00:00
     16 |    22040 |     5235 |        0 |    27275 |   2001-03-01    00:00:00
     17 |    21961 |     5314 |        0 |    27275 |   2001-04-01    00:00:00
     18 |    21880 |     5395 |        0 |    27275 |   2001-05-01    00:00:00
     19 |    21814 |     5461 |        0 |    27275 |   2001-06-01    00:00:00
     20 |    21728 |     5547 |        0 |    27275 |   2001-07-01    00:00:00
     21 |    21645 |     5630 |        0 |    27275 |   2001-08-01    00:00:00
     22 |    21587 |     5688 |        0 |    27275 |   2001-09-01    00:00:00
     23 |    21524 |     5751 |        0 |    27275 |   2001-10-01    00:00:00
     24 |    21454 |     5821 |        0 |    27275 |   2001-11-01    00:00:00
     25 |    21384 |     5891 |        0 |    27275 |   2001-12-01    00:00:00
     26 |    21313 |     5962 |        0 |    27275 |   2002-01-01    00:00:00
     27 |    21267 |     6008 |        0 |    27275 |   2002-02-01    00:00:00
     28 |    21176 |     6099 |        0 |    27275 |   2002-03-01    00:00:00
     29 |    21091 |     6184 |        0 |    27275 |   2002-04-01    00:00:00
     30 |    20991 |     6284 |        0 |    27275 |   2002-05-01    00:00:00
     31 |    20888 |     6387 |        0 |    27275 |   2002-06-01    00:00:00
     32 |    20744 |     6531 |        0 |    27275 |   2002-07-01    00:00:00
     33 |    20606 |     6669 |        0 |    27275 |   2002-08-01    00:00:00
     34 |    20472 |     6803 |        0 |    27275 |   2002-09-01    00:00:00
     35 |    20288 |     6987 |        0 |    27275 |   2002-10-01    00:00:00
     36 |    20178 |     7097 |        0 |    27275 |   2002-11-01    00:00:00
     37 |    20073 |     7202 |        0 |    27275 |   2002-12-01    00:00:00
     38 |    19978 |     7297 |        0 |    27275 |   2003-01-01    00:00:00
     39 |    19874 |     7401 |        0 |    27275 |   2003-02-01    00:00:00
     40 |    19769 |     7506 |        0 |    27275 |   2003-03-01    00:00:00
     41 |    19629 |     7646 |        0 |    27275 |   2003-04-01    00:00:00
     42 |    19526 |     7749 |        0 |    27275 |   2003-05-01    00:00:00
     43 |    19419 |     7856 |        0 |    27275 |   2003-06-01    00:00:00
     44 |    19252 |     8023 |        0 |    27275 |   2003-07-01    00:00:00
     45 |    19083 |     8192 |        0 |    27275 |   2003-08-01    00:00:00
     46 |    18915 |     8360 |        0 |    27275 |   2003-09-01    00:00:00
     47 |    18784 |     8491 |        0 |    27275 |   2003-10-01    00:00:00
     48 |    18682 |     8593 |        0 |    27275 |   2003-11-01    00:00:00
     49 |    18573 |     8702 |        0 |    27275 |   2003-12-01    00:00:00
     50 |    18458 |     8817 |        0 |    27275 |   2004-01-01    00:00:00
     51 |    18361 |     8914 |        0 |    27275 |   2004-02-01    00:00:00
     52 |    18271 |     9004 |        0 |    27275 |   2004-03-01    00:00:00
     53 |    18171 |     9104 |        0 |    27275 |   2004-04-01    00:00:00
     54 |    18063 |     9212 |        0 |    27275 |   2004-05-01    00:00:00
     55 |    17933 |     9342 |        0 |    27275 |   2004-06-01    00:00:00
     56 |    17818 |     9457 |        0 |    27275 |   2004-07-01    00:00:00
     57 |    17716 |     9559 |        0 |    27275 |   2004-08-01    00:00:00
     58 |    17578 |     9697 |        0 |    27275 |   2004-09-01    00:00:00
     59 |    17463 |     9812 |        0 |    27275 |   2004-10-01    00:00:00
     60 |    17332 |     9943 |        0 |    27275 |   2004-11-01    00:00:00
     61 |    17193 |    10082 |        0 |    27275 |   2004-12-01    00:00:00
     62 |    17051 |    10224 |        0 |    27275 |   2005-01-01    00:00:00
     63 |    16915 |    10360 |        0 |    27275 |   2005-02-01    00:00:00
     64 |    16825 |    10450 |        0 |    27275 |   2005-03-01    00:00:00
     65 |    16751 |    10524 |        0 |    27275 |   2005-04-01    00:00:00
     66 |    16673 |    10602 |        0 |    27275 |   2005-05-01    00:00:00
     67 |    16547 |    10728 |        0 |    27275 |   2005-06-01    00:00:00
     68 |    16433 |    10842 |        0 |    27275 |   2005-07-01    00:00:00
     69 |    16331 |    10944 |        0 |    27275 |   2005-08-01    00:00:00
     70 |    16217 |    11058 |        0 |    27275 |   2005-09-01    00:00:00
     71 |    16073 |    11202 |        0 |    27275 |   2005-10-01    00:00:00
     72 |    15991 |    11284 |        0 |    27275 |   2005-11-01    00:00:00
     73 |    15899 |    11376 |        0 |    27275 |   2005-12-01    00:00:00
     74 |    15759 |    11516 |        0 |    27275 |   2006-01-01    00:00:00
     75 |    15640 |    11635 |        0 |    27275 |   2006-02-01    00:00:00
     76 |    15545 |    11730 |        0 |    27275 |   2006-03-01    00:00:00
     77 |    15460 |    11815 |        0 |    27275 |   2006-04-01    00:00:00
     78 |    15389 |    11886 |        0 |    27275 |   2006-05-01    00:00:00
     79 |    15311 |    11964 |        0 |    27275 |   2006-06-01    00:00:00
     80 |    15234 |    12041 |        0 |    27275 |   2006-07-01    00:00:00
     81 |    15157 |    12118 |        0 |    27275 |   2006-08-01    00:00:00
     82 |    15048 |    12227 |        0 |    27275 |   2006-09-01    00:00:00
     83 |    14943 |    12332 |        0 |    27275 |   2006-10-01    00:00:00
     84 |    14843 |    12432 |        0 |    27275 |   2006-11-01    00:00:00
     85 |    14742 |    12533 |        0 |    27275 |   2006-12-01    00:00:00
     86 |    14642 |    12633 |        0 |    27275 |   2007-01-01    00:00:00
     87 |    14532 |    12743 |        0 |    27275 |   2007-02-01    00:00:00
     88 |    14448 |    12827 |        0 |    27275 |   2007-03-01    00:00:00
     89 |    14354 |    12921 |        0 |    27275 |   2007-04-01    00:00:00
     90 |    14257 |    13018 |        0 |    27275 |   2007-05-01    00:00:00
     91 |    14154 |    13121 |        0 |    27275 |   2007-06-01    00:00:00
     92 |    14055 |    13220 |        0 |    27275 |   2007-07-01    00:00:00
     93 |    13934 |    13341 |        0 |    27275 |   2007-08-01    00:00:00
     94 |    13809 |    13466 |        0 |    27275 |   2007-09-01    00:00:00
     95 |    13672 |    13603 |        0 |    27275 |   2007-10-01    00:00:00
     96 |    13552 |    13723 |        0 |    27275 |   2007-11-01    00:00:00
     97 |    13449 |    13826 |        0 |    27275 |   2007-12-01    00:00:00
     98 |    13347 |    13928 |        0 |    27275 |   2008-01-01    00:00:00
     99 |    13246 |    14029 |        0 |    27275 |   2008-02-01    00:00:00
    100 |    13128 |    14147 |        0 |    27275 |   2008-03-01    00:00:00
    101 |    13024 |    14251 |        0 |    27275 |   2008-04-01    00:00:00
    102 |    12924 |    14351 |        0 |    27275 |   2008-05-01    00:00:00
    103 |    12799 |    14476 |        0 |    27275 |   2008-06-01    00:00:00
    104 |    12676 |    14599 |        0 |    27275 |   2008-07-01    00:00:00
    105 |    12560 |    14715 |        0 |    27275 |   2008-08-01    00:00:00
    106 |    12425 |    14850 |        0 |    27275 |   2008-09-01    00:00:00
    107 |    12342 |    14933 |        0 |    27275 |   2008-10-01    00:00:00
    108 |    12254 |    15021 |        0 |    27275 |   2008-11-01    00:00:00
    109 |    12179 |    15096 |        0 |    27275 |   2008-12-01    00:00:00
    110 |    12091 |    15184 |        0 |    27275 |   2009-01-01    00:00:00
    111 |    12003 |    15272 |        0 |    27275 |   2009-02-01    00:00:00
    112 |    11913 |    15362 |        0 |    27275 |   2009-03-01    00:00:00
    113 |    11836 |    15439 |        0 |    27275 |   2009-04-01    00:00:00
    114 |    11770 |    15505 |        0 |    27275 |   2009-05-01    00:00:00
    115 |    11689 |    15586 |        0 |    27275 |   2009-06-01    00:00:00
    116 |    11638 |    15637 |        0 |    27275 |   2009-07-01    00:00:00
    117 |    11576 |    15699 |        0 |    27275 |   2009-08-01    00:00:00
    118 |    11517 |    15758 |        0 |    27275 |   2009-09-01    00:00:00
    119 |    11452 |    15823 |        0 |    27275 |   2009-10-01    00:00:00
    120 |    11395 |    15880 |        0 |    27275 |   2009-11-01    00:00:00
    121 |    11321 |    15954 |        0 |    27275 |   2009-12-01    00:00:00
    122 |    11250 |    16025 |        0 |    27275 |   2010-01-01    00:00:00
    123 |    11174 |    16101 |        0 |    27275 |   2010-02-01    00:00:00
    124 |    11119 |    16156 |        0 |    27275 |   2010-03-01    00:00:00
    125 |    11065 |    16210 |        0 |    27275 |   2010-04-01    00:00:00
    126 |    11006 |    16269 |        0 |    27275 |   2010-05-01    00:00:00
    127 |    10960 |    16315 |        0 |    27275 |   2010-06-01    00:00:00
    128 |    10889 |    16386 |        0 |    27275 |   2010-07-01    00:00:00
    129 |    10834 |    16441 |        0 |    27275 |   2010-08-01    00:00:00
    130 |    10760 |    16515 |        0 |    27275 |   2010-09-01    00:00:00
    131 |    10693 |    16582 |        0 |    27275 |   2010-10-01    00:00:00
    132 |    10601 |    16674 |        0 |    27275 |   2010-11-01    00:00:00
    133 |    10527 |    16748 |        0 |    27275 |   2010-12-01    00:00:00
    134 |    10451 |    16824 |        0 |    27275 |   2011-01-01    00:00:00
    135 |    10360 |    16915 |        0 |    27275 |   2011-02-01    00:00:00
    136 |    10291 |    16984 |        0 |    27275 |   2011-03-01    00:00:00
    137 |    10211 |    17064 |        0 |    27275 |   2011-04-01    00:00:00
    138 |    10127 |    17148 |        0 |    27275 |   2011-05-01    00:00:00
    139 |    10053 |    17222 |        0 |    27275 |   2011-06-01    00:00:00
    140 |    10006 |    17269 |        0 |    27275 |   2011-07-01    00:00:00
    141 |     9959 |    17316 |        0 |    27275 |   2011-08-01    00:00:00
    142 |     9899 |    17376 |        0 |    27275 |   2011-09-01    00:00:00
    143 |     9836 |    17439 |        0 |    27275 |   2011-10-01    00:00:00
    144 |     9781 |    17494 |        0 |    27275 |   2011-11-01    00:00:00
    145 |     9730 |    17545 |        0 |    27275 |   2011-12-01    00:00:00
    146 |     9684 |    17591 |        0 |    27275 |   2012-01-01    00:00:00
    147 |     9622 |    17653 |        0 |    27275 |   2012-02-01    00:00:00
    148 |     9563 |    17712 |        0 |    27275 |   2012-03-01    00:00:00
    149 |     9504 |    17771 |        0 |    27275 |   2012-04-01    00:00:00
    150 |     9440 |    17835 |        0 |    27275 |   2012-05-01    00:00:00
    151 |     9400 |    17875 |        0 |    27275 |   2012-06-01    00:00:00
    152 |     9356 |    17919 |        0 |    27275 |   2012-07-01    00:00:00
    153 |     9303 |    17972 |        0 |    27275 |   2012-08-01    00:00:00
    154 |     9250 |    18025 |        0 |    27275 |   2012-09-01    00:00:00
    155 |     9216 |    18059 |        0 |    27275 |   2012-10-01    00:00:00
    156 |     9167 |    18108 |        0 |    27275 |   2012-11-01    00:00:00
    157 |     9129 |    18146 |        0 |    27275 |   2012-12-01    00:00:00
    158 |     9088 |    18187 |        0 |    27275 |   2013-01-01    00:00:00
    159 |     9037 |    18238 |        0 |    27275 |   2013-02-01    00:00:00
    160 |     8997 |    18278 |        0 |    27275 |   2013-03-01    00:00:00
    161 |     8961 |    18314 |        0 |    27275 |   2013-04-01    00:00:00
    162 |     8923 |    18352 |        0 |    27275 |   2013-05-01    00:00:00
    163 |     8883 |    18392 |        0 |    27275 |   2013-06-01    00:00:00
    164 |     8831 |    18444 |        0 |    27275 |   2013-07-01    00:00:00
    165 |     8785 |    18490 |        0 |    27275 |   2013-08-01    00:00:00
    166 |     8723 |    18552 |        0 |    27275 |   2013-09-01    00:00:00
    167 |     8677 |    18598 |        0 |    27275 |   2013-10-01    00:00:00
    168 |     8636 |    18639 |        0 |    27275 |   2013-11-01    00:00:00
    169 |     8597 |    18678 |        0 |    27275 |   2013-12-01    00:00:00
    170 |     8553 |    18722 |        0 |    27275 |   2014-01-01    00:00:00
    171 |     8512 |    18763 |        0 |    27275 |   2014-02-01    00:00:00
    172 |     8476 |    18799 |        0 |    27275 |   2014-03-01    00:00:00
    173 |     8438 |    18837 |        0 |    27275 |   2014-04-01    00:00:00
    174 |     8398 |    18877 |        0 |    27275 |   2014-05-01    00:00:00
    175 |     8372 |    18903 |        0 |    27275 |   2014-06-01    00:00:00
    176 |     8340 |    18935 |        0 |    27275 |   2014-07-01    00:00:00
    177 |     8301 |    18974 |        0 |    27275 |   2014-08-01    00:00:00
    178 |     8266 |    19009 |        0 |    27275 |   2014-09-01    00:00:00
    179 |     8241 |    19034 |        0 |    27275 |   2014-10-01    00:00:00
    180 |     8217 |    19058 |        0 |    27275 |   2014-11-01    00:00:00
    181 |     8191 |    19084 |        0 |    27275 |   2014-12-01    00:00:00
    182 |     8161 |    19114 |        0 |    27275 |   2015-01-01    00:00:00
    183 |     8134 |    19141 |        0 |    27275 |   2015-02-01    00:00:00
    184 |     8113 |    19162 |        0 |    27275 |   2015-03-01    00:00:00
    185 |     8091 |    19184 |        0 |    27275 |   2015-04-01    00:00:00
    186 |     8076 |    19199 |        0 |    27275 |   2015-05-01    00:00:00
    187 |     8050 |    19225 |        0 |    27275 |   2015-06-01    00:00:00
    188 |     8031 |    19244 |        0 |    27275 |   2015-07-01    00:00:00
    189 |     8015 |    19260 |        0 |    27275 |   2015-08-01    00:00:00
    190 |     7998 |    19277 |        0 |    27275 |   2015-09-01    00:00:00
    191 |     7977 |    19298 |        0 |    27275 |   2015-10-01    00:00:00
    192 |     7960 |    19315 |        0 |    27275 |   2015-11-01    00:00:00
    193 |     7942 |    19333 |        0 |    27275 |   2015-12-01    00:00:00
    194 |     7931 |    19344 |        0 |    27275 |   2016-01-01    00:00:00
    195 |     7898 |    19377 |        0 |    27275 |   2016-02-01    00:00:00
    196 |     7876 |    19399 |        0 |    27275 |   2016-03-01    00:00:00
    197 |     7863 |    19412 |        0 |    27275 |   2016-04-01    00:00:00
    198 |     7840 |    19435 |        0 |    27275 |   2016-05-01    00:00:00
    199 |     7827 |    19448 |        0 |    27275 |   2016-06-01    00:00:00
    200 |     7798 |    19477 |        0 |    27275 |   2016-07-01    00:00:00
    201 |     7777 |    19498 |        0 |    27275 |   2016-08-01    00:00:00
    202 |     7762 |    19513 |        0 |    27275 |   2016-09-01    00:00:00
    203 |     7740 |    19535 |        0 |    27275 |   2016-10-01    00:00:00
    204 |     7728 |    19547 |        0 |    27275 |   2016-11-01    00:00:00
    205 |     7702 |    19573 |        0 |    27275 |   2016-12-01    00:00:00
    206 |     7673 |    19602 |        0 |    27275 |   2017-01-01    00:00:00
    207 |     7645 |    19630 |        0 |    27275 |   2017-02-01    00:00:00
    208 |     7626 |    19649 |        0 |    27275 |   2017-03-01    00:00:00
    209 |     7606 |    19669 |        0 |    27275 |   2017-04-01    00:00:00
    210 |     7583 |    19692 |        0 |    27275 |   2017-05-01    00:00:00
    211 |     7571 |    19704 |        0 |    27275 |   2017-06-01    00:00:00
    212 |     7561 |    19714 |        0 |    27275 |   2017-07-01    00:00:00
    213 |     7543 |    19732 |        0 |    27275 |   2017-08-01    00:00:00
    214 |     7528 |    19747 |        0 |    27275 |   2017-09-01    00:00:00
    215 |     7516 |    19759 |        0 |    27275 |   2017-10-01    00:00:00
    216 |     7496 |    19779 |        0 |    27275 |   2017-11-01    00:00:00
    217 |     7486 |    19789 |        0 |    27275 |   2017-12-01    00:00:00
    218 |     7476 |    19799 |        0 |    27275 |   2018-01-01    00:00:00
    219 |     7466 |    19809 |        0 |    27275 |   2018-02-01    00:00:00
    220 |     7456 |    19819 |        0 |    27275 |   2018-03-01    00:00:00
    221 |     7441 |    19834 |        0 |    27275 |   2018-04-01    00:00:00
    222 |     7420 |    19855 |        0 |    27275 |   2018-05-01    00:00:00
    223 |     7402 |    19873 |        0 |    27275 |   2018-06-01    00:00:00
    224 |     7389 |    19886 |        0 |    27275 |   2018-07-01    00:00:00
    225 |     7375 |    19900 |        0 |    27275 |   2018-08-01    00:00:00
    226 |     7359 |    19916 |        0 |    27275 |   2018-09-01    00:00:00
    227 |     7343 |    19932 |        0 |    27275 |   2018-10-01    00:00:00
    228 |     7332 |    19943 |        0 |    27275 |   2018-11-01    00:00:00
    229 |     7319 |    19956 |        0 |    27275 |   2018-12-01    00:00:00
    230 |     7305 |    19970 |        0 |    27275 |   2019-01-01    00:00:00
    231 |     7294 |    19981 |        0 |    27275 |   2019-02-01    00:00:00
    232 |     7280 |    19995 |        0 |    27275 |   2019-03-01    00:00:00
    233 |     7266 |    20009 |        0 |    27275 |   2019-04-01    00:00:00
    234 |     7255 |    20020 |        0 |    27275 |   2019-05-01    00:00:00
    235 |     7246 |    20029 |        0 |    27275 |   2019-06-01    00:00:00
    236 |     7231 |    20044 |        0 |    27275 |   2019-07-01    00:00:00
    237 |     7225 |    20050 |        0 |    27275 |   2019-08-01    00:00:00
    238 |     7214 |    20061 |        0 |    27275 |   2019-09-01    00:00:00
    239 |     7200 |    20075 |        0 |    27275 |   2019-10-01    00:00:00
    240 |     7193 |    20082 |        0 |    27275 |   2019-11-01    00:00:00
    241 |     7178 |    20097 |        0 |    27275 |   2019-12-01    00:00:00
    242 |     7170 |    20105 |        0 |    27275 |   2020-01-01    00:00:00
    243 |     7154 |    20121 |        0 |    27275 |   2020-02-01    00:00:00
    244 |     7143 |    20132 |        0 |    27275 |   2020-03-01    00:00:00
    245 |     7126 |    20149 |        0 |    27275 |   2020-04-01    00:00:00
    246 |     7108 |    20167 |        0 |    27275 |   2020-05-01    00:00:00
    247 |     7100 |    20175 |        0 |    27275 |   2020-06-01    00:00:00
    248 |     7087 |    20188 |        0 |    27275 |   2020-07-01    00:00:00
    249 |     7078 |    20197 |        0 |    27275 |   2020-08-01    00:00:00
    250 |     7068 |    20207 |        0 |    27275 |   2020-09-01    00:00:00
    251 |     7058 |    20217 |        0 |    27275 |   2020-10-01    00:00:00
    252 |     7045 |    20230 |        0 |    27275 |   2020-11-01    00:00:00
    253 |     7034 |    20241 |        0 |    27275 |   2020-12-01    00:00:00
    254 |     7019 |    20256 |        0 |    27275 |   2021-01-01    00:00:00
    255 |     7008 |    20267 |        0 |    27275 |   2021-02-01    00:00:00
    256 |     7000 |    20275 |        0 |    27275 |   2021-03-01    00:00:00
    257 |     6991 |    20284 |        0 |    27275 |   2021-04-01    00:00:00
    258 |     6980 |    20295 |        0 |    27275 |   2021-05-01    00:00:00
    259 |     6968 |    20307 |        0 |    27275 |   2021-06-01    00:00:00
    260 |     6955 |    20320 |        0 |    27275 |   2021-07-01    00:00:00
    261 |     6945 |    20330 |        0 |    27275 |   2021-08-01    00:00:00
    262 |     6934 |    20341 |        0 |    27275 |   2021-09-01    00:00:00
    263 |     6925 |    20350 |        0 |    27275 |   2021-10-01    00:00:00
    264 |     6920 |    20355 |        0 |    27275 |   2021-11-01    00:00:00
    265 |     6913 |    20362 |        0 |    27275 |   2021-12-01    00:00:00
    266 |     6902 |    20373 |        0 |    27275 |   2022-01-01    00:00:00
    267 |     6897 |    20378 |        0 |    27275 |   2022-02-01    00:00:00
    268 |     6890 |    20385 |        0 |    27275 |   2022-03-01    00:00:00
    269 |     6879 |    20396 |        0 |    27275 |   2022-04-01    00:00:00
    270 |     6871 |    20404 |        0 |    27275 |   2022-05-01    00:00:00
    271 |     6862 |    20413 |        0 |    27275 |   2022-06-01    00:00:00
    272 |     6852 |    20423 |        0 |    27275 |   2022-07-01    00:00:00
    273 |     6836 |    20439 |        0 |    27275 |   2022-08-01    00:00:00
    274 |     6828 |    20447 |        0 |    27275 |   2022-09-01    00:00:00
    275 |     6813 |    20462 |        0 |    27275 |   2022-10-01    00:00:00
    276 |     6803 |    20472 |        0 |    27275 |   2022-11-01    00:00:00
    277 |     6797 |    20478 |        0 |    27275 |   2022-12-01    00:00:00
    278 |     6789 |    20486 |        0 |    27275 |   2023-01-01    00:00:00
    279 |     6774 |    20501 |        0 |    27275 |   2023-02-01    00:00:00
    280 |     6767 |    20508 |        0 |    27275 |   2023-03-01    00:00:00
    281 |     6755 |    20520 |        0 |    27275 |   2023-04-01    00:00:00
    282 |     6743 |    20532 |        0 |    27275 |   2023-05-01    00:00:00
    283 |     6734 |    20541 |        0 |    27275 |   2023-06-01    00:00:00
    284 |     6729 |    20546 |        0 |    27275 |   2023-07-01    00:00:00
    285 |     6725 |    20550 |        0 |    27275 |   2023-08-01    00:00:00
    286 |     6722 |    20553 |        0 |    27275 |   2023-09-01    00:00:00
    287 |     6714 |    20561 |        0 |    27275 |   2023-10-01    00:00:00
    288 |     6709 |    20566 |        0 |    27275 |   2023-11-01    00:00:00
    289 |     6704 |    20571 |        0 |    27275 |   2023-12-01    00:00:00
    290 |     6698 |    20577 |        0 |    27275 |   2024-01-01    00:00:00
    291 |     6694 |    20581 |        0 |    27275 |   2024-02-01    00:00:00
    292 |     6689 |    20586 |        0 |    27275 |   2024-03-01    00:00:00
    293 |     6684 |    20591 |        0 |    27275 |   2024-04-01    00:00:00
    294 |     6679 |    20596 |        0 |    27275 |   2024-05-01    00:00:00
    295 |     6670 |    20605 |        0 |    27275 |   2024-06-01    00:00:00
    296 |     6663 |    20612 |        0 |    27275 |   2024-07-01    00:00:00
    297 |     6659 |    20616 |        0 |    27275 |   2024-08-01    00:00:00
    298 |     6652 |    20623 |        0 |    27275 |   2024-09-01    00:00:00
    299 |     6649 |    20626 |        0 |    27275 |   2024-10-01    00:00:00
    300 |     6640 |    20635 |        0 |    27275 |   2024-11-01    00:00:00
 ===============================================================================
       27275  particles calculated
       20635  particles exited the space and time domain
           0  particles flagged with errors
        6640  particles in domain
 -------------------------------------------------------------------------------
 
 ===============================================================================
 End date  : 2026-03-18
 End time  : 15:40:32
 ===============================================================================
